--------- beginning of system
I/SFPerfTracer(  240):      triggers: (rate: 16:622) (903751 sw vsyncs) (0 skipped) (0:769243 vsyncs) (1:1697558)
I/SFPerfTracer(  240):      triggers: (rate: 185:8445) (compose: 0:170) (post: 0:428) (render: 0:470) (0:230604 frames) (1:277711)
D/SFPerfTracer(  240):        layers: (3:11) (FocusedStackFrame (0xb795c1e0): 0:4451)* (DimLayer (0xb7a09938): 0:678)* (DimLayer (0xb79fb730): 0:4046)* (DimLayer (0xb7a00e58): 0:929)* (StatusBar (0xb79d0168): 0:33614) (com.android.systemui.ImageWallpaper (0xb79e3c48): 0:2029)* (NavigationBar (0xb7a28600): 0:3731) (com.android.chrome/com.google.android.apps.chrome.Main (0xb7a16808): 0:473)* (SurfaceView (0xb7991fb0): 0:11015) (com.android.systemui/com.android.systemui.usb.UsbDebuggingActivity (0xb7a18d20): 0:74)- 
V/AlarmManager(  969): sending alarm {493856e type 2 *walarm*:com.google.android.gms.gcm.HEARTBEAT_ALARM}
V/AlarmManager(  969): done {493856e, *walarm*:com.google.android.gms.gcm.HEARTBEAT_ALARM} [11ms]
I/ActivityManager(  969): START u0 {act=android.intent.action.MAIN cat=[android.intent.category.HOME] flg=0x10200000 cmp=com.google.android.googlequicksearchbox/com.google.android.launcher.GEL} from uid 1000 on display 0
V/WindowManager(  969): ** SHOWING status bar: top is not fullscreen
V/WindowManager(  969): ** SHOWING status bar: top is not fullscreen
D/ConnectivityService(  969): releasing NetworkRequest NetworkRequest [ id=292, legacyType=-1, [ Capabilities: INTERNET&NOT_RESTRICTED&TRUSTED] ]
D/WindowManager(  969): IKSWL-9411 focusChangedLw lastFocus=Window{32e1e271 u0 com.android.chrome/com.google.android.apps.chrome.Main} newFocus=null
I/ActivityManager(  969): Killing 885:com.google.process.gapps/u0a17 (adj 15): empty #7
I/ActivityManager(  969): Killing 926:android.process.acore/u0a8 (adj 15): empty #8
I/ActivityManager(  969): Killing 852:com.google.android.apps.plus/u0a91 (adj 15): empty #9
V/WindowManager(  969): Based on layer: Adding window Window{7c4e180 u0 com.google.android.googlequicksearchbox/com.google.android.launcher.GEL} at 3 of 9
D/WindowManager(  969): IKSWL-9411 focusChangedLw lastFocus=null newFocus=Window{7c4e180 u0 com.google.android.googlequicksearchbox/com.google.android.launcher.GEL}
V/WindowManager(  969): not Base app: Adding window Window{264393fe u0 com.google.android.googlequicksearchbox/com.google.android.launcher.GEL} at 4 of 10
D/WindowManager(  969): IKSWL-9411 focusChangedLw lastFocus=Window{7c4e180 u0 com.google.android.googlequicksearchbox/com.google.android.launcher.GEL} newFocus=Window{264393fe u0 com.google.android.googlequicksearchbox/com.google.android.launcher.GEL}
V/WindowManager(  969): ** SHOWING status bar: top is not fullscreen
V/WindowManager(  969): ** SHOWING status bar: top is not fullscreen
W/InputMethodManagerService(  969): Focus gain on non-focused client com.android.internal.view.IInputMethodClient$Stub$Proxy@22a433db (uid=10046 pid=1555)
D/WindowManager(  969): IKSWL-9411 focusChangedLw lastFocus=Window{264393fe u0 com.google.android.googlequicksearchbox/com.google.android.launcher.GEL} newFocus=Window{7c4e180 u0 com.google.android.googlequicksearchbox/com.google.android.launcher.GEL}
V/WindowManager(  969): ** SHOWING status bar: top is not fullscreen
V/WindowManager(  969): ** SHOWING status bar: top is not fullscreen
V/WindowManager(  969): ** SHOWING status bar: top is not fullscreen
V/WindowManager(  969): ** SHOWING status bar: top is not fullscreen
I/SFPerfTracer(  240):      triggers: (rate: 185:8445) (compose: 0:170) (post: 0:428) (render: 0:470) (0:230637 frames) (1:277811)
D/SFPerfTracer(  240):        layers: (3:12) (FocusedStackFrame (0xb795c1e0): 0:4452)* (DimLayer (0xb7a09938): 0:678)* (DimLayer (0xb79fb730): 0:4046)* (DimLayer (0xb7a00e58): 0:929)* (StatusBar (0xb79d0168): 0:33646) (com.android.systemui.ImageWallpaper (0xb79e3c48): 0:2029)* (NavigationBar (0xb7a28600): 0:3764) (com.android.chrome/com.google.android.apps.chrome.Main (0xb7a16808): 0:473)* (SurfaceView (0xb7991fb0): 0:11016) (com.google.android.googlequicksearchbox/com.google.android.launcher.GEL (0xb79e74d8): 1:4)* (com.google.android.googlequicksearchbox/com.google.android.launcher.GEL (0xb79ce740): 1:1)* 
V/WindowManager(  969): ** SHOWING status bar: top is not fullscreen
V/WindowManager(  969): ** SHOWING status bar: top is not fullscreen
I/LaunchCheckinHandler(  969): Displayed com.google.android.googlequicksearchbox/com.google.android.launcher.GEL,wp,ca,909
V/WindowManager(  969): ** SHOWING status bar: top is not fullscreen
V/WindowManager(  969): ** SHOWING status bar: top is not fullscreen
V/WindowManager(  969): ** SHOWING status bar: top is not fullscreen
V/WindowManager(  969): ** SHOWING status bar: top is not fullscreen
V/WindowManager(  969): ** SHOWING status bar: top is not fullscreen
V/WindowManager(  969): ** SHOWING status bar: top is not fullscreen
V/WindowManager(  969): ** SHOWING status bar: top is not fullscreen
I/SFPerfTracer(  240):      triggers: (rate: 16:622) (903751 sw vsyncs) (0 skipped) (83:769334 vsyncs) (85:1697691)
V/AlarmManager(  969): sending alarm {2b4e4da0 type 3 *alarm*:android.intent.action.TIME_TICK}
V/AlarmManager(  969): done {2b4e4da0, *alarm*:android.intent.action.TIME_TICK} [31ms]
I/ActivityManager(  969): START u0 {act=android.intent.action.MAIN cat=[android.intent.category.LAUNCHER] flg=0x10200000 cmp=com.example.app1/.MainActivity (has extras)} from uid 10046 on display 0
D/WindowManager(  969): IKSWL-9411 focusChangedLw lastFocus=Window{7c4e180 u0 com.google.android.googlequicksearchbox/com.google.android.launcher.GEL} newFocus=null
V/WindowManager(  969): ** SHOWING status bar: top is not fullscreen
V/WindowManager(  969): addAppToken: AppWindowToken{1dd5a1a3 token=Token{35ec0cd2 ActivityRecord{321f7b5d u0 com.example.app1/.MainActivity t632}}} to stack=1 task=632 at 0
V/WindowManager(  969): Based on layer: Adding window Window{3f00642a u0 Starting com.example.app1} at 3 of 9
W/BroadcastQueue(  969): Permission Denial: receiving Intent { act=com.android.launcher3.action.LAUNCH flg=0x10 pkg=com.google.android.googlequicksearchbox (has extras) } to com.google.android.googlequicksearchbox/com.google.android.apps.gsa.reflection.ReflectionReceiver requires com.android.launcher3.permission.RECEIVE_LAUNCH_BROADCASTS due to sender com.google.android.googlequicksearchbox (uid 10046)
W/BroadcastQueue(  969): Permission Denial: receiving Intent { act=com.android.launcher3.action.LAUNCH flg=0x10 pkg=com.google.android.gms (has extras) } to com.google.android.gms/.chimera.GmsIntentOperationService$GmsExternalReceiver requires com.android.launcher3.permission.RECEIVE_LAUNCH_BROADCASTS due to sender com.google.android.googlequicksearchbox (uid 10046)
V/WindowManager(  969): ** SHOWING status bar: top is not fullscreen
V/WindowManager(  969): ** SHOWING status bar: top is not fullscreen
V/WindowManager(  969): ** SHOWING status bar: top is not fullscreen
I/ActivityManager(  969): Start proc 6082:com.example.app1/u0a277 for activity com.example.app1/.MainActivity
V/WindowManager(  969): ** SHOWING status bar: top is not fullscreen
V/WindowManager(  969): ** SHOWING status bar: top is not fullscreen
V/WindowManager(  969): ** SHOWING status bar: top is not fullscreen
V/WindowManager(  969): ** SHOWING status bar: top is not fullscreen
V/WindowManager(  969): Adding window Window{2f423993 u0 com.example.app1/com.example.app1.MainActivity} at 3 of 10 (before Window{3f00642a u0 Starting com.example.app1})
V/WindowManager(  969): ** SHOWING status bar: top is not fullscreen
D/WindowManager(  969): IKSWL-9411 focusChangedLw lastFocus=null newFocus=Window{2f423993 u0 com.example.app1/com.example.app1.MainActivity}
V/WindowManager(  969): ** SHOWING status bar: top is not fullscreen
V/WindowManager(  969): ** SHOWING status bar: top is not fullscreen
V/WindowManager(  969): ** SHOWING status bar: top is not fullscreen
V/WindowManager(  969): ** SHOWING status bar: top is not fullscreen
V/WindowManager(  969): ** SHOWING status bar: top is not fullscreen
V/WindowManager(  969): ** SHOWING status bar: top is not fullscreen
I/LaunchCheckinHandler(  969): Displayed com.example.app1/.MainActivity,cp,ca,569
V/WindowManager(  969): ** SHOWING status bar: top is not fullscreen
V/WindowManager(  969): ** SHOWING status bar: top is not fullscreen
V/WindowManager(  969): ** SHOWING status bar: top is not fullscreen
I/SFPerfTracer(  240):      triggers: (rate: 185:8451) (compose: 0:170) (post: 0:428) (render: 0:470) (2:230716 frames) (3:277912)
D/SFPerfTracer(  240):        layers: (4:14) (FocusedStackFrame (0xb795c1e0): 0:4456)* (DimLayer (0xb7a09938): 0:678)* (DimLayer (0xb79fb730): 0:4046)* (DimLayer (0xb7a00e58): 0:931)* (StatusBar (0xb79d0168): 0:33672) (com.android.systemui.ImageWallpaper (0xb79e3c48): 0:2031)* (NavigationBar (0xb7a28600): 0:3777) (com.android.chrome/com.google.android.apps.chrome.Main (0xb7a16808): 0:499)- (SurfaceView (0xb7991fb0): 0:11042)- (com.google.android.googlequicksearchbox/com.google.android.launcher.GEL (0xb79e74d8): 0:35)- (com.google.android.googlequicksearchbox/com.google.android.launcher.GEL (0xb79ce740): 0:8)- (Starting com.example.app1 (0xb7a16808): 3:32) (com.example.app1/com.example.app1.MainActivity (0xb7991fb0): 2:8) 
V/WindowManager(  969): ** SHOWING status bar: top is not fullscreen
V/WindowManager(  969): ** SHOWING status bar: top is not fullscreen
V/WindowManager(  969): ** SHOWING status bar: top is not fullscreen
V/AlarmManager(  969): sending alarm {1706989f type 3 *alarm*:com.google.android.gms/.lockbox.LockboxAlarmReceiver}
V/AlarmManager(  969): done {1706989f, *alarm*:com.google.android.gms/.lockbox.LockboxAlarmReceiver} [5ms]
I/ActivityManager(  969): START u0 {act=android.media.action.IMAGE_CAPTURE flg=0x3 cmp=com.motorola.camera/.Camera (has clip) (has extras)} from uid 10277 on display 0
V/WindowManager(  969): ** SHOWING status bar: top is not fullscreen
V/WindowManager(  969): addAppToken: AppWindowToken{38bd3f8a token=Token{f2f65f5 ActivityRecord{30cfc72c u0 com.motorola.camera/.Camera t632}}} to stack=1 task=632 at 1
D/WindowManager(  969): IKSWL-9411 focusChangedLw lastFocus=Window{2f423993 u0 com.example.app1/com.example.app1.MainActivity} newFocus=null
V/WindowManager(  969): Adding window Window{391fa7eb u0 com.motorola.camera/com.motorola.camera.Camera} at 2 of 8 (after Window{2f423993 u0 com.example.app1/com.example.app1.MainActivity})
D/WindowManager(  969): IKSWL-9411 focusChangedLw lastFocus=null newFocus=Window{391fa7eb u0 com.motorola.camera/com.motorola.camera.Camera}
V/WindowManager(  969): Adding window Window{7757506 u0 SurfaceView} at 2 of 9 (before Window{391fa7eb u0 com.motorola.camera/com.motorola.camera.Camera})
V/WindowManager(  969): ** HIDING status bar
V/WindowManager(  969): ** HIDING status bar
V/WindowManager(  969): Status bar already hiding
I/LaunchCheckinHandler(  969): Displayed com.motorola.camera/.Camera,wp,ca,201
V/WindowManager(  969): ** HIDING status bar
V/WindowManager(  969): Status bar already hiding
V/WindowManager(  969): ** HIDING status bar
V/WindowManager(  969): Status bar already hiding
V/WindowManager(  969): ** HIDING status bar
V/WindowManager(  969): Status bar already hiding
I/SFPerfTracer(  240):      triggers: (rate: 185:8452) (compose: 0:170) (post: 0:428) (render: 0:471) (12:230738 frames) (13:277952)
D/SFPerfTracer(  240):        layers: (6:12) (FocusedStackFrame (0xb795c1e0): 0:4462)* (DimLayer (0xb7a09938): 0:678)* (DimLayer (0xb79fb730): 0:4046)* (DimLayer (0xb7a00e58): 0:932) (StatusBar (0xb79d0168): 8:33684) (com.android.systemui.ImageWallpaper (0xb79e3c48): 0:2031)* (NavigationBar (0xb7a28600): 0:3777) (Starting com.example.app1 (0xb7a16808): 0:39)- (com.example.app1/com.example.app1.MainActivity (0xb7991fb0): 13:37) (com.motorola.camera/com.motorola.camera.Camera (0xb7a16760): 13:20) (SurfaceView (0xb798ed60): 13:18) 
V/WindowManager(  969): ** HIDING status bar
V/WindowManager(  969): Status bar already hiding
V/WindowManager(  969): ** HIDING status bar
V/WindowManager(  969): Status bar already hiding
I/SFPerfTracer(  240):      triggers: (rate: 16:622) (903751 sw vsyncs) (0 skipped) (153:769523 vsyncs) (155:1697894)
V/WindowManager(  969): ** HIDING status bar
V/WindowManager(  969): Status bar already hiding
I/ActivityManager(  969): Killing 1459:com.microsoft.windowsintune.companyportal/u0a102 (adj 15): empty #7
V/WindowManager(  969): ** HIDING status bar
V/WindowManager(  969): Status bar already hiding
I/SFPerfTracer(  240):      triggers: (rate: 185:8452) (compose: 0:170) (post: 0:429) (render: 0:471) (10:230753 frames) (11:277971)
D/SFPerfTracer(  240):        layers: (3:11) (FocusedStackFrame (0xb795c1e0): 1:4463)* (DimLayer (0xb7a09938): 0:678)* (DimLayer (0xb79fb730): 0:4046)* (DimLayer (0xb7a00e58): 0:933)* (StatusBar (0xb79d0168): 2:33694)* (com.android.systemui.ImageWallpaper (0xb79e3c48): 0:2031)* (NavigationBar (0xb7a28600): 0:3777) (com.example.app1/com.example.app1.MainActivity (0xb7991fb0): 0:38)- (com.motorola.camera/com.motorola.camera.Camera (0xb7a16760): 1:29) (SurfaceView (0xb798ed60): 11:37) 
D/TaskPersister(  969): removeObsoleteFile: deleting file=629_task.xml
D/TaskPersister(  969): removeObsoleteFile: deleting file=629_task_thumbnail.png
I/SFPerfTracer(  240):      triggers: (rate: 185:8460) (compose: 0:170) (post: 0:432) (render: 0:471) (23:230787 frames) (24:278023)
D/SFPerfTracer(  240):        layers: (3:10) (FocusedStackFrame (0xb795c1e0): 0:4464)* (DimLayer (0xb7a09938): 0:678)* (DimLayer (0xb79fb730): 0:4046)* (DimLayer (0xb7a00e58): 0:933)* (StatusBar (0xb79d0168): 1:33696)* (com.android.systemui.ImageWallpaper (0xb79e3c48): 0:2031)* (NavigationBar (0xb7a28600): 0:3777) (com.motorola.camera/com.motorola.camera.Camera (0xb7a16760): 0:31) (SurfaceView (0xb798ed60): 24:87) 
V/WindowManager(  969): ** HIDING status bar
V/WindowManager(  969): Status bar already hiding
--------- beginning of main
E/mm-camera(  316): ispif_util_release_isp_resource: Error in releasing resource use_pix 1, mask 1
E/mm-camera(  316): port_isp_mct_ctrl_cmd: E, identity = 0x10002, STREAMOFF
E/mm-camera-CORE(  316): aec_set_fd_roi: invalid CPP width and height (0, 0)!
D/mm-camera(  316): c2d_module_handle_streamoff_event:1577, info: stream-off done for identity 0x10002
E/mm-camera(  316): isp_streamoff: E, session_id = 1, stream_id = 2, active_count = 0
E/mm-camera(  316): isp_proc_streamoff: E,session_id = 1, stream_id= 2, stream_type= 1 meta 0
E/mm-camera(  316): isp_streamoff: X, session_id = 1, rc = 0
E/mm-camera(  316): port_isp_mct_ctrl_cmd: X, identity = 0x10002, STREAMOFF, ret = 0
E/mm-camera-sensor(  316): module_sensor_module_process_event: Sending stop bus message
D/QCameraHWI_Mem(  289): cancel_buffer: hdl =0xb87b3350
D/QCameraHWI_Mem(  289): put buffer 0 successfully
D/QCameraHWI_Mem(  289): cancel_buffer: hdl =0xb8819050
D/QCameraHWI_Mem(  289): put buffer 1 successfully
D/QCameraHWI_Mem(  289): cancel_buffer: hdl =0xb8717538
D/QCameraHWI_Mem(  289): put buffer 2 successfully
D/QCameraHWI_Mem(  289): cancel_buffer: hdl =0xb87e5510
D/QCameraHWI_Mem(  289): put buffer 3 successfully
D/QCameraHWI_Mem(  289): cancel_buffer: hdl =0xb87e2318
D/QCameraHWI_Mem(  289): put buffer 4 successfully
D/QCameraHWI_Mem(  289): cancel_buffer: hdl =0xb87e2588
D/QCameraHWI_Mem(  289): put buffer 5 successfully
D/QCameraHWI_Mem(  289): cancel_buffer: hdl =0xb87e2470
D/QCameraHWI_Mem(  289): put buffer 6 successfully
D/QCameraHWI_Mem(  289): cancel_buffer: hdl =0xb88be930
D/QCameraHWI_Mem(  289): put buffer 7 successfully
D/QCameraHWI_Mem(  289): put buffer 8 successfully
D/QCameraHWI_Mem(  289): cancel_buffer: hdl =0xb88bef30
D/QCameraHWI_Mem(  289): put buffer 9 successfully
D/QCameraHWI_Mem(  289): cancel_buffer: hdl =0xb88be820
D/QCameraHWI_Mem(  289): put buffer 10 successfully
D/QCameraHWI_Mem(  289): put buffer 11 successfully
D/mm-camera(  316): c2d_port_check_caps_unreserve:179, identity=0x10002, unreserved
D/mm-camera(  316): c2d_port_check_caps_unreserve:179, identity=0x10002, unreserved
E/mm-camera-img(  316): faceproc_save_album:795] Error No album 
E/mm-camera-img(  316): faceproc_comp_eng_destroy: Album save failed -1
D/SensorListener(  316): void android::SensorListener::disableSensor(android::SensorListener::sensor_type_t): SensorEventQueue disableSensor(TYPE_DISPLAY_ROTATE)
E/mm-camera(  316): q3a_thread_aecawb_stop:384 MSG_STOP_THREAD
E/mm-camera(  316): q3a_thread_af_stop:574 MSG_STOP_THREAD
E/mm-camera(  316): is_thread_handler: Exiting IS thread handler
D/QCamera2HWI(  289): int qcamera::QCamera2HardwareInterface::stopPreview(): CameraKpiTag: PREVIEW_STOP_TIME : 58
D/QCamera2HWI(  289): int qcamera::QCamera2HardwareInterface::stopPreview(): X
D/QCamera2HWI(  289): [KPI Perf] static void qcamera::QCamera2HardwareInterface::stop_preview(camera_device*): X
I/QCameraHalWatchdog(  289): Stopped Watchdog Thread...
I/QCameraHalWatchdog(  289): Starting Watchdog Thread...
D/QCamera2HWI(  289): [KPI Perf] static int qcamera::QCamera2HardwareInterface::cancel_picture(camera_device*): E PROFILE_CANCEL_PICTURE
D/QCameraStateMachine(  289): int32_t qcamera::QCameraStateMachine::procEvtPreviewStoppedState(qcamera::qcamera_sm_evt_enum_t, void*): No ops for evt(20) in state(0)
D/QCamera2HWI(  289): [KPI Perf] static int qcamera::QCamera2HardwareInterface::cancel_picture(camera_device*): X
I/QCameraHalWatchdog(  289): Stopped Watchdog Thread...
I/QCameraHalWatchdog(  289): Starting Watchdog Thread...
I/QCameraHalWatchdog(  289): Stopped Watchdog Thread...
I/QCameraHalWatchdog(  289): Starting Watchdog Thread...
I/QCameraHalWatchdog(  289): Stopped Watchdog Thread...
I/CameraClient(  289): Destroying camera 0
I/QCameraHalWatchdog(  289): Starting Watchdog Thread...
D/QCamera2HWI(  289): [KPI Perf] static int qcamera::QCamera2HardwareInterface::close_camera_device(hw_device_t*): E
D/QCamera2HWI(  289): virtual qcamera::QCamera2HardwareInterface::~QCamera2HardwareInterface(): E
D/QCamera2HWI(  289): static void* qcamera::QCamera2HardwareInterface::defferedWorkRoutine(void*): stop data proc
D/QCamera2HWI(  289): int qcamera::QCamera2HardwareInterface::closeCamera(): E
E/qomx_image_core(  289): OMX_Deinit:118] Complete
E/QCameraPostProc(  289): int32_t qcamera::QCameraPostProcessor::deinit(): Jpeg closed, rc = 0, mJpegClientHandle = a500
D/QCamera2HWI(  289): int qcamera::QCamera2HardwareInterface::closeCamera(): X
D/QCamera2HWI(  289): virtual qcamera::QCamera2HardwareInterface::~QCamera2HardwareInterface(): X
D/QCameraStateMachine(  289): static void* qcamera::QCameraStateMachine::smEvtProcRoutine(void*): X
E/mm-camera-CORE(  316): mot_af_deinit: E
D/QCamera2HWI(  289): [KPI Perf] static int qcamera::QCamera2HardwareInterface::close_camera_device(hw_device_t*): X
I/QCameraHalWatchdog(  289): Stopped Watchdog Thread...
D/mm-camera(  316): c2d_module_stop_session:435, info: stopping session 1 ...
D/mm-camera(  316): c2d_thread_process_pipe_message:737, C2D_THREAD_MSG_ABORT: c2d_thread exiting..
D/mm-camera(  316): c2d_module_stop_session:479, info: session 1 stopped.
E/mm-camera(  316): mct_pipeline_stop_session: left modules: 7
E/mm-camera(  316): mct_pipeline_stop_session: left modules: 6
E/mm-camera(  316): mct_pipeline_stop_session: left modules: 5
E/mm-camera(  316): mct_pipeline_stop_session: left modules: 4
E/mm-camera(  316): mct_pipeline_stop_session: left modules: 3
I/cr_BindingManager(11208): Release moderate connections: 1
E/mm-camera(  316): mct_pipeline_stop_session: left modules: 2
E/mm-camera(  316): mct_pipeline_stop_session: left modules: 1
I/[MOT_RESM](  289): onCameraCloseComplete: E
I/MediaFocusControl(  969):  AudioFocus  abandonAudioFocus() from android.media.AudioManager@1e5b4235
D/NuPlayerDriver(  289): reset(0xb8834fd8)
I/MediaCodec(  289): (0xb88c8160) flush
D/audio_hw_primary(  289): out_set_parameters: enter: usecase(0: deep-buffer-playback) kvpairs: routing=2
V/msm8916_platform(  289): platform_get_output_snd_device: enter: output devices(0x2)
V/msm8916_platform(  289): platform_get_output_snd_device: exit: snd_device(speaker)
D/audio_hw_extn(  289): audio_extn_set_anc_parameters: anc_enabled:0
E/soundtrigger(  289): audio_extn_sound_trigger_set_parameters: str_params NULL
E/libEGL  (21974): call to OpenGL ES API with no current context (logged once per thread)
V/QSTileView( 1242): PERF: BEGIN state_changed Handler (com.android.systemui.qs.QSTileView$H) {12021f3b}
V/QSTileView( 1242): PERF: END state_changed Handler (com.android.systemui.qs.QSTileView$H) {12021f3b}
E/mm-camera(  316): Got some events
E/mm-camera(  316): mct_pipeline_stop_session: left modules: 0
I/MediaCodec(  289): (0xb88c8160) release
D/NuPlayerDriver(  289): notifyResetComplete(0xb8834fd8)
D/NuPlayerDriver(  289): reset(0xb870a008)
D/NuPlayerDriver(  289): notifyResetComplete(0xb870a008)
E/ExecutionCriteria( 1835): Package unavailable for task: com.akosha.directtalk/com.akosha.utilities.anaylser.sms.SmsOneOfService{u=0 tag="sms_services" trigger=window{start=30s,end=90s,earliest=-29003729s,latest=-29003669s} requirements=[NET_CONNECTED] attributes=[PERSISTED] scheduled=-29003759s last_run=N/A jid=N/A status=PENDING retries=0 client_lib=MANCHEGO_GCM-0}
I/[MOT_RESM](  289): onCameraCloseComplete: E
D/WindowManager(  969): IKSWL-9411 focusChangedLw lastFocus=Window{391fa7eb u0 com.motorola.camera/com.motorola.camera.Camera} newFocus=null
V/WindowManager(  969): Adding window Window{c164d42 u0 Starting com.example.app1} at 1 of 9 (before Window{7757506 u0 SurfaceView})
V/WindowManager(  969): ** SHOWING status bar: top is not fullscreen
V/WindowManager(  969): ** SHOWING status bar: top is not fullscreen
V/WindowManager(  969): ** SHOWING status bar: top is not fullscreen
V/WindowManager(  969): ** SHOWING status bar: top is not fullscreen
D/OpenGLRenderer(21974): endAllStagingAnimators on 0xb7aa8590 (RippleDrawable) with handle 0xb7b7ef08
V/WindowManager(  969): ** SHOWING status bar: top is not fullscreen
V/AlarmManager(  969): sending alarm {2a9f2072 type 2 *walarm*:com.google.android.location.ALARM_WAKEUP_ACTIVITY_DETECTION}
I/MotoNetwCtrlr.MotoWifiHndlr( 1242): handleMessage: Entered msg.what=1
I/MotoNetwCtrlr.MotorolaWifiSignalController( 1242): isDirty: returns true
I/MotoNetwCtrlr.MotorolaWifiSignalController( 1242): notifyListeners: calling SB [0] setWifiIndicators (Motorola api): UseMotoUI=true Vis=true SBSig=0x7f02014c=stat_sys_wifi_signal_4_fully SBAct=( none ) DescSig="Wi-Fi signal full." DescAct="wifi idle" NetName=""3 bachelors""
I/MotoNetwCtrlr.MotorolaWifiSignalController( 1242): notifyListeners: calling SB [1] setWifiIndicators (Motorola api): UseMotoUI=true Vis=true SBSig=0x7f02014c=stat_sys_wifi_signal_4_fully SBAct=( none ) DescSig="Wi-Fi signal full." DescAct="wifi idle" NetName=""3 bachelors""
I/MotoNetwCtrlr.MotorolaWifiSignalController( 1242): notifyListeners: calling SB [2] setWifiIndicators (Motorola api): UseMotoUI=true Vis=true SBSig=0x7f02014c=stat_sys_wifi_signal_4_fully SBAct=( none ) DescSig="Wi-Fi signal full." DescAct="wifi idle" NetName=""3 bachelors""
I/MotoNetwCtrlr.MotoWifiHndlr( 1242): handleMessage: Completed
V/AlarmManager(  969): done {2a9f2072, *walarm*:com.google.android.location.ALARM_WAKEUP_ACTIVITY_DETECTION} [18ms]
V/WindowManager(  969): ** SHOWING status bar: top is not fullscreen
V/WindowManager(  969): ** SHOWING status bar: top is not fullscreen
E/FILECOMPRESS( 6082): deleted file/storage/emulated/0/Android/data/com.example.app1/files/Pictures/IMG_20180831_050404_-190034597.jpg
E/FILECOMPRESS( 6082): new file/storage/emulated/0/Android/data/com.example.app1/files/Pictures/IMG_scaled20180831_050408_-311925506.jpg
V/WindowManager(  969): Adding window Window{2a6256c1 u0 com.example.app1/com.example.app1.MainActivity} at 1 of 10 (before Window{c164d42 u0 Starting com.example.app1})
D/WifiService(  969): acquireWifiLockLocked: WifiLock{NlpWifiLock type=2 binder=android.os.BinderProxy@327e3a54}
D/WindowManager(  969): IKSWL-9411 focusChangedLw lastFocus=null newFocus=Window{2a6256c1 u0 com.example.app1/com.example.app1.MainActivity}
V/WindowManager(  969): ** SHOWING status bar: top is not fullscreen
E/WifiStateMachine(  969): WifiStateMachine CMD_START_SCAN source 10017 txSuccessRate=0.92 rxSuccessRate=2.80 targetRoamBSSID=any RSSI=-52
I/WifiHAL (  969): Poll result = 1
I/WifiHAL (  969): Found some events!!!
D/WifiHAL (  969): no_seq_check received
I/WifiHAL (  969): event received NL80211_CMD_TRIGGER_SCAN
I/WifiHAL (  969): event received NL80211_CMD_TRIGGER_SCAN, vendor_id = 0x0
I/WifiHAL (  969): event ignored!!
E/WifiStateMachine(  969): [1,535,672,049,230 ms] noteScanStartWorkSource{10277} uid 10017
V/WindowManager(  969): ** SHOWING status bar: top is not fullscreen
V/WindowManager(  969): ** SHOWING status bar: top is not fullscreen
V/WindowManager(  969): ** SHOWING status bar: top is not fullscreen
V/WindowManager(  969): ** SHOWING status bar: top is not fullscreen
V/WindowManager(  969): ** SHOWING status bar: top is not fullscreen
V/WindowManager(  969): ** SHOWING status bar: top is not fullscreen
I/ActivityManager(  969): Displayed com.example.app1/.MainActivity: +670ms
V/WindowManager(  969): ** SHOWING status bar: top is not fullscreen
V/WindowManager(  969): ** SHOWING status bar: top is not fullscreen
V/RenderScript( 6082): Application requested CPU execution
V/RenderScript( 6082): 0xb7bf2760 Launching thread(s), CPUs 4
V/WindowManager(  969): ** SHOWING status bar: top is not fullscreen
V/WindowManager(  969): ** SHOWING status bar: top is not fullscreen
V/WindowManager(  969): ** SHOWING status bar: top is not fullscreen
V/WindowManager(  969): ** SHOWING status bar: top is not fullscreen
V/WindowManager(  969): ** SHOWING status bar: top is not fullscreen
V/WindowManager(  969): ** SHOWING status bar: top is not fullscreen
I/WifiHAL (  969): Poll result = 1
I/WifiHAL (  969): Found some events!!!
D/WifiHAL (  969): no_seq_check received
I/WifiHAL (  969): event received NL80211_CMD_NEW_SCAN_RESULTS
I/WifiHAL (  969): event received NL80211_CMD_NEW_SCAN_RESULTS, vendor_id = 0x0
I/WifiHAL (  969): event ignored!!
E/WifiStateMachine(  969): [1,535,672,049,557 ms] noteScanEnd WorkSource{10277} onTime=0
E/WifiStateMachine(  969): wifi setScanResults statecom.android.server.wifi.WifiStateMachine$ConnectedState@3cbb0ec sup_state=COMPLETED debouncing=false mConnectionRequests=0 selection="3 bachelors"WPA_PSK
W/ctxmgr  ( 1835): [AclManager]No 2 for (accnt=account#-517948760#, com.google.android.gms(10017):IndoorOutdoorProducer, vrsn=12874000, 0, 3pPkg = null ,  3pMdlId = null ,  pid = 1835). Was: 3 for 57, account#-517948760#
D/WifiService(  969): releaseWifiLockLocked: WifiLock{NlpWifiLock type=2 binder=android.os.BinderProxy@327e3a54}
D/LBSSystemMonitorService(  969): handleMessage what - 7
D/Wiper_jni(  969): Send Passive Location.
V/AlternateRecentsComponent( 1242): PERF: BEGIN TaskStackListenerImpl.run()
V/AlternateRecentsComponent( 1242): getTopMostTask
V/AlternateRecentsComponent( 1242): createLoadPlan
V/AlternateRecentsComponent( 1242): PERF: END TaskStackListenerImpl.run()
I/EventLogSendingHelper( 2036): Sending log events.
I/EventLogSendingHelper( 2036): Sending log events.
V/WindowManager(  969): ** SHOWING status bar: top is not fullscreen
D/audio_hw_primary(  289): out_standby: enter: stream (0xb86b7078) usecase(0: deep-buffer-playback)
I/MotoNetwCtrlr( 1242): onReceive: Received intent=Intent { act=android.net.wifi.RSSI_CHANGED flg=0x4000010 (has extras) } Action=android.net.wifi.RSSI_CHANGED
I/MotoNetwCtrlr.MotoWifiSignalCtrlr( 1242): handleBroadcast: Entered: Intent=Intent { act=android.net.wifi.RSSI_CHANGED flg=0x4000010 (has extras) } Action=android.net.wifi.RSSI_CHANGED
I/MotoNetwCtrlr.MotorolaWifiSignalController( 1242): isDirty: returns false
I/MotoNetwCtrlr.MotoWifiSignalCtrlr( 1242): handleBroadcast: Completed
I/MotoNetwCtrlr( 1242): onReceive: Completed intent=Intent { act=android.net.wifi.RSSI_CHANGED flg=0x4000010 (has extras) } Action=android.net.wifi.RSSI_CHANGED
D/hardware_info(  289): hw_info_append_hw_type : device_name = speaker
I/art     ( 2192): Note: end time exceeds epoch: 
W/System.err( 2192): android.content.pm.PackageManager$NameNotFoundException: DCIM
W/System.err( 2192): 	at android.app.ApplicationPackageManager.getPackageInfo(ApplicationPackageManager.java:114)
W/System.err( 2192): 	at com.estrongs.android.pop.app.d.q.c(LoggerLandingSceneManager.java:153)
W/System.err( 2192): 	at com.estrongs.android.pop.app.d.q.a(LoggerLandingSceneManager.java:66)
W/System.err( 2192): 	at com.estrongs.android.pop.app.scene.e.h$1.a(SceneWhenNewFile.java:77)
W/System.err( 2192): 	at com.estrongs.android.scanner.c.j$a$1.run(NotifyHandler.java:75)
W/System.err( 2192): 	at com.estrongs.android.util.n$a.run(ESThreadPoolImpl.java:95)
W/System.err( 2192): 	at java.lang.Thread.run(Thread.java:818)
I/art     ( 2192): Note: end time exceeds epoch: 
W/System.err( 2192): android.content.pm.PackageManager$NameNotFoundException: DCIM
W/System.err( 2192): 	at android.app.ApplicationPackageManager.getPackageInfo(ApplicationPackageManager.java:114)
W/System.err( 2192): 	at com.estrongs.android.pop.app.d.q.c(LoggerLandingSceneManager.java:153)
W/System.err( 2192): 	at com.estrongs.android.pop.app.d.q.a(LoggerLandingSceneManager.java:66)
W/System.err( 2192): 	at com.estrongs.android.pop.app.scene.e.h$1.a(SceneWhenNewFile.java:77)
W/System.err( 2192): 	at com.estrongs.android.scanner.c.j$a$1.run(NotifyHandler.java:68)
W/System.err( 2192): 	at com.estrongs.android.util.n$a.run(ESThreadPoolImpl.java:95)
W/System.err( 2192): 	at java.lang.Thread.run(Thread.java:818)
I/art     ( 2192): Note: end time exceeds epoch: 
--------- beginning of crash
E/AndroidRuntime( 6082): FATAL EXCEPTION: AsyncTask #1
E/AndroidRuntime( 6082): Process: com.example.app1, PID: 6082
E/AndroidRuntime( 6082): java.lang.RuntimeException: An error occured while executing doInBackground()
E/AndroidRuntime( 6082): 	at android.os.AsyncTask$3.done(AsyncTask.java:304)
E/AndroidRuntime( 6082): 	at java.util.concurrent.FutureTask.finishCompletion(FutureTask.java:355)
E/AndroidRuntime( 6082): 	at java.util.concurrent.FutureTask.setException(FutureTask.java:222)
E/AndroidRuntime( 6082): 	at java.util.concurrent.FutureTask.run(FutureTask.java:242)
E/AndroidRuntime( 6082): 	at android.os.AsyncTask$SerialExecutor$1.run(AsyncTask.java:231)
E/AndroidRuntime( 6082): 	at java.util.concurrent.ThreadPoolExecutor.runWorker(ThreadPoolExecutor.java:1112)
E/AndroidRuntime( 6082): 	at java.util.concurrent.ThreadPoolExecutor$Worker.run(ThreadPoolExecutor.java:587)
E/AndroidRuntime( 6082): 	at java.lang.Thread.run(Thread.java:818)
E/AndroidRuntime( 6082): Caused by: java.lang.NoSuchFieldError: No static field INSTANCE of type Lorg/apache/http/message/BasicHeaderValueFormatter; in class Lorg/apache/http/message/BasicHeaderValueFormatter; or its superclasses (declaration of 'org.apache.http.message.BasicHeaderValueFormatter' appears in /system/framework/ext.jar)
E/AndroidRuntime( 6082): 	at org.apache.http.entity.ContentType.toString(ContentType.java:199)
E/AndroidRuntime( 6082): 	at org.apache.http.entity.mime.MultipartFormEntity.<init>(MultipartFormEntity.java:56)
E/AndroidRuntime( 6082): 	at org.apache.http.entity.mime.MultipartEntityBuilder.buildEntity(MultipartEntityBuilder.java:236)
E/AndroidRuntime( 6082): 	at org.apache.http.entity.mime.MultipartEntity.getEntity(MultipartEntity.java:119)
E/AndroidRuntime( 6082): 	at org.apache.http.entity.mime.MultipartEntity.getContentLength(MultipartEntity.java:150)
E/AndroidRuntime( 6082): 	at com.example.app1.MainActivity$UploadFileToServer.uploadFile(MainActivity.java:316)
E/AndroidRuntime( 6082): 	at com.example.app1.MainActivity$UploadFileToServer.doInBackground(MainActivity.java:286)
E/AndroidRuntime( 6082): 	at com.example.app1.MainActivity$UploadFileToServer.doInBackground(MainActivity.java:264)
E/AndroidRuntime( 6082): 	at android.os.AsyncTask$2.call(AsyncTask.java:292)
E/AndroidRuntime( 6082): 	at java.util.concurrent.FutureTask.run(FutureTask.java:237)
E/AndroidRuntime( 6082): 	... 4 more
W/ActivityManager(  969):   Force finishing activity 1 com.example.app1/.MainActivity
V/WindowManager(  969): ** SHOWING status bar: top is not fullscreen
D/WindowManager(  969): IKSWL-9411 focusChangedLw lastFocus=Window{2a6256c1 u0 com.example.app1/com.example.app1.MainActivity} newFocus=null
D/ActivityManager(  969): IKSWL-9411 handleMessage SHOW_ERROR_MSG
W/ActivityManager(  969): IKSWL-9411 mShowDialogs:true mSleeping:false mShuttingDown:false
D/WindowManager(  969): IKSWL-9411 focusChangedLw lastFocus=null newFocus=Window{a9b80f0 u0 Application Error: com.example.app1}
I/OpenGLRenderer(  969): Initialized EGL, version 1.4
V/WindowManager(  969): Based on layer: Adding window Window{1b21480 u0 com.google.android.googlequicksearchbox/com.google.android.launcher.GEL} at 2 of 10
I/art     ( 2192): Note: end time exceeds epoch: 
I/art     ( 2192): Note: end time exceeds epoch: 
I/SFPerfTracer(  240):      triggers: (rate: 185:8461) (compose: 0:170) (post: 0:432) (render: 0:471) (5:230860 frames) (6:278125)
D/SFPerfTracer(  240):        layers: (6:14) (FocusedStackFrame (0xb795c1e0): 0:4469)* (DimLayer (0xb7a09938): 6:684) (DimLayer (0xb79fb730): 0:4046)* (DimLayer (0xb7a00e58): 0:933)* (StatusBar (0xb79d0168): 0:33714) (com.android.systemui.ImageWallpaper (0xb79e3c48): 0:2031)* (NavigationBar (0xb7a28600): 0:3777) (com.motorola.camera/com.motorola.camera.Camera (0xb7a16760): 0:69)- (SurfaceView (0xb798ed60): 0:88)- (Starting com.example.app1 (0xb7a212e0): 0:31)- (com.example.app1/com.example.app1.MainActivity (0xb7991fb0): 6:22) (Toast (0xb798ed60): 0:36) (Application Error: com.example.app1 (0xb7a20900): 6:13) 
V/WindowManager(  969): not Base app: Adding window Window{1f3b7efe u0 com.google.android.googlequicksearchbox/com.google.android.launcher.GEL} at 3 of 11
V/WindowManager(  969): Layouts looping: On entry to LockedInner, mPendingLayoutChanges = 0x4
V/WindowManager(  969): Layouts looping: loop number 4, mPendingLayoutChanges = 0x0
V/WindowManager(  969): Layouts looping: after finishPostLayoutPolicyLw, mPendingLayoutChanges = 0x0
V/WindowManager(  969): Layouts looping: wallpaper and commitFinishDrawingLocked true, mPendingLayoutChanges = 0x4
V/WindowManager(  969): Layouts looping: after handleAppTransitionReadyLocked, mPendingLayoutChanges = 0x4
V/WindowManager(  969): Layouts looping: WallpaperMayChange, mPendingLayoutChanges = 0x4
V/WindowManager(  969): Layouts looping: On entry to LockedInner, mPendingLayoutChanges = 0x4
V/WindowManager(  969): Layouts looping: loop number 5, mPendingLayoutChanges = 0x0
V/WindowManager(  969): Layouts looping: after finishPostLayoutPolicyLw, mPendingLayoutChanges = 0x0
V/WindowManager(  969): Layouts looping: wallpaper and commitFinishDrawingLocked true, mPendingLayoutChanges = 0x4
V/WindowManager(  969): Layouts looping: after handleAppTransitionReadyLocked, mPendingLayoutChanges = 0x4
V/WindowManager(  969): Layouts looping: WallpaperMayChange, mPendingLayoutChanges = 0x4
E/WindowManager(  969): Performed 6 layouts in a row. Skipping
V/WindowManager(  969): Layouts looping: On entry to LockedInner, mPendingLayoutChanges = 0x4
V/WindowManager(  969): Layouts looping: loop number 4, mPendingLayoutChanges = 0x0
V/WindowManager(  969): Layouts looping: after finishPostLayoutPolicyLw, mPendingLayoutChanges = 0x0
V/WindowManager(  969): Layouts looping: wallpaper and commitFinishDrawingLocked true, mPendingLayoutChanges = 0x4
V/WindowManager(  969): Layouts looping: after handleAppTransitionReadyLocked, mPendingLayoutChanges = 0x4
V/WindowManager(  969): Layouts looping: WallpaperMayChange, mPendingLayoutChanges = 0x4
V/WindowManager(  969): Layouts looping: On entry to LockedInner, mPendingLayoutChanges = 0x4
V/WindowManager(  969): Layouts looping: loop number 5, mPendingLayoutChanges = 0x0
V/WindowManager(  969): Layouts looping: after finishPostLayoutPolicyLw, mPendingLayoutChanges = 0x0
V/WindowManager(  969): Layouts looping: wallpaper and commitFinishDrawingLocked true, mPendingLayoutChanges = 0x4
V/WindowManager(  969): Layouts looping: after handleAppTransitionReadyLocked, mPendingLayoutChanges = 0x4
V/WindowManager(  969): Layouts looping: WallpaperMayChange, mPendingLayoutChanges = 0x4
E/WindowManager(  969): Performed 6 layouts in a row. Skipping
V/WindowManager(  969): Layouts looping: On entry to LockedInner, mPendingLayoutChanges = 0x4
V/WindowManager(  969): Layouts looping: loop number 4, mPendingLayoutChanges = 0x0
V/WindowManager(  969): Layouts looping: after finishPostLayoutPolicyLw, mPendingLayoutChanges = 0x0
V/WindowManager(  969): Layouts looping: wallpaper and commitFinishDrawingLocked true, mPendingLayoutChanges = 0x4
V/WindowManager(  969): Layouts looping: after handleAppTransitionReadyLocked, mPendingLayoutChanges = 0x4
V/WindowManager(  969): Layouts looping: WallpaperMayChange, mPendingLayoutChanges = 0x4
V/WindowManager(  969): Layouts looping: On entry to LockedInner, mPendingLayoutChanges = 0x4
V/WindowManager(  969): Layouts looping: loop number 5, mPendingLayoutChanges = 0x0
V/WindowManager(  969): Layouts looping: after finishPostLayoutPolicyLw, mPendingLayoutChanges = 0x0
V/WindowManager(  969): Layouts looping: wallpaper and commitFinishDrawingLocked true, mPendingLayoutChanges = 0x4
V/WindowManager(  969): Layouts looping: after handleAppTransitionReadyLocked, mPendingLayoutChanges = 0x4
V/WindowManager(  969): Layouts looping: WallpaperMayChange, mPendingLayoutChanges = 0x4
E/WindowManager(  969): Performed 6 layouts in a row. Skipping
V/WindowManager(  969): Layouts looping: On entry to LockedInner, mPendingLayoutChanges = 0x4
V/WindowManager(  969): Layouts looping: loop number 4, mPendingLayoutChanges = 0x0
V/WindowManager(  969): Layouts looping: after finishPostLayoutPolicyLw, mPendingLayoutChanges = 0x0
V/WindowManager(  969): Layouts looping: wallpaper and commitFinishDrawingLocked true, mPendingLayoutChanges = 0x4
V/WindowManager(  969): Layouts looping: after handleAppTransitionReadyLocked, mPendingLayoutChanges = 0x4
V/WindowManager(  969): Layouts looping: WallpaperMayChange, mPendingLayoutChanges = 0x4
V/WindowManager(  969): Layouts looping: On entry to LockedInner, mPendingLayoutChanges = 0x4
V/WindowManager(  969): Layouts looping: loop number 5, mPendingLayoutChanges = 0x0
V/WindowManager(  969): Layouts looping: after finishPostLayoutPolicyLw, mPendingLayoutChanges = 0x0
V/WindowManager(  969): Layouts looping: wallpaper and commitFinishDrawingLocked true, mPendingLayoutChanges = 0x4
V/WindowManager(  969): Layouts looping: after handleAppTransitionReadyLocked, mPendingLayoutChanges = 0x4
V/WindowManager(  969): Layouts looping: WallpaperMayChange, mPendingLayoutChanges = 0x4
E/WindowManager(  969): Performed 6 layouts in a row. Skipping
V/WindowManager(  969): Layouts looping: On entry to LockedInner, mPendingLayoutChanges = 0x4
V/WindowManager(  969): Layouts looping: loop number 4, mPendingLayoutChanges = 0x0
V/WindowManager(  969): Layouts looping: after finishPostLayoutPolicyLw, mPendingLayoutChanges = 0x0
V/WindowManager(  969): Layouts looping: wallpaper and commitFinishDrawingLocked true, mPendingLayoutChanges = 0x4
V/WindowManager(  969): Layouts looping: after handleAppTransitionReadyLocked, mPendingLayoutChanges = 0x4
V/WindowManager(  969): Layouts looping: WallpaperMayChange, mPendingLayoutChanges = 0x4
V/WindowManager(  969): Layouts looping: On entry to LockedInner, mPendingLayoutChanges = 0x4
V/WindowManager(  969): Layouts looping: loop number 5, mPendingLayoutChanges = 0x0
V/WindowManager(  969): Layouts looping: after finishPostLayoutPolicyLw, mPendingLayoutChanges = 0x0
V/WindowManager(  969): Layouts looping: wallpaper and commitFinishDrawingLocked true, mPendingLayoutChanges = 0x4
V/WindowManager(  969): Layouts looping: after handleAppTransitionReadyLocked, mPendingLayoutChanges = 0x4
V/WindowManager(  969): Layouts looping: WallpaperMayChange, mPendingLayoutChanges = 0x4
E/WindowManager(  969): Performed 6 layouts in a row. Skipping
V/WindowManager(  969): Layouts looping: On entry to LockedInner, mPendingLayoutChanges = 0x4
V/WindowManager(  969): Layouts looping: loop number 4, mPendingLayoutChanges = 0x0
V/WindowManager(  969): Layouts looping: after finishPostLayoutPolicyLw, mPendingLayoutChanges = 0x0
V/WindowManager(  969): Layouts looping: wallpaper and commitFinishDrawingLocked true, mPendingLayoutChanges = 0x4
V/WindowManager(  969): Layouts looping: after handleAppTransitionReadyLocked, mPendingLayoutChanges = 0x4
V/WindowManager(  969): Layouts looping: WallpaperMayChange, mPendingLayoutChanges = 0x4
V/WindowManager(  969): Layouts looping: On entry to LockedInner, mPendingLayoutChanges = 0x4
V/WindowManager(  969): Layouts looping: loop number 5, mPendingLayoutChanges = 0x0
V/WindowManager(  969): Layouts looping: after finishPostLayoutPolicyLw, mPendingLayoutChanges = 0x0
V/WindowManager(  969): Layouts looping: wallpaper and commitFinishDrawingLocked true, mPendingLayoutChanges = 0x4
V/WindowManager(  969): Layouts looping: after handleAppTransitionReadyLocked, mPendingLayoutChanges = 0x4
V/WindowManager(  969): Layouts looping: WallpaperMayChange, mPendingLayoutChanges = 0x4
E/WindowManager(  969): Performed 6 layouts in a row. Skipping
V/WindowManager(  969): ** SHOWING status bar: top is not fullscreen
I/ActivityManager(  969): Displayed com.google.android.googlequicksearchbox/com.google.android.launcher.GEL: +420ms
V/WindowManager(  969): ** SHOWING status bar: top is not fullscreen
W/SessionLifecycleManager( 2036): Handover failed. Creating new session controller.
V/WindowManager(  969): ** SHOWING status bar: top is not fullscreen
V/WindowManager(  969): ** SHOWING status bar: top is not fullscreen
E/SQLiteLog( 1835): (2067) abort at 35 in [INSERT INTO context(context_name,end_time,context_family,module_id,version,sync_state_mod_time_millis,start_time,sync_state,context_id,time_type,proto_blob) VALUES (?,?,?,?,?,?,?,?,?,?,?)]: UNI
I/art     ( 2192): Note: end time exceeds epoch: 
I/StreamController( 2036): registerScope: nowcards--6606022189425153921
V/WindowManager(  969): ** SHOWING status bar: top is not fullscreen
V/WindowManager(  969): ** SHOWING status bar: top is not fullscreen
V/WindowManager(  969): ** SHOWING status bar: top is not fullscreen
I/StreamRenderer( 2036): maybeRegisterNowCardsScope(nowcards--6606022189425153921, com.google.android.sidekick.shared.remoteapi.CardRenderingContext@3db83b50)
I/art     (  969): Explicit concurrent mark sweep GC freed 25178(1314KB) AllocSpace objects, 5(1200KB) LOS objects, 32% free, 33MB/49MB, paused 3.432ms total 164.243ms
V/WindowManager(  969): ** SHOWING status bar: top is not fullscreen
V/WindowManager(  969): removeAppToken make exiting: AppWindowToken{1dd5a1a3 token=Token{35ec0cd2 ActivityRecord{321f7b5d u0 com.example.app1/.MainActivity t632}}}
V/WindowManager(  969): ** SHOWING status bar: top is not fullscreen
V/WindowManager(  969): ** SHOWING status bar: top is not fullscreen
V/WindowManager(  969): ** SHOWING status bar: top is not fullscreen
V/WindowManager(  969): ** SHOWING status bar: top is not fullscreen
V/WindowManager(  969): ** SHOWING status bar: top is not fullscreen
V/WindowManager(  969): ** SHOWING status bar: top is not fullscreen
I/PlaceInferenceEngine( 1835): [anon] Changed inference mode: 0
I/PlaceInferenceEngine( 1835): [account#-1551034607] Changed inference mode: 0
I/SFPerfTracer(  240):      triggers: (rate: 16:622) (903751 sw vsyncs) (0 skipped) (58:769655 vsyncs) (60:1698047)
W/MonetServiceEventQueue( 2036): No updates to flush
E/ctxmgr  ( 1835): [ProducerStatusImpl]updateStateForNewContextData: inactive, contextName=7
V/AlternateRecentsComponent( 1242): PERF: BEGIN TaskStackListenerImpl.run()
V/AlternateRecentsComponent( 1242): getTopMostTask
V/AlternateRecentsComponent( 1242): createLoadPlan
D/TaskResourceLoader( 1242): getTaskDescriptionIcon begin: iconBitmap = null ,iconFilename = null
D/TaskResourceLoader( 1242): getTaskDescriptionIcon end
W/ResourceType( 1242): No package identifier when getting value for resource number 0x00000000
W/PackageManager( 1242): Failure retrieving resources for com.example.app1: Resource ID #0x0
D/SystemServicesProxy( 1242): getThumbnail begin: taskId = 632
D/SystemServicesProxy( 1242): getThumbnail end: taskId = 632
V/AlternateRecentsComponent( 1242): PERF: END TaskStackListenerImpl.run()
I/Places  ( 1835): ?: PlacesBleScanner start() with priority 2
I/PlaceInferenceEngine( 1835): [anon] Changed inference mode: 1
I/PlaceInferenceEngine( 1835): [account#-1551034607] Changed inference mode: 1
I/BeaconBle( 1835): Client requested scan, settings=BleSettings [scanMode=ZERO_POWER, callbackType=ALL_MATCHES, reportDelayMillis=0, 1 filters, 0 clients, callingClientName=Places]
E/BeaconBle( 1835): Scan couldn't start for Places
W/Places  ( 1835): BLE failure while scanning - code 5
I/MotoNetwCtrlr.MotoWifiHndlr( 1242): handleMessage: Entered msg.what=1
I/MotoNetwCtrlr.MotorolaWifiSignalController( 1242): isDirty: returns true
I/MotoNetwCtrlr.MotorolaWifiSignalController( 1242): notifyListeners: calling SB [0] setWifiIndicators (Motorola api): UseMotoUI=true Vis=true SBSig=0x7f02014c=stat_sys_wifi_signal_4_fully SBAct=( none ) DescSig="Wi-Fi signal full." DescAct="wifi in" NetName=""3 bachelors""
I/MotoNetwCtrlr.MotorolaWifiSignalController( 1242): notifyListeners: calling SB [1] setWifiIndicators (Motorola api): UseMotoUI=true Vis=true SBSig=0x7f02014c=stat_sys_wifi_signal_4_fully SBAct=( none ) DescSig="Wi-Fi signal full." DescAct="wifi in" NetName=""3 bachelors""
I/MotoNetwCtrlr.MotorolaWifiSignalController( 1242): notifyListeners: calling SB [2] setWifiIndicators (Motorola api): UseMotoUI=true Vis=true SBSig=0x7f02014c=stat_sys_wifi_signal_4_fully SBAct=( none ) DescSig="Wi-Fi signal full." DescAct="wifi in" NetName=""3 bachelors""
I/MotoNetwCtrlr.MotoWifiHndlr( 1242): handleMessage: Completed
I/Places  ( 1835): Converted 4 out of 4 WiFi scans
I/PlaceInferenceEngine( 1835): [account#-1551034607] Changed inference mode: 1
I/PlaceInferenceEngine( 1835): [anon] Changed inference mode: 1
E/NEW_BHD ( 6638): Battery Power Supply logging Daemon start!!!!!
E/NEW_BHD ( 6638): Cannot run on production devices!
I/PlaceInferenceEngine( 1835): No beacon scan available - ignoring candidates.
I/Process ( 6082): Sending signal. PID: 6082 SIG: 9
D/OpenGLRenderer(  969): endAllStagingAnimators on 0xb84f84d0 (RippleDrawable) with handle 0xb7f56588
D/WindowManager(  969): IKSWL-9411 focusChangedLw lastFocus=Window{a9b80f0 u0 Application Error: com.example.app1 EXITING} newFocus=Window{1b21480 u0 com.google.android.googlequicksearchbox/com.google.android.launcher.GEL}
V/WindowManager(  969): ** SHOWING status bar: top is not fullscreen
E/JavaBinder(  969): !!! FAILED BINDER TRANSACTION !!!
W/InputMethodManagerService(  969): Got RemoteException sending setActive(false) notification to pid 6082 uid 10277
E/JavaBinder(  969): !!! FAILED BINDER TRANSACTION !!!
W/IInputConnectionWrapper( 1555): showStatusIcon on inactive InputConnection
I/ActivityManager(  969): Process com.example.app1 (pid 6082) has died
V/WindowManager(  969): ** SHOWING status bar: top is not fullscreen
V/WindowManager(  969): ** SHOWING status bar: top is not fullscreen
V/WindowManager(  969): ** SHOWING status bar: top is not fullscreen
I/PlaceInferenceEngine( 1835): No beacon scan available - ignoring candidates.
V/AlarmManager(  969): sending alarm {668a8a4 type 2 *walarm*:android.net.ConnectivityService.action.PKT_CNT_SAMPLE_INTERVAL_ELAPSED}
V/AlarmManager(  969): done {668a8a4, *walarm*:android.net.ConnectivityService.action.PKT_CNT_SAMPLE_INTERVAL_ELAPSED} [9ms]
I/MotoNetwCtrlr.MotoWifiHndlr( 1242): handleMessage: Entered msg.what=1
I/MotoNetwCtrlr.MotorolaWifiSignalController( 1242): isDirty: returns true
I/MotoNetwCtrlr.MotorolaWifiSignalController( 1242): notifyListeners: calling SB [0] setWifiIndicators (Motorola api): UseMotoUI=true Vis=true SBSig=0x7f02014c=stat_sys_wifi_signal_4_fully SBAct=( none ) DescSig="Wi-Fi signal full." DescAct="wifi idle" NetName=""3 bachelors""
I/MotoNetwCtrlr.MotorolaWifiSignalController( 1242): notifyListeners: calling SB [1] setWifiIndicators (Motorola api): UseMotoUI=true Vis=true SBSig=0x7f02014c=stat_sys_wifi_signal_4_fully SBAct=( none ) DescSig="Wi-Fi signal full." DescAct="wifi idle" NetName=""3 bachelors""
I/MotoNetwCtrlr.MotorolaWifiSignalController( 1242): notifyListeners: calling SB [2] setWifiIndicators (Motorola api): UseMotoUI=true Vis=true SBSig=0x7f02014c=stat_sys_wifi_signal_4_fully SBAct=( none ) DescSig="Wi-Fi signal full." DescAct="wifi idle" NetName=""3 bachelors""
I/MotoNetwCtrlr.MotoWifiHndlr( 1242): handleMessage: Completed
I/MotoNetwCtrlr( 1242): onReceive: Received intent=Intent { act=android.net.wifi.RSSI_CHANGED flg=0x4000010 (has extras) } Action=android.net.wifi.RSSI_CHANGED
I/MotoNetwCtrlr.MotoWifiSignalCtrlr( 1242): handleBroadcast: Entered: Intent=Intent { act=android.net.wifi.RSSI_CHANGED flg=0x4000010 (has extras) } Action=android.net.wifi.RSSI_CHANGED
I/MotoNetwCtrlr.MotorolaWifiSignalController( 1242): isDirty: returns false
I/MotoNetwCtrlr.MotoWifiSignalCtrlr( 1242): handleBroadcast: Completed
