D/QCamera2HWI(  289): int32_t qcamera::QCamera2HardwareInterface::processFaceDetectionResult(cam_face_detection_data_t*): metadata msgtype not enabled, no ops here
D/QCamera2HWI(  289): int32_t qcamera::QCamera2HardwareInterface::processFaceDetectionResult(cam_face_detection_data_t*): metadata msgtype not enabled, no ops here
E/mm-camera-CORE(  316): awb_bayer_set_led_gains AWB decision invalid. return
D/QCamera2HWI(  289): int32_t qcamera::QCamera2HardwareInterface::processFaceDetectionResult(cam_face_detection_data_t*): metadata msgtype not enabled, no ops here
D/QCamera2HWI(  289): int32_t qcamera::QCamera2HardwareInterface::processFaceDetectionResult(cam_face_detection_data_t*): metadata msgtype not enabled, no ops here
E/mm-camera-CORE(  316): awb_bayer_set_led_gains AWB decision invalid. return
D/QCamera2HWI(  289): int32_t qcamera::QCamera2HardwareInterface::processFaceDetectionResult(cam_face_detection_data_t*): metadata msgtype not enabled, no ops here
D/QCamera2HWI(  289): int32_t qcamera::QCamera2HardwareInterface::processFaceDetectionResult(cam_face_detection_data_t*): metadata msgtype not enabled, no ops here
E/mm-camera-CORE(  316): awb_bayer_set_led_gains AWB decision invalid. return
D/QCamera2HWI(  289): int32_t qcamera::QCamera2HardwareInterface::processFaceDetectionResult(cam_face_detection_data_t*): metadata msgtype not enabled, no ops here
D/QCamera2HWI(  289): int32_t qcamera::QCamera2HardwareInterface::processFaceDetectionResult(cam_face_detection_data_t*): metadata msgtype not enabled, no ops here
E/mm-camera-CORE(  316): awb_bayer_set_led_gains AWB decision invalid. return
D/QCamera2HWI(  289): int32_t qcamera::QCamera2HardwareInterface::processFaceDetectionResult(cam_face_detection_data_t*): metadata msgtype not enabled, no ops here
D/QCamera2HWI(  289): int32_t qcamera::QCamera2HardwareInterface::processFaceDetectionResult(cam_face_detection_data_t*): metadata msgtype not enabled, no ops here
E/mm-camera-CORE(  316): awb_bayer_set_led_gains AWB decision invalid. return
D/QCamera2HWI(  289): int32_t qcamera::QCamera2HardwareInterface::processFaceDetectionResult(cam_face_detection_data_t*): metadata msgtype not enabled, no ops here
D/QCamera2HWI(  289): int32_t qcamera::QCamera2HardwareInterface::processFaceDetectionResult(cam_face_detection_data_t*): metadata msgtype not enabled, no ops here
E/mm-camera-CORE(  316): awb_bayer_set_led_gains AWB decision invalid. return
D/QCamera2HWI(  289): int32_t qcamera::QCamera2HardwareInterface::processFaceDetectionResult(cam_face_detection_data_t*): metadata msgtype not enabled, no ops here
D/QCamera2HWI(  289): int32_t qcamera::QCamera2HardwareInterface::processFaceDetectionResult(cam_face_detection_data_t*): metadata msgtype not enabled, no ops here
E/mm-camera-CORE(  316): awb_bayer_set_led_gains AWB decision invalid. return
D/QCamera2HWI(  289): int32_t qcamera::QCamera2HardwareInterface::processFaceDetectionResult(cam_face_detection_data_t*): metadata msgtype not enabled, no ops here
D/QCamera2HWI(  289): int32_t qcamera::QCamera2HardwareInterface::processFaceDetectionResult(cam_face_detection_data_t*): metadata msgtype not enabled, no ops here
E/mm-camera-CORE(  316): awb_bayer_set_led_gains AWB decision invalid. return
I/MotoNetwCtrlr.MotoWifiHndlr( 1242): handleMessage: Entered msg.what=1
I/MotoNetwCtrlr.MotorolaWifiSignalController( 1242): isDirty: returns true
I/MotoNetwCtrlr.MotorolaWifiSignalController( 1242): notifyListeners: calling SB [0] setWifiIndicators (Motorola api): UseMotoUI=true Vis=true SBSig=0x7f02014a=stat_sys_wifi_signal_3_fully SBAct=( none ) DescSig="Wi-Fi three bars." DescAct="wifi in" NetName=""3 bachelors""
I/MotoNetwCtrlr.MotorolaWifiSignalController( 1242): notifyListeners: calling SB [1] setWifiIndicators (Motorola api): UseMotoUI=true Vis=true SBSig=0x7f02014a=stat_sys_wifi_signal_3_fully SBAct=( none ) DescSig="Wi-Fi three bars." DescAct="wifi in" NetName=""3 bachelors""
I/MotoNetwCtrlr.MotorolaWifiSignalController( 1242): notifyListeners: calling SB [2] setWifiIndicators (Motorola api): UseMotoUI=true Vis=true SBSig=0x7f02014a=stat_sys_wifi_signal_3_fully SBAct=( none ) DescSig="Wi-Fi three bars." DescAct="wifi in" NetName=""3 bachelors""
I/MotoNetwCtrlr.MotoWifiHndlr( 1242): handleMessage: Completed
D/QCamera2HWI(  289): int32_t qcamera::QCamera2HardwareInterface::processFaceDetectionResult(cam_face_detection_data_t*): metadata msgtype not enabled, no ops here
D/QCamera2HWI(  289): int32_t qcamera::QCamera2HardwareInterface::processFaceDetectionResult(cam_face_detection_data_t*): metadata msgtype not enabled, no ops here
E/mm-camera-CORE(  316): awb_bayer_set_led_gains AWB decision invalid. return
D/QCamera2HWI(  289): int32_t qcamera::QCamera2HardwareInterface::processFaceDetectionResult(cam_face_detection_data_t*): metadata msgtype not enabled, no ops here
D/QCamera2HWI(  289): int32_t qcamera::QCamera2HardwareInterface::processFaceDetectionResult(cam_face_detection_data_t*): metadata msgtype not enabled, no ops here
E/NEW_BHD (11650): Battery Power Supply logging Daemon start!!!!!
E/NEW_BHD (11650): Cannot run on production devices!
E/mm-camera-CORE(  316): awb_bayer_set_led_gains AWB decision invalid. return
D/QCamera2HWI(  289): int32_t qcamera::QCamera2HardwareInterface::processFaceDetectionResult(cam_face_detection_data_t*): metadata msgtype not enabled, no ops here
D/QCamera2HWI(  289): int32_t qcamera::QCamera2HardwareInterface::processFaceDetectionResult(cam_face_detection_data_t*): metadata msgtype not enabled, no ops here
E/mm-camera-CORE(  316): awb_bayer_set_led_gains AWB decision invalid. return
D/QCamera2HWI(  289): int32_t qcamera::QCamera2HardwareInterface::processFaceDetectionResult(cam_face_detection_data_t*): metadata msgtype not enabled, no ops here
D/QCamera2HWI(  289): int32_t qcamera::QCamera2HardwareInterface::processFaceDetectionResult(cam_face_detection_data_t*): metadata msgtype not enabled, no ops here
E/mm-camera-CORE(  316): awb_bayer_set_led_gains AWB decision invalid. return
D/QCamera2HWI(  289): int32_t qcamera::QCamera2HardwareInterface::processFaceDetectionResult(cam_face_detection_data_t*): metadata msgtype not enabled, no ops here
D/QCamera2HWI(  289): int32_t qcamera::QCamera2HardwareInterface::processFaceDetectionResult(cam_face_detection_data_t*): metadata msgtype not enabled, no ops here
E/mm-camera-CORE(  316): awb_bayer_set_led_gains AWB decision invalid. return
D/QCamera2HWI(  289): int32_t qcamera::QCamera2HardwareInterface::processFaceDetectionResult(cam_face_detection_data_t*): metadata msgtype not enabled, no ops here
D/QCamera2HWI(  289): int32_t qcamera::QCamera2HardwareInterface::processFaceDetectionResult(cam_face_detection_data_t*): metadata msgtype not enabled, no ops here
E/mm-camera-CORE(  316): awb_bayer_set_led_gains AWB decision invalid. return
D/QCamera2HWI(  289): int32_t qcamera::QCamera2HardwareInterface::processFaceDetectionResult(cam_face_detection_data_t*): metadata msgtype not enabled, no ops here
D/QCamera2HWI(  289): int32_t qcamera::QCamera2HardwareInterface::processFaceDetectionResult(cam_face_detection_data_t*): metadata msgtype not enabled, no ops here
E/mm-camera-CORE(  316): awb_bayer_set_led_gains AWB decision invalid. return
D/QCamera2HWI(  289): int32_t qcamera::QCamera2HardwareInterface::processFaceDetectionResult(cam_face_detection_data_t*): metadata msgtype not enabled, no ops here
I/MotoNetwCtrlr.MotoWifiHndlr( 1242): handleMessage: Entered msg.what=1
I/MotoNetwCtrlr.MotorolaWifiSignalController( 1242): isDirty: returns true
I/MotoNetwCtrlr.MotorolaWifiSignalController( 1242): notifyListeners: calling SB [0] setWifiIndicators (Motorola api): UseMotoUI=true Vis=true SBSig=0x7f02014a=stat_sys_wifi_signal_3_fully SBAct=( none ) DescSig="Wi-Fi three bars." DescAct="wifi idle" NetName=""3 bachelors""
I/MotoNetwCtrlr.MotorolaWifiSignalController( 1242): notifyListeners: calling SB [1] setWifiIndicators (Motorola api): UseMotoUI=true Vis=true SBSig=0x7f02014a=stat_sys_wifi_signal_3_fully SBAct=( none ) DescSig="Wi-Fi three bars." DescAct="wifi idle" NetName=""3 bachelors""
I/MotoNetwCtrlr.MotorolaWifiSignalController( 1242): notifyListeners: calling SB [2] setWifiIndicators (Motorola api): UseMotoUI=true Vis=true SBSig=0x7f02014a=stat_sys_wifi_signal_3_fully SBAct=( none ) DescSig="Wi-Fi three bars." DescAct="wifi idle" NetName=""3 bachelors""
I/MotoNetwCtrlr.MotoWifiHndlr( 1242): handleMessage: Completed
D/QCamera2HWI(  289): int32_t qcamera::QCamera2HardwareInterface::processFaceDetectionResult(cam_face_detection_data_t*): metadata msgtype not enabled, no ops here
I/MotoNetwCtrlr( 1242): onReceive: Received intent=Intent { act=android.net.wifi.RSSI_CHANGED flg=0x4000010 (has extras) } Action=android.net.wifi.RSSI_CHANGED
I/MotoNetwCtrlr.MotoWifiSignalCtrlr( 1242): handleBroadcast: Entered: Intent=Intent { act=android.net.wifi.RSSI_CHANGED flg=0x4000010 (has extras) } Action=android.net.wifi.RSSI_CHANGED
I/MotoNetwCtrlr.MotorolaWifiSignalController( 1242): isDirty: returns false
I/MotoNetwCtrlr.MotoWifiSignalCtrlr( 1242): handleBroadcast: Completed
I/MotoNetwCtrlr( 1242): onReceive: Completed intent=Intent { act=android.net.wifi.RSSI_CHANGED flg=0x4000010 (has extras) } Action=android.net.wifi.RSSI_CHANGED
E/mm-camera-CORE(  316): awb_bayer_set_led_gains AWB decision invalid. return
D/QCamera2HWI(  289): int32_t qcamera::QCamera2HardwareInterface::processFaceDetectionResult(cam_face_detection_data_t*): metadata msgtype not enabled, no ops here
D/QCamera2HWI(  289): int32_t qcamera::QCamera2HardwareInterface::processFaceDetectionResult(cam_face_detection_data_t*): metadata msgtype not enabled, no ops here
E/mm-camera-CORE(  316): awb_bayer_set_led_gains AWB decision invalid. return
D/QCamera2HWI(  289): int32_t qcamera::QCamera2HardwareInterface::processFaceDetectionResult(cam_face_detection_data_t*): metadata msgtype not enabled, no ops here
D/QCamera2HWI(  289): int32_t qcamera::QCamera2HardwareInterface::processFaceDetectionResult(cam_face_detection_data_t*): metadata msgtype not enabled, no ops here
E/mm-camera-CORE(  316): awb_bayer_set_led_gains AWB decision invalid. return
D/QCamera2HWI(  289): int32_t qcamera::QCamera2HardwareInterface::processFaceDetectionResult(cam_face_detection_data_t*): metadata msgtype not enabled, no ops here
D/QCamera2HWI(  289): int32_t qcamera::QCamera2HardwareInterface::processFaceDetectionResult(cam_face_detection_data_t*): metadata msgtype not enabled, no ops here
E/mm-camera-CORE(  316): awb_bayer_set_led_gains AWB decision invalid. return
D/QCamera2HWI(  289): int32_t qcamera::QCamera2HardwareInterface::processFaceDetectionResult(cam_face_detection_data_t*): metadata msgtype not enabled, no ops here
D/QCamera2HWI(  289): int32_t qcamera::QCamera2HardwareInterface::processFaceDetectionResult(cam_face_detection_data_t*): metadata msgtype not enabled, no ops here
E/mm-camera-CORE(  316): awb_bayer_set_led_gains AWB decision invalid. return
D/QCamera2HWI(  289): int32_t qcamera::QCamera2HardwareInterface::processFaceDetectionResult(cam_face_detection_data_t*): metadata msgtype not enabled, no ops here
D/QCamera2HWI(  289): int32_t qcamera::QCamera2HardwareInterface::processFaceDetectionResult(cam_face_detection_data_t*): metadata msgtype not enabled, no ops here
E/mm-camera-CORE(  316): awb_bayer_set_led_gains AWB decision invalid. return
D/QCamera2HWI(  289): int32_t qcamera::QCamera2HardwareInterface::processFaceDetectionResult(cam_face_detection_data_t*): metadata msgtype not enabled, no ops here
D/QCamera2HWI(  289): int32_t qcamera::QCamera2HardwareInterface::processFaceDetectionResult(cam_face_detection_data_t*): metadata msgtype not enabled, no ops here
E/mm-camera-CORE(  316): awb_bayer_set_led_gains AWB decision invalid. return
I/SFPerfTracer(  240):      triggers: (rate: 186:8509) (compose: 0:170) (post: 0:432) (render: 0:475) (2:231110 frames) (3:278679)
D/SFPerfTracer(  240):        layers: (3:10) (FocusedStackFrame (0xb795c1e0): 0:4485)* (DimLayer (0xb7a09938): 0:699)* (DimLayer (0xb79fb730): 0:4046)* (DimLayer (0xb7a00e58): 0:937)* (StatusBar (0xb79d0168): 0:33838)* (com.android.systemui.ImageWallpaper (0xb79e3c48): 0:2036)* (NavigationBar (0xb7a28600): 0:3812) (com.motorola.camera/com.motorola.camera.Camera (0xb798ed60): 0:29) (SurfaceView (0xb7991fb0): 2:124) 
D/QCamera2HWI(  289): int32_t qcamera::QCamera2HardwareInterface::processFaceDetectionResult(cam_face_detection_data_t*): metadata msgtype not enabled, no ops here
D/QCamera2HWI(  289): int32_t qcamera::QCamera2HardwareInterface::processFaceDetectionResult(cam_face_detection_data_t*): metadata msgtype not enabled, no ops here
E/mm-camera-CORE(  316): awb_bayer_set_led_gains AWB decision invalid. return
D/QCamera2HWI(  289): int32_t qcamera::QCamera2HardwareInterface::processFaceDetectionResult(cam_face_detection_data_t*): metadata msgtype not enabled, no ops here
D/QCamera2HWI(  289): int32_t qcamera::QCamera2HardwareInterface::processFaceDetectionResult(cam_face_detection_data_t*): metadata msgtype not enabled, no ops here
E/mm-camera-CORE(  316): awb_bayer_set_led_gains AWB decision invalid. return
D/QCamera2HWI(  289): int32_t qcamera::QCamera2HardwareInterface::processFaceDetectionResult(cam_face_detection_data_t*): metadata msgtype not enabled, no ops here
D/QCamera2HWI(  289): int32_t qcamera::QCamera2HardwareInterface::processFaceDetectionResult(cam_face_detection_data_t*): metadata msgtype not enabled, no ops here
E/mm-camera-CORE(  316): awb_bayer_set_led_gains AWB decision invalid. return
D/QCamera2HWI(  289): int32_t qcamera::QCamera2HardwareInterface::processFaceDetectionResult(cam_face_detection_data_t*): metadata msgtype not enabled, no ops here
D/QCamera2HWI(  289): int32_t qcamera::QCamera2HardwareInterface::processFaceDetectionResult(cam_face_detection_data_t*): metadata msgtype not enabled, no ops here
E/mm-camera-CORE(  316): awb_bayer_set_led_gains AWB decision invalid. return
D/QCamera2HWI(  289): int32_t qcamera::QCamera2HardwareInterface::processFaceDetectionResult(cam_face_detection_data_t*): metadata msgtype not enabled, no ops here
D/QCamera2HWI(  289): int32_t qcamera::QCamera2HardwareInterface::processFaceDetectionResult(cam_face_detection_data_t*): metadata msgtype not enabled, no ops here
E/mm-camera-CORE(  316): awb_bayer_set_led_gains AWB decision invalid. return
D/QCamera2HWI(  289): int32_t qcamera::QCamera2HardwareInterface::processFaceDetectionResult(cam_face_detection_data_t*): metadata msgtype not enabled, no ops here
I/MotoNetwCtrlr.MotoNetwCtrlrImpl.MotorolaMobileSignalController( 2 ) ( 1242): MotorolaMobilePhoneStateListener.onSignalStrengthsChanged: Entered: signalStrength=SignalStrength: 0 0 -120 -160 -120 -1 -1 99 2147483647 2147483647 2147483647 2147483647 2147483647 gsm|lte 0 -108 -1 false 0 0 0 0 0 99 99 99 4 1 level=0
I/MotoNetwCtrlr.MotoNetwCtrlrImpl.MotorolaMobileSignalController( 2 ) ( 1242): isDirty: returns true
I/MotoNetwCtrlr.MotoNetwCtrlrImpl.MotorolaMobileSignalController( 2 ) ( 1242): notifyListeners: calling SB [0] setMobileDataIndicators (Motorola api): mobileUseMotoUI=true mobileEnabled=true mobileSimIconId=( none ) mobileSignalIconId=0x7f02042c=zz_moto_stat_sys_signal_0_of_4_fully_wide mobileRoamingIconId=( none ) mobileDataTypeIconId=( none ) mobileDataActivityIconId=( none ) mobileCarrierDescription="airtel" mobileSimDescription="" mobileSignalContentDescription="no phone signal" mobileRoamingDescription="" mobileDataTypeContentDescription="3 G" mobileDataActivityContentDescription="" mobileIsRoaming=false isDataTypeIconWide=true mobileIsBidiDirectionEnabled=false mobileSubId=2
I/MotoNetwCtrlr.MotoNetwCtrlrImpl.MotorolaMobileSignalController( 2 ) ( 1242): notifyListeners: calling SB [1] setMobileDataIndicators (Motorola api): mobileUseMotoUI=true mobileEnabled=true mobileSimIconId=( none ) mobileSignalIconId=0x7f02042c=zz_moto_stat_sys_signal_0_of_4_fully_wide mobileRoamingIconId=( none ) mobileDataTypeIconId=( none ) mobileDataActivityIconId=( none ) mobileCarrierDescription="airtel" mobileSimDescription="" mobileSignalContentDescription="no phone signal" mobileRoamingDescription="" mobileDataTypeContentDescription="3 G" mobileDataActivityContentDescription="" mobileIsRoaming=false isDataTypeIconWide=true mobileIsBidiDirectionEnabled=false mobileSubId=2
I/MotoNetwCtrlr.MotoNetwCtrlrImpl.MotorolaMobileSignalController( 2 ) ( 1242): notifyListeners: calling SB [2] setMobileDataIndicators (Motorola api): mobileUseMotoUI=true mobileEnabled=true mobileSimIconId=( none ) mobileSignalIconId=0x7f02042c=zz_moto_stat_sys_signal_0_of_4_fully_wide mobileRoamingIconId=( none ) mobileDataTypeIconId=( none ) mobileDataActivityIconId=( none ) mobileCarrierDescription="airtel" mobileSimDescription="" mobileSignalContentDescription="no phone signal" mobileRoamingDescription="" mobileDataTypeContentDescription="3 G" mobileDataActivityContentDescription="" mobileIsRoaming=false isDataTypeIconWide=true mobileIsBidiDirectionEnabled=false mobileSubId=2
I/MotoNetwCtrlr.MotoNetwCtrlrImpl.MotorolaMobileSignalController( 2 ) ( 1242): MotorolaMobilePhoneStateListener.onSignalStrengthsChanged: completed: level=0
D/QCamera2HWI(  289): int32_t qcamera::QCamera2HardwareInterface::processFaceDetectionResult(cam_face_detection_data_t*): metadata msgtype not enabled, no ops here
E/mm-camera-CORE(  316): awb_bayer_set_led_gains AWB decision invalid. return
D/QCamera2HWI(  289): int32_t qcamera::QCamera2HardwareInterface::processFaceDetectionResult(cam_face_detection_data_t*): metadata msgtype not enabled, no ops here
D/QCamera2HWI(  289): int32_t qcamera::QCamera2HardwareInterface::processFaceDetectionResult(cam_face_detection_data_t*): metadata msgtype not enabled, no ops here
E/mm-camera-CORE(  316): awb_bayer_set_led_gains AWB decision invalid. return
D/QCamera2HWI(  289): int32_t qcamera::QCamera2HardwareInterface::processFaceDetectionResult(cam_face_detection_data_t*): metadata msgtype not enabled, no ops here
D/QCamera2HWI(  289): int32_t qcamera::QCamera2HardwareInterface::processFaceDetectionResult(cam_face_detection_data_t*): metadata msgtype not enabled, no ops here
E/mm-camera-CORE(  316): awb_bayer_set_led_gains AWB decision invalid. return
D/QCamera2HWI(  289): int32_t qcamera::QCamera2HardwareInterface::processFaceDetectionResult(cam_face_detection_data_t*): metadata msgtype not enabled, no ops here
I/MotoNetwCtrlr.MotoWifiHndlr( 1242): handleMessage: Entered msg.what=1
I/MotoNetwCtrlr.MotorolaWifiSignalController( 1242): isDirty: returns true
I/MotoNetwCtrlr.MotorolaWifiSignalController( 1242): notifyListeners: calling SB [0] setWifiIndicators (Motorola api): UseMotoUI=true Vis=true SBSig=0x7f02014a=stat_sys_wifi_signal_3_fully SBAct=( none ) DescSig="Wi-Fi three bars." DescAct="wifi in" NetName=""3 bachelors""
I/MotoNetwCtrlr.MotorolaWifiSignalController( 1242): notifyListeners: calling SB [1] setWifiIndicators (Motorola api): UseMotoUI=true Vis=true SBSig=0x7f02014a=stat_sys_wifi_signal_3_fully SBAct=( none ) DescSig="Wi-Fi three bars." DescAct="wifi in" NetName=""3 bachelors""
I/MotoNetwCtrlr.MotorolaWifiSignalController( 1242): notifyListeners: calling SB [2] setWifiIndicators (Motorola api): UseMotoUI=true Vis=true SBSig=0x7f02014a=stat_sys_wifi_signal_3_fully SBAct=( none ) DescSig="Wi-Fi three bars." DescAct="wifi in" NetName=""3 bachelors""
I/MotoNetwCtrlr.MotoWifiHndlr( 1242): handleMessage: Completed
D/QCamera2HWI(  289): int32_t qcamera::QCamera2HardwareInterface::processFaceDetectionResult(cam_face_detection_data_t*): metadata msgtype not enabled, no ops here
E/mm-camera-CORE(  316): awb_bayer_set_led_gains AWB decision invalid. return
D/QCamera2HWI(  289): int32_t qcamera::QCamera2HardwareInterface::processFaceDetectionResult(cam_face_detection_data_t*): metadata msgtype not enabled, no ops here
D/QCamera2HWI(  289): int32_t qcamera::QCamera2HardwareInterface::processFaceDetectionResult(cam_face_detection_data_t*): metadata msgtype not enabled, no ops here
E/mm-camera-CORE(  316): awb_bayer_set_led_gains AWB decision invalid. return
D/QCamera2HWI(  289): int32_t qcamera::QCamera2HardwareInterface::processFaceDetectionResult(cam_face_detection_data_t*): metadata msgtype not enabled, no ops here
D/QCamera2HWI(  289): int32_t qcamera::QCamera2HardwareInterface::processFaceDetectionResult(cam_face_detection_data_t*): metadata msgtype not enabled, no ops here
E/mm-camera-CORE(  316): awb_bayer_set_led_gains AWB decision invalid. return
D/QCamera2HWI(  289): int32_t qcamera::QCamera2HardwareInterface::processFaceDetectionResult(cam_face_detection_data_t*): metadata msgtype not enabled, no ops here
D/QCamera2HWI(  289): int32_t qcamera::QCamera2HardwareInterface::processFaceDetectionResult(cam_face_detection_data_t*): metadata msgtype not enabled, no ops here
E/mm-camera-CORE(  316): awb_bayer_set_led_gains AWB decision invalid. return
D/QCamera2HWI(  289): int32_t qcamera::QCamera2HardwareInterface::processFaceDetectionResult(cam_face_detection_data_t*): metadata msgtype not enabled, no ops here
D/QCamera2HWI(  289): int32_t qcamera::QCamera2HardwareInterface::processFaceDetectionResult(cam_face_detection_data_t*): metadata msgtype not enabled, no ops here
E/mm-camera-CORE(  316): awb_bayer_set_led_gains AWB decision invalid. return
D/QCamera2HWI(  289): int32_t qcamera::QCamera2HardwareInterface::processFaceDetectionResult(cam_face_detection_data_t*): metadata msgtype not enabled, no ops here
D/QCamera2HWI(  289): int32_t qcamera::QCamera2HardwareInterface::processFaceDetectionResult(cam_face_detection_data_t*): metadata msgtype not enabled, no ops here
E/mm-camera-CORE(  316): awb_bayer_set_led_gains AWB decision invalid. return
D/QCamera2HWI(  289): int32_t qcamera::QCamera2HardwareInterface::processFaceDetectionResult(cam_face_detection_data_t*): metadata msgtype not enabled, no ops here
