D/WifiHAL (  969): no_seq_check received
I/WifiHAL (  969): event received NL80211_CMD_NEW_SCAN_RESULTS
I/WifiHAL (  969): event received NL80211_CMD_NEW_SCAN_RESULTS, vendor_id = 0x0
I/WifiHAL (  969): event ignored!!
E/WifiStateMachine(  969): [1,535,672,175,012 ms] noteScanEnd no scan source onTime=0
E/WifiStateMachine(  969): wifi setScanResults statecom.android.server.wifi.WifiStateMachine$ConnectedState@3cbb0ec sup_state=COMPLETED debouncing=false mConnectionRequests=0 selection="3 bachelors"WPA_PSK
W/ctxmgr  ( 1835): [AclManager]No 2 for (accnt=account#-517948760#, com.google.android.gms(10017):IndoorOutdoorProducer, vrsn=12874000, 0, 3pPkg = null ,  3pMdlId = null ,  pid = 1835). Was: 3 for 57, account#-517948760#
I/MotoNetwCtrlr.MotoWifiHndlr( 1242): handleMessage: Entered msg.what=1
I/MotoNetwCtrlr.MotorolaWifiSignalController( 1242): isDirty: returns true
I/MotoNetwCtrlr.MotorolaWifiSignalController( 1242): notifyListeners: calling SB [0] setWifiIndicators (Motorola api): UseMotoUI=true Vis=true SBSig=0x7f02014a=stat_sys_wifi_signal_3_fully SBAct=( none ) DescSig="Wi-Fi three bars." DescAct="wifi idle" NetName=""3 bachelors""
I/MotoNetwCtrlr.MotorolaWifiSignalController( 1242): notifyListeners: calling SB [1] setWifiIndicators (Motorola api): UseMotoUI=true Vis=true SBSig=0x7f02014a=stat_sys_wifi_signal_3_fully SBAct=( none ) DescSig="Wi-Fi three bars." DescAct="wifi idle" NetName=""3 bachelors""
I/MotoNetwCtrlr.MotorolaWifiSignalController( 1242): notifyListeners: calling SB [2] setWifiIndicators (Motorola api): UseMotoUI=true Vis=true SBSig=0x7f02014a=stat_sys_wifi_signal_3_fully SBAct=( none ) DescSig="Wi-Fi three bars." DescAct="wifi idle" NetName=""3 bachelors""
I/MotoNetwCtrlr.MotoWifiHndlr( 1242): handleMessage: Completed
I/MotoNetwCtrlr( 1242): onReceive: Received intent=Intent { act=android.net.wifi.RSSI_CHANGED flg=0x4000010 (has extras) } Action=android.net.wifi.RSSI_CHANGED
I/MotoNetwCtrlr.MotoWifiSignalCtrlr( 1242): handleBroadcast: Entered: Intent=Intent { act=android.net.wifi.RSSI_CHANGED flg=0x4000010 (has extras) } Action=android.net.wifi.RSSI_CHANGED
I/MotoNetwCtrlr.MotorolaWifiSignalController( 1242): isDirty: returns false
I/MotoNetwCtrlr.MotoWifiSignalCtrlr( 1242): handleBroadcast: Completed
I/MotoNetwCtrlr( 1242): onReceive: Completed intent=Intent { act=android.net.wifi.RSSI_CHANGED flg=0x4000010 (has extras) } Action=android.net.wifi.RSSI_CHANGED
I/MotoNetwCtrlr.MotoWifiHndlr( 1242): handleMessage: Entered msg.what=1
I/MotoNetwCtrlr.MotorolaWifiSignalController( 1242): isDirty: returns true
I/MotoNetwCtrlr.MotorolaWifiSignalController( 1242): notifyListeners: calling SB [0] setWifiIndicators (Motorola api): UseMotoUI=true Vis=true SBSig=0x7f02014a=stat_sys_wifi_signal_3_fully SBAct=( none ) DescSig="Wi-Fi three bars." DescAct="wifi in and out" NetName=""3 bachelors""
I/MotoNetwCtrlr.MotorolaWifiSignalController( 1242): notifyListeners: calling SB [1] setWifiIndicators (Motorola api): UseMotoUI=true Vis=true SBSig=0x7f02014a=stat_sys_wifi_signal_3_fully SBAct=( none ) DescSig="Wi-Fi three bars." DescAct="wifi in and out" NetName=""3 bachelors""
I/MotoNetwCtrlr.MotorolaWifiSignalController( 1242): notifyListeners: calling SB [2] setWifiIndicators (Motorola api): UseMotoUI=true Vis=true SBSig=0x7f02014a=stat_sys_wifi_signal_3_fully SBAct=( none ) DescSig="Wi-Fi three bars." DescAct="wifi in and out" NetName=""3 bachelors""
I/MotoNetwCtrlr.MotoWifiHndlr( 1242): handleMessage: Completed
E/NEW_BHD (10827): Battery Power Supply logging Daemon start!!!!!
E/NEW_BHD (10827): Cannot run on production devices!
I/MotoNetwCtrlr.MotoWifiHndlr( 1242): handleMessage: Entered msg.what=1
I/MotoNetwCtrlr.MotorolaWifiSignalController( 1242): isDirty: returns true
I/MotoNetwCtrlr.MotorolaWifiSignalController( 1242): notifyListeners: calling SB [0] setWifiIndicators (Motorola api): UseMotoUI=true Vis=true SBSig=0x7f02014a=stat_sys_wifi_signal_3_fully SBAct=( none ) DescSig="Wi-Fi three bars." DescAct="wifi in" NetName=""3 bachelors""
I/MotoNetwCtrlr.MotorolaWifiSignalController( 1242): notifyListeners: calling SB [1] setWifiIndicators (Motorola api): UseMotoUI=true Vis=true SBSig=0x7f02014a=stat_sys_wifi_signal_3_fully SBAct=( none ) DescSig="Wi-Fi three bars." DescAct="wifi in" NetName=""3 bachelors""
I/MotoNetwCtrlr.MotorolaWifiSignalController( 1242): notifyListeners: calling SB [2] setWifiIndicators (Motorola api): UseMotoUI=true Vis=true SBSig=0x7f02014a=stat_sys_wifi_signal_3_fully SBAct=( none ) DescSig="Wi-Fi three bars." DescAct="wifi in" NetName=""3 bachelors""
I/MotoNetwCtrlr.MotoWifiHndlr( 1242): handleMessage: Completed
I/Finsky  (13360): [18247] com.google.android.finsky.bn.ab.run(5): Stats for Executor: BlockingExecutor com.google.android.finsky.bn.ac@3deb068c[Running, pool size = 0, active threads = 0, queued tasks = 0, completed tasks = 0]
I/Finsky  (13360): [18247] com.google.android.finsky.bn.ab.run(5): Stats for Executor: LightweightExecutor com.google.android.finsky.bn.ac@1558a1d5[Running, pool size = 1, active threads = 0, queued tasks = 0, completed tasks = 1]
I/MotoNetwCtrlr( 1242): onReceive: Received intent=Intent { act=android.net.wifi.RSSI_CHANGED flg=0x4000010 (has extras) } Action=android.net.wifi.RSSI_CHANGED
I/MotoNetwCtrlr.MotoWifiSignalCtrlr( 1242): handleBroadcast: Entered: Intent=Intent { act=android.net.wifi.RSSI_CHANGED flg=0x4000010 (has extras) } Action=android.net.wifi.RSSI_CHANGED
I/MotoNetwCtrlr.MotorolaWifiSignalController( 1242): isDirty: returns false
I/MotoNetwCtrlr.MotoWifiSignalCtrlr( 1242): handleBroadcast: Completed
I/MotoNetwCtrlr( 1242): onReceive: Completed intent=Intent { act=android.net.wifi.RSSI_CHANGED flg=0x4000010 (has extras) } Action=android.net.wifi.RSSI_CHANGED
I/MotoNetwCtrlr.MotoNetwCtrlrImpl.MotorolaMobileSignalController( 2 ) ( 1242): MotorolaMobilePhoneStateListener.onSignalStrengthsChanged: Entered: signalStrength=SignalStrength: 2 0 -120 -160 -120 -1 -1 99 2147483647 2147483647 2147483647 2147483647 2147483647 gsm|lte 0 -108 -1 false 0 0 0 0 0 99 99 99 4 1 level=0
I/MotoNetwCtrlr.MotoNetwCtrlrImpl.MotorolaMobileSignalController( 2 ) ( 1242): isDirty: returns true
I/MotoNetwCtrlr.MotoNetwCtrlrImpl.MotorolaMobileSignalController( 2 ) ( 1242): notifyListeners: calling SB [0] setMobileDataIndicators (Motorola api): mobileUseMotoUI=true mobileEnabled=true mobileSimIconId=( none ) mobileSignalIconId=0x7f020444=zz_moto_stat_sys_signal_1_of_4_fully_wide mobileRoamingIconId=( none ) mobileDataTypeIconId=( none ) mobileDataActivityIconId=( none ) mobileCarrierDescription="airtel" mobileSimDescription="" mobileSignalContentDescription="phone signal one bar" mobileRoamingDescription="" mobileDataTypeContentDescription="3 G" mobileDataActivityContentDescription="" mobileIsRoaming=false isDataTypeIconWide=true mobileIsBidiDirectionEnabled=false mobileSubId=2
I/MotoNetwCtrlr.MotoNetwCtrlrImpl.MotorolaMobileSignalController( 2 ) ( 1242): notifyListeners: calling SB [1] setMobileDataIndicators (Motorola api): mobileUseMotoUI=true mobileEnabled=true mobileSimIconId=( none ) mobileSignalIconId=0x7f020444=zz_moto_stat_sys_signal_1_of_4_fully_wide mobileRoamingIconId=( none ) mobileDataTypeIconId=( none ) mobileDataActivityIconId=( none ) mobileCarrierDescription="airtel" mobileSimDescription="" mobileSignalContentDescription="phone signal one bar" mobileRoamingDescription="" mobileDataTypeContentDescription="3 G" mobileDataActivityContentDescription="" mobileIsRoaming=false isDataTypeIconWide=true mobileIsBidiDirectionEnabled=false mobileSubId=2
I/MotoNetwCtrlr.MotoNetwCtrlrImpl.MotorolaMobileSignalController( 2 ) ( 1242): notifyListeners: calling SB [2] setMobileDataIndicators (Motorola api): mobileUseMotoUI=true mobileEnabled=true mobileSimIconId=( none ) mobileSignalIconId=0x7f020444=zz_moto_stat_sys_signal_1_of_4_fully_wide mobileRoamingIconId=( none ) mobileDataTypeIconId=( none ) mobileDataActivityIconId=( none ) mobileCarrierDescription="airtel" mobileSimDescription="" mobileSignalContentDescription="phone signal one bar" mobileRoamingDescription="" mobileDataTypeContentDescription="3 G" mobileDataActivityContentDescription="" mobileIsRoaming=false isDataTypeIconWide=true mobileIsBidiDirectionEnabled=false mobileSubId=2
I/MotoNetwCtrlr.MotoNetwCtrlrImpl.MotorolaMobileSignalController( 2 ) ( 1242): MotorolaMobilePhoneStateListener.onSignalStrengthsChanged: completed: level=0
E/NEW_BHD (10984): Battery Power Supply logging Daemon start!!!!!
E/NEW_BHD (10984): Cannot run on production devices!
I/MotoNetwCtrlr( 1242): onReceive: Received intent=Intent { act=android.net.wifi.RSSI_CHANGED flg=0x4000010 (has extras) } Action=android.net.wifi.RSSI_CHANGED
I/MotoNetwCtrlr.MotoWifiSignalCtrlr( 1242): handleBroadcast: Entered: Intent=Intent { act=android.net.wifi.RSSI_CHANGED flg=0x4000010 (has extras) } Action=android.net.wifi.RSSI_CHANGED
I/MotoNetwCtrlr.MotorolaWifiSignalController( 1242): isDirty: returns false
I/MotoNetwCtrlr.MotoWifiSignalCtrlr( 1242): handleBroadcast: Completed
I/MotoNetwCtrlr( 1242): onReceive: Completed intent=Intent { act=android.net.wifi.RSSI_CHANGED flg=0x4000010 (has extras) } Action=android.net.wifi.RSSI_CHANGED
I/MotoNetwCtrlr.MotoWifiHndlr( 1242): handleMessage: Entered msg.what=1
I/MotoNetwCtrlr.MotorolaWifiSignalController( 1242): isDirty: returns true
I/MotoNetwCtrlr.MotorolaWifiSignalController( 1242): notifyListeners: calling SB [0] setWifiIndicators (Motorola api): UseMotoUI=true Vis=true SBSig=0x7f02014a=stat_sys_wifi_signal_3_fully SBAct=( none ) DescSig="Wi-Fi three bars." DescAct="wifi idle" NetName=""3 bachelors""
I/MotoNetwCtrlr.MotorolaWifiSignalController( 1242): notifyListeners: calling SB [1] setWifiIndicators (Motorola api): UseMotoUI=true Vis=true SBSig=0x7f02014a=stat_sys_wifi_signal_3_fully SBAct=( none ) DescSig="Wi-Fi three bars." DescAct="wifi idle" NetName=""3 bachelors""
I/MotoNetwCtrlr.MotorolaWifiSignalController( 1242): notifyListeners: calling SB [2] setWifiIndicators (Motorola api): UseMotoUI=true Vis=true SBSig=0x7f02014a=stat_sys_wifi_signal_3_fully SBAct=( none ) DescSig="Wi-Fi three bars." DescAct="wifi idle" NetName=""3 bachelors""
I/MotoNetwCtrlr.MotoWifiHndlr( 1242): handleMessage: Completed
I/MotoNetwCtrlr.MotoWifiHndlr( 1242): handleMessage: Entered msg.what=1
I/MotoNetwCtrlr.MotorolaWifiSignalController( 1242): isDirty: returns true
I/MotoNetwCtrlr.MotorolaWifiSignalController( 1242): notifyListeners: calling SB [0] setWifiIndicators (Motorola api): UseMotoUI=true Vis=true SBSig=0x7f02014a=stat_sys_wifi_signal_3_fully SBAct=( none ) DescSig="Wi-Fi three bars." DescAct="wifi in" NetName=""3 bachelors""
I/MotoNetwCtrlr.MotorolaWifiSignalController( 1242): notifyListeners: calling SB [1] setWifiIndicators (Motorola api): UseMotoUI=true Vis=true SBSig=0x7f02014a=stat_sys_wifi_signal_3_fully SBAct=( none ) DescSig="Wi-Fi three bars." DescAct="wifi in" NetName=""3 bachelors""
I/MotoNetwCtrlr.MotorolaWifiSignalController( 1242): notifyListeners: calling SB [2] setWifiIndicators (Motorola api): UseMotoUI=true Vis=true SBSig=0x7f02014a=stat_sys_wifi_signal_3_fully SBAct=( none ) DescSig="Wi-Fi three bars." DescAct="wifi in" NetName=""3 bachelors""
I/MotoNetwCtrlr.MotoWifiHndlr( 1242): handleMessage: Completed
I/MotoNetwCtrlr( 1242): onReceive: Received intent=Intent { act=android.net.wifi.RSSI_CHANGED flg=0x4000010 (has extras) } Action=android.net.wifi.RSSI_CHANGED
I/MotoNetwCtrlr.MotoWifiSignalCtrlr( 1242): handleBroadcast: Entered: Intent=Intent { act=android.net.wifi.RSSI_CHANGED flg=0x4000010 (has extras) } Action=android.net.wifi.RSSI_CHANGED
I/MotoNetwCtrlr.MotorolaWifiSignalController( 1242): isDirty: returns false
I/MotoNetwCtrlr.MotoWifiSignalCtrlr( 1242): handleBroadcast: Completed
I/MotoNetwCtrlr( 1242): onReceive: Completed intent=Intent { act=android.net.wifi.RSSI_CHANGED flg=0x4000010 (has extras) } Action=android.net.wifi.RSSI_CHANGED
I/MotoNetwCtrlr.MotoWifiHndlr( 1242): handleMessage: Entered msg.what=1
I/MotoNetwCtrlr.MotorolaWifiSignalController( 1242): isDirty: returns true
I/MotoNetwCtrlr.MotorolaWifiSignalController( 1242): notifyListeners: calling SB [0] setWifiIndicators (Motorola api): UseMotoUI=true Vis=true SBSig=0x7f02014a=stat_sys_wifi_signal_3_fully SBAct=( none ) DescSig="Wi-Fi three bars." DescAct="wifi idle" NetName=""3 bachelors""
I/MotoNetwCtrlr.MotorolaWifiSignalController( 1242): notifyListeners: calling SB [1] setWifiIndicators (Motorola api): UseMotoUI=true Vis=true SBSig=0x7f02014a=stat_sys_wifi_signal_3_fully SBAct=( none ) DescSig="Wi-Fi three bars." DescAct="wifi idle" NetName=""3 bachelors""
I/MotoNetwCtrlr.MotorolaWifiSignalController( 1242): notifyListeners: calling SB [2] setWifiIndicators (Motorola api): UseMotoUI=true Vis=true SBSig=0x7f02014a=stat_sys_wifi_signal_3_fully SBAct=( none ) DescSig="Wi-Fi three bars." DescAct="wifi idle" NetName=""3 bachelors""
I/MotoNetwCtrlr.MotoWifiHndlr( 1242): handleMessage: Completed
I/MotoNetwCtrlr.MotoWifiHndlr( 1242): handleMessage: Entered msg.what=1
I/MotoNetwCtrlr.MotorolaWifiSignalController( 1242): isDirty: returns true
I/MotoNetwCtrlr.MotorolaWifiSignalController( 1242): notifyListeners: calling SB [0] setWifiIndicators (Motorola api): UseMotoUI=true Vis=true SBSig=0x7f02014a=stat_sys_wifi_signal_3_fully SBAct=( none ) DescSig="Wi-Fi three bars." DescAct="wifi in" NetName=""3 bachelors""
I/MotoNetwCtrlr.MotorolaWifiSignalController( 1242): notifyListeners: calling SB [1] setWifiIndicators (Motorola api): UseMotoUI=true Vis=true SBSig=0x7f02014a=stat_sys_wifi_signal_3_fully SBAct=( none ) DescSig="Wi-Fi three bars." DescAct="wifi in" NetName=""3 bachelors""
I/MotoNetwCtrlr.MotorolaWifiSignalController( 1242): notifyListeners: calling SB [2] setWifiIndicators (Motorola api): UseMotoUI=true Vis=true SBSig=0x7f02014a=stat_sys_wifi_signal_3_fully SBAct=( none ) DescSig="Wi-Fi three bars." DescAct="wifi in" NetName=""3 bachelors""
I/MotoNetwCtrlr.MotoWifiHndlr( 1242): handleMessage: Completed
E/NEW_BHD (11143): Battery Power Supply logging Daemon start!!!!!
E/NEW_BHD (11143): Cannot run on production devices!
I/MotoNetwCtrlr.MotoWifiHndlr( 1242): handleMessage: Entered msg.what=1
I/MotoNetwCtrlr.MotorolaWifiSignalController( 1242): isDirty: returns true
I/MotoNetwCtrlr.MotorolaWifiSignalController( 1242): notifyListeners: calling SB [0] setWifiIndicators (Motorola api): UseMotoUI=true Vis=true SBSig=0x7f02014a=stat_sys_wifi_signal_3_fully SBAct=( none ) DescSig="Wi-Fi three bars." DescAct="wifi idle" NetName=""3 bachelors""
I/MotoNetwCtrlr.MotorolaWifiSignalController( 1242): notifyListeners: calling SB [1] setWifiIndicators (Motorola api): UseMotoUI=true Vis=true SBSig=0x7f02014a=stat_sys_wifi_signal_3_fully SBAct=( none ) DescSig="Wi-Fi three bars." DescAct="wifi idle" NetName=""3 bachelors""
I/MotoNetwCtrlr.MotorolaWifiSignalController( 1242): notifyListeners: calling SB [2] setWifiIndicators (Motorola api): UseMotoUI=true Vis=true SBSig=0x7f02014a=stat_sys_wifi_signal_3_fully SBAct=( none ) DescSig="Wi-Fi three bars." DescAct="wifi idle" NetName=""3 bachelors""
I/MotoNetwCtrlr.MotoWifiHndlr( 1242): handleMessage: Completed
I/MotoNetwCtrlr( 1242): onReceive: Received intent=Intent { act=android.net.wifi.RSSI_CHANGED flg=0x4000010 (has extras) } Action=android.net.wifi.RSSI_CHANGED
I/MotoNetwCtrlr.MotoWifiSignalCtrlr( 1242): handleBroadcast: Entered: Intent=Intent { act=android.net.wifi.RSSI_CHANGED flg=0x4000010 (has extras) } Action=android.net.wifi.RSSI_CHANGED
I/MotoNetwCtrlr.MotorolaWifiSignalController( 1242): isDirty: returns false
I/MotoNetwCtrlr.MotoWifiSignalCtrlr( 1242): handleBroadcast: Completed
I/MotoNetwCtrlr( 1242): onReceive: Completed intent=Intent { act=android.net.wifi.RSSI_CHANGED flg=0x4000010 (has extras) } Action=android.net.wifi.RSSI_CHANGED
I/SFPerfTracer(  240):      triggers: (rate: 16:622) (903751 sw vsyncs) (0 skipped) (6:769770 vsyncs) (8:1698273)
V/AlarmManager(  969): sending alarm {26ffada9 type 2 *walarm*:com.google.android.location.ALARM_WAKEUP_LOCATOR}
D/WifiService(  969): acquireWifiLockLocked: WifiLock{NlpWifiLock type=2 binder=android.os.BinderProxy@2436a075}
V/AlarmManager(  969): done {26ffada9, *walarm*:com.google.android.location.ALARM_WAKEUP_LOCATOR} [24ms]
I/art     (  969): Explicit concurrent mark sweep GC freed 44229(2005KB) AllocSpace objects, 2(28KB) LOS objects, 32% free, 33MB/49MB, paused 2.185ms total 143.811ms
D/WifiService(  969): releaseWifiLockLocked: WifiLock{NlpWifiLock type=2 binder=android.os.BinderProxy@2436a075}
D/LBSSystemMonitorService(  969): handleMessage what - 7
D/Wiper_jni(  969): Send Passive Location.
D/RYLOCATION( 1981): NO network available
I/Places  ( 1835): Converted 4 out of 4 WiFi scans
W/ctxmgr  ( 1835): [AclManager]No 2 for (accnt=account#-376792216#, com.google.android.gms(10017):UserLocationProducer, vrsn=12874000, 0, 3pPkg = null ,  3pMdlId = null ,  pid = 1835). Was: 2 for 1, account#-376792216#
I/PlaceInferenceEngine( 1835): No beacon scan available - ignoring candidates.
I/GCoreUlr( 1835): Successfully inserted 2 locations
I/GCoreUlr( 1835): Starting service, intent=Intent { act=com.google.android.location.reporting.UPLOAD cmp=com.google.android.gms/com.google.android.location.reporting.service.DispatchingService }, extras=null
I/PlaceInferenceEngine( 1835): No beacon scan available - ignoring candidates.
I/MotoNetwCtrlr.MotoWifiHndlr( 1242): handleMessage: Entered msg.what=1
I/MotoNetwCtrlr.MotorolaWifiSignalController( 1242): isDirty: returns true
I/MotoNetwCtrlr.MotorolaWifiSignalController( 1242): notifyListeners: calling SB [0] setWifiIndicators (Motorola api): UseMotoUI=true Vis=true SBSig=0x7f02014a=stat_sys_wifi_signal_3_fully SBAct=( none ) DescSig="Wi-Fi three bars." DescAct="wifi in" NetName=""3 bachelors""
I/MotoNetwCtrlr.MotorolaWifiSignalController( 1242): notifyListeners: calling SB [1] setWifiIndicators (Motorola api): UseMotoUI=true Vis=true SBSig=0x7f02014a=stat_sys_wifi_signal_3_fully SBAct=( none ) DescSig="Wi-Fi three bars." DescAct="wifi in" NetName=""3 bachelors""
I/MotoNetwCtrlr.MotorolaWifiSignalController( 1242): notifyListeners: calling SB [2] setWifiIndicators (Motorola api): UseMotoUI=true Vis=true SBSig=0x7f02014a=stat_sys_wifi_signal_3_fully SBAct=( none ) DescSig="Wi-Fi three bars." DescAct="wifi in" NetName=""3 bachelors""
I/MotoNetwCtrlr.MotoWifiHndlr( 1242): handleMessage: Completed
I/ActivityManager(  969): START u0 {act=android.intent.action.MAIN cat=[android.intent.category.LAUNCHER] flg=0x10200000 cmp=com.example.app1/.MainActivity (has extras)} from uid 10046 on display 0
V/WindowManager(  969): ** SHOWING status bar: top is not fullscreen
V/WindowManager(  969): addAppToken: AppWindowToken{d7f90b0 token=Token{18cd4bf3 ActivityRecord{6c9ae62 u0 com.example.app1/.MainActivity t633}}} to stack=1 task=633 at 0
V/WindowManager(  969): Based on layer: Adding window Window{2284466b u0 Starting com.example.app1} at 3 of 9
D/WindowManager(  969): IKSWL-9411 focusChangedLw lastFocus=Window{1b21480 u0 com.google.android.googlequicksearchbox/com.google.android.launcher.GEL} newFocus=null
W/BroadcastQueue(  969): Permission Denial: receiving Intent { act=com.android.launcher3.action.LAUNCH flg=0x10 pkg=com.google.android.googlequicksearchbox (has extras) } to com.google.android.googlequicksearchbox/com.google.android.apps.gsa.reflection.ReflectionReceiver requires com.android.launcher3.permission.RECEIVE_LAUNCH_BROADCASTS due to sender com.google.android.googlequicksearchbox (uid 10046)
W/BroadcastQueue(  969): Permission Denial: receiving Intent { act=com.android.launcher3.action.LAUNCH flg=0x10 pkg=com.google.android.gms (has extras) } to com.google.android.gms/.chimera.GmsIntentOperationService$GmsExternalReceiver requires com.android.launcher3.permission.RECEIVE_LAUNCH_BROADCASTS due to sender com.google.android.googlequicksearchbox (uid 10046)
V/WindowManager(  969): ** SHOWING status bar: top is not fullscreen
V/WindowManager(  969): ** SHOWING status bar: top is not fullscreen
V/WindowManager(  969): ** SHOWING status bar: top is not fullscreen
I/ActivityManager(  969): Start proc 11248:com.example.app1/u0a277 for activity com.example.app1/.MainActivity
V/WindowManager(  969): ** SHOWING status bar: top is not fullscreen
V/WindowManager(  969): ** SHOWING status bar: top is not fullscreen
V/WindowManager(  969): ** SHOWING status bar: top is not fullscreen
V/WindowManager(  969): ** SHOWING status bar: top is not fullscreen
W/art     (11248): Before Android 4.1, method android.graphics.PorterDuffColorFilter android.support.graphics.drawable.VectorDrawableCompat.updateTintFilter(android.graphics.PorterDuffColorFilter, android.content.res.ColorStateList, android.graphics.PorterDuff$Mode) would have incorrectly overridden the package-private method in android.graphics.drawable.Drawable
I/art     (11248): Rejecting re-init on previously-failed class java.lang.Class<android.support.v4.view.ViewCompat$OnUnhandledKeyEventListenerWrapper>
I/art     (11248): Rejecting re-init on previously-failed class java.lang.Class<android.support.v4.view.ViewCompat$OnUnhandledKeyEventListenerWrapper>
I/GCoreUlr( 1835): LocationReporter sending 21 locations, 22 activities, and 34 metadata for account account#-7# request #0; requests: []
D/OpenGLRenderer(11248): Use EGL_SWAP_BEHAVIOR_PRESERVED: true
D/Atlas   (11248): Validating map...
V/WindowManager(  969): Adding window Window{3d487674 u0 com.example.app1/com.example.app1.MainActivity} at 3 of 10 (before Window{2284466b u0 Starting com.example.app1})
W/ChimeraUtils( 1835): Non Chimera context
V/WindowManager(  969): ** SHOWING status bar: top is not fullscreen
D/WindowManager(  969): IKSWL-9411 focusChangedLw lastFocus=null newFocus=Window{3d487674 u0 com.example.app1/com.example.app1.MainActivity}
V/WindowManager(  969): ** SHOWING status bar: top is not fullscreen
V/WindowManager(  969): ** SHOWING status bar: top is not fullscreen
I/Adreno-EGL(11248): <qeglDrvAPI_eglInitialize:379>: EGL 1.4 QUALCOMM build:  ()
I/Adreno-EGL(11248): OpenGL ES Shader Compiler Version: E031.25.03.04
I/Adreno-EGL(11248): Build Date: 04/06/15 Mon
I/Adreno-EGL(11248): Local Branch: 
I/Adreno-EGL(11248): Remote Branch: 
I/Adreno-EGL(11248): Local Patches: 
I/Adreno-EGL(11248): Reconstruct Branch: 
I/OpenGLRenderer(11248): Initialized EGL, version 1.4
D/OpenGLRenderer(11248): Enabling debug mode 0
V/WindowManager(  969): ** SHOWING status bar: top is not fullscreen
V/WindowManager(  969): ** SHOWING status bar: top is not fullscreen
I/LaunchCheckinHandler(  969): Displayed com.example.app1/.MainActivity,cp,ca,443
I/ActivityManager(  969): Displayed com.example.app1/.MainActivity: +443ms
V/WindowManager(  969): ** SHOWING status bar: top is not fullscreen
V/WindowManager(  969): ** SHOWING status bar: top is not fullscreen
V/WindowStateAnimator(  969): windowAnimating in WindowStateAnimator{131d020d Starting com.example.app1}
V/WindowManager(  969): ** SHOWING status bar: top is not fullscreen
V/WindowManager(  969): ** SHOWING status bar: top is not fullscreen
V/WindowManager(  969): ** SHOWING status bar: top is not fullscreen
V/WindowManager(  969): ** SHOWING status bar: top is not fullscreen
I/StreamRenderer( 2036): cleanUpRendererScope(nowcards--6606022189425153921)
I/PBSessionCacheImpl( 2036): Deleted sessionId[1193947545531775] from persistence.
W/SearchServiceCore( 2036): Abort, client detached.
I/StreamController( 2036): cleanUpControllerScope(nowcards--6606022189425153921)
W/SearchServiceClient( 2036): UiCallbackStub-onGenericEvent[ServiceEvent = 117] task was not run. Callback from Service received after client was disposed.
V/WindowManager(  969): ** SHOWING status bar: top is not fullscreen
I/WorkController( 2036): WorkProxy is not enqueued because WorkController is disposed: WorkProxy{Name=context::i, WorkerId=context, id=2ad1576a}
I/WorkController( 2036): WorkProxy is not enqueued because WorkController is disposed: WorkProxy{Name=context::k, WorkerId=context, id=9c0b45b}
I/WorkController( 2036): WorkProxy is not enqueued because WorkController is disposed: WorkProxy{Name=context::l, WorkerId=context, id=3762b4f8}
I/WorkController( 2036): WorkProxy is not enqueued because WorkController is disposed: WorkProxy{Name=context::j, WorkerId=context, id=17facdd1}
I/WorkController( 2036): WorkProxy is not enqueued because WorkController is disposed: WorkProxy{Name=context::n, WorkerId=context, id=21258036}
I/MotoNetwCtrlr.MotoWifiHndlr( 1242): handleMessage: Entered msg.what=1
I/MotoNetwCtrlr.MotorolaWifiSignalController( 1242): isDirty: returns true
I/MotoNetwCtrlr.MotorolaWifiSignalController( 1242): notifyListeners: calling SB [0] setWifiIndicators (Motorola api): UseMotoUI=true Vis=true SBSig=0x7f02014a=stat_sys_wifi_signal_3_fully SBAct=( none ) DescSig="Wi-Fi three bars." DescAct="wifi in and out" NetName=""3 bachelors""
I/MotoNetwCtrlr.MotorolaWifiSignalController( 1242): notifyListeners: calling SB [1] setWifiIndicators (Motorola api): UseMotoUI=true Vis=true SBSig=0x7f02014a=stat_sys_wifi_signal_3_fully SBAct=( none ) DescSig="Wi-Fi three bars." DescAct="wifi in and out" NetName=""3 bachelors""
I/MotoNetwCtrlr.MotorolaWifiSignalController( 1242): notifyListeners: calling SB [2] setWifiIndicators (Motorola api): UseMotoUI=true Vis=true SBSig=0x7f02014a=stat_sys_wifi_signal_3_fully SBAct=( none ) DescSig="Wi-Fi three bars." DescAct="wifi in and out" NetName=""3 bachelors""
I/MotoNetwCtrlr.MotoWifiHndlr( 1242): handleMessage: Completed
V/WindowManager(  969): ** SHOWING status bar: top is not fullscreen
V/WindowManager(  969): ** SHOWING status bar: top is not fullscreen
I/SFPerfTracer(  240):      triggers: (rate: 185:8465) (compose: 0:170) (post: 0:432) (render: 0:471) (0:231026 frames) (1:278526)
D/SFPerfTracer(  240):        layers: (3:12) (FocusedStackFrame (0xb795c1e0): 0:4479)* (DimLayer (0xb7a09938): 0:699)* (DimLayer (0xb79fb730): 0:4046)* (DimLayer (0xb7a00e58): 0:935)* (StatusBar (0xb79d0168): 1:33814) (com.android.systemui.ImageWallpaper (0xb79e3c48): 0:2036)* (NavigationBar (0xb7a28600): 0:3812) (com.google.android.googlequicksearchbox/com.google.android.launcher.GEL (0xb79e9dc0): 0:10)- (com.google.android.googlequicksearchbox/com.google.android.launcher.GEL (0xb7991fb0): 0:89)- (Starting com.example.app1 (0xb798ed60): 1:36)* (com.example.app1/com.example.app1.MainActivity (0xb7a16458): 0:12) 
I/Places  ( 1835): ?: PlacesBleScanner stop()
I/BeaconBle( 1835): Scan canceled successfully.
I/PlaceInferenceEngine( 1835): [anon] Changed inference mode: 0
I/PlaceInferenceEngine( 1835): [account#-1551034607] Changed inference mode: 0
E/ExecutionCriteria( 1835): Package unavailable for task: com.akosha.directtalk/com.akosha.utilities.anaylser.sms.SmsOneOfService{u=0 tag="sms_services" trigger=window{start=30s,end=90s,earliest=-29003872s,latest=-29003812s} requirements=[NET_CONNECTED] attributes=[PERSISTED] scheduled=-29003902s last_run=N/A jid=N/A status=PENDING retries=0 client_lib=MANCHEGO_GCM-0}
E/ExecutionCriteria( 1835): Package unavailable for task: com.akosha.directtalk/com.akosha.utilities.anaylser.sms.SmsOneOfService{u=0 tag="sms_services" trigger=window{start=30s,end=90s,earliest=-29003872s,latest=-29003812s} requirements=[NET_CONNECTED] attributes=[PERSISTED] scheduled=-29003902s last_run=N/A jid=N/A status=PENDING retries=0 client_lib=MANCHEGO_GCM-0}
I/GCoreUlr( 1835): Batch Location Update succeeded for account account#-7#
V/AlternateRecentsComponent( 1242): PERF: BEGIN TaskStackListenerImpl.run()
V/AlternateRecentsComponent( 1242): getTopMostTask
V/AlternateRecentsComponent( 1242): createLoadPlan
V/AlternateRecentsComponent( 1242): PERF: END TaskStackListenerImpl.run()
I/MotoNetwCtrlr( 1242): onReceive: Received intent=Intent { act=android.net.wifi.RSSI_CHANGED flg=0x4000010 (has extras) } Action=android.net.wifi.RSSI_CHANGED
I/MotoNetwCtrlr.MotoWifiSignalCtrlr( 1242): handleBroadcast: Entered: Intent=Intent { act=android.net.wifi.RSSI_CHANGED flg=0x4000010 (has extras) } Action=android.net.wifi.RSSI_CHANGED
I/MotoNetwCtrlr.MotorolaWifiSignalController( 1242): isDirty: returns false
I/MotoNetwCtrlr.MotoWifiSignalCtrlr( 1242): handleBroadcast: Completed
I/MotoNetwCtrlr( 1242): onReceive: Completed intent=Intent { act=android.net.wifi.RSSI_CHANGED flg=0x4000010 (has extras) } Action=android.net.wifi.RSSI_CHANGED
E/NEW_BHD (11356): Battery Power Supply logging Daemon start!!!!!
E/NEW_BHD (11356): Cannot run on production devices!
I/ActivityManager(  969): START u0 {act=android.media.action.IMAGE_CAPTURE flg=0x3 cmp=com.motorola.camera/.Camera (has clip) (has extras)} from uid 10277 on display 0
V/WindowManager(  969): ** SHOWING status bar: top is not fullscreen
V/WindowManager(  969): addAppToken: AppWindowToken{2ef03ee6 token=Token{13339941 ActivityRecord{1b7ac828 u0 com.motorola.camera/.Camera t633}}} to stack=1 task=633 at 1
D/WindowManager(  969): IKSWL-9411 focusChangedLw lastFocus=Window{3d487674 u0 com.example.app1/com.example.app1.MainActivity} newFocus=null
E/CameraService(  289): connectLegacy: camera HAL module version 100 doesn't support connecting to legacy HAL devices!
W/Camera  (21974): An error occurred while connecting to camera: 0
I/[MOT_RESM](  289): MotCamResMgmtEnabled: Active resource mgmt enabled
I/NuPlayer(  289): setDataSourceAsync(URL suppressed)
I/Wear_Controller( 1835): Wear requires a companion app to be installed.
I/WearableService( 1835): onCreate: Wearable Services not starting. Wear is not available on this device.
V/WindowManager(  969): Adding window Window{29874d17 u0 com.motorola.camera/com.motorola.camera.Camera} at 2 of 8 (after Window{3d487674 u0 com.example.app1/com.example.app1.MainActivity})
D/WindowManager(  969): IKSWL-9411 focusChangedLw lastFocus=null newFocus=Window{29874d17 u0 com.motorola.camera/com.motorola.camera.Camera}
D/ExtendedUtils(  289): extended extractor not needed, return default
I/NuPlayer(  289): setDataSourceAsync(URL suppressed)
D/ExtendedUtils(  289): extended extractor not needed, return default
I/CameraClient(  289): Opening camera 0
I/QCamera2HWI(  289): static void qcamera::QCamera2HardwareInterface::getLogLevel() gCamHalLogLevel=1
D/QCamera2HWI(  289): [KPI Perf] int qcamera::QCamera2HardwareInterface::openCamera(hw_device_t**): E PROFILE_OPEN_CAMERA camera id 0
I/QCameraHalWatchdog(  289): Starting Watchdog Thread...
E/mm-camera-intf(  289): mm_camera_open: dev name = /dev/video1, cam_idx = 1
E/mm-camera(  316): isp_tintless_get_version: lib returned version 3.61 err=0
D/QCameraStateMachine(  289): static void* qcamera::QCameraStateMachine::smEvtProcRoutine(void*): E
V/QSTileView( 1242): PERF: BEGIN state_changed Handler (com.android.systemui.qs.QSTileView$H) {12021f3b}
D/QCamera2HWI(  289): static void* qcamera::QCamera2HardwareInterface::defferedWorkRoutine(void*): start data proc
V/QSTileView( 1242): PERF: END state_changed Handler (com.android.systemui.qs.QSTileView$H) {12021f3b}
E/mm-camera-img(  316): module_imglib_start_session:1474 ###Img_Loglevel 0
E/mm-camera(  316): module_drsd_start_session:1203] E
E/mm-camera(  316): module_drsd_start_session:1224] X rc = 0
V/WindowManager(  969): Adding window Window{4858d22 u0 SurfaceView} at 2 of 9 (before Window{29874d17 u0 com.motorola.camera/com.motorola.camera.Camera})
I/ContextFactory(21974): Creating OpenGL ES 3.0 context
W/WearableService( 1835): onGetService: Wear is not available on this device.
D/mm-camera(  316): c2d_module_start_session:345, info: starting session 1
D/mm-camera(  316): c2d_thread_func:45: c2d_thread entering the polling loop... thread_id is 11403
D/mm-camera(  316): c2d_module_start_session:419, info: session 1 started.
V/WindowManager(  969): ** HIDING status bar
V/WindowManager(  969): ** HIDING status bar
V/WindowManager(  969): Status bar already hiding
I/LaunchCheckinHandler(  969): Displayed com.motorola.camera/.Camera,wp,ca,165
I/ActivityManager(  969): Displayed com.motorola.camera/.Camera: +165ms
V/PhoneStatusBar( 1242): PERF: BEGIN updateCarrierLabelVisibility false
V/PhoneStatusBar( 1242): PERF: END updateCarrierLabelVisibility false
V/PhoneStatusBar( 1242): PERF: BEGIN updateCarrierLabelVisibility false
V/PhoneStatusBar( 1242): PERF: END updateCarrierLabelVisibility false
I/mm-camera-sensor(  316): imx214_check_moto_crc: EEPROM_CRC 3b8 CALC CRC 3b8 CALC Reverse CRC 5f30 matches? 1
I/mm-camera-sensor(  316): imx214_check_moto_crc: EEPROM_CRC 5aa6 CALC CRC 5aa6 CALC Reverse CRC 407 matches? 1
I/mm-camera-sensor(  316): calculate_rg_bg_calib_factors: Final calibration factor RG value: 0.998504 BG Value: 0.944712 GB/GR: 0.997361
I/mm-camera-sensor(  316): imx214_check_moto_crc: EEPROM_CRC 705d CALC CRC 705d CALC Reverse CRC 17d8 matches? 1
E/mm-camera(  316): moto_led_calibration_read_write_led_cal:461 open /pds/camera/ledcal/rear failed (No such file or directory)
V/WindowManager(  969): ** HIDING status bar
V/WindowManager(  969): Status bar already hiding
D/OpenGLRenderer(11248): endAllStagingAnimators on 0xb7b63910 (RippleDrawable) with handle 0xb7bdd280
V/WindowManager(  969): ** HIDING status bar
V/WindowManager(  969): Status bar already hiding
E/mm-camera-sensor(  316): actuator_load_lib:821 name=ak7345, mode=camera
E/mm-camera-sensor(  316): actuator_load_lib:821 name=ak7345, mode=camcorder
E/hdr     (  316): ConfigHdrFramesTag: module_hdr_lib_query_mod: initial hdr frame count = 3
E/mm-camera(  316): Tuning lib open failed: dlopen failed: library "libmmcamera_tuning.so" not found
E/mm-camera-intf(  289): mm_camera_open:  opened, break out while loop
D/QCamera2HWI(  289): int qcamera::QCamera2HardwareInterface::openCamera(): enable_4k2k is 0
D/mm-jpeg-intf(  289): jpeg_open gMmCameraJpegLogLevel=1
E/qomx_image_core(  289): OMX_Init:94] Complete 2
D/QCameraHWI_Mem(  289): void qcamera::QCameraMemory::traceLogAllocStart(size_t, int, const char*) : alloc E count=1 size=1048576
E/QCameraHWI_Mem(  289): void qcamera::QCameraMemory::traceLogAllocStart(size_t, int, const char*):HeapMemsize 1048576
D/QCameraHWI_Mem(  289): void qcamera::QCameraMemory::traceLogAllocStart(size_t, int, const char*) : alloc E count=1 size=1048576
E/QCameraHWI_Mem(  289): void qcamera::QCameraMemory::traceLogAllocStart(size_t, int, const char*):Memsize 1048576
D/QCameraHWI_Mem(  289): int qcamera::QCameraMemory::alloc(int, size_t, unsigned int) : No memory pool available and So allocate new buffer
D/QCameraHWI_Mem(  289): static int qcamera::QCameraMemory::allocOneBuffer(qcamera::QCameraMemory::QCameraMemInfo&, unsigned int, size_t, bool) : ION buffer 1 with size 1048576 allocated
D/QCameraHWI_Mem(  289):  void qcamera::QCameraMemory::traceLogAllocEnd(size_t) : X
E/QCameraHWI_Mem(  289): void qcamera::QCameraMemory::traceLogAllocEnd(size_t) 1048576
D/QCameraHWI_Mem(  289):  void qcamera::QCameraMemory::traceLogAllocEnd(size_t) : X
E/QCameraHWI_Mem(  289): void qcamera::QCameraMemory::traceLogAllocEnd(size_t) 1048576
D/QCameraHWI_Mem(  289): void qcamera::QCameraMemory::traceLogAllocStart(size_t, int, const char*) : alloc E count=1 size=65544
D/QCameraHWI_Mem(  289): void qcamera::QCameraMemory::traceLogAllocStart(size_t, int, const char*) : alloc E count=1 size=65544
D/QCameraHWI_Mem(  289): int qcamera::QCameraMemory::alloc(int, size_t, unsigned int) : No memory pool available and So allocate new buffer
D/QCameraHWI_Mem(  289): static int qcamera::QCameraMemory::allocOneBuffer(qcamera::QCameraMemory::QCameraMemInfo&, unsigned int, size_t, bool) : ION buffer 1 with size 69632 allocated
D/QCameraHWI_Mem(  289):  void qcamera::QCameraMemory::traceLogAllocEnd(size_t) : X
D/QCameraHWI_Mem(  289):  void qcamera::QCameraMemory::traceLogAllocEnd(size_t) : X
D/QCameraParameters(  289): setBurstStatus: set Mot Burst Status=off (0)
D/QCameraParameters(  289): int32_t qcamera::QCameraParameters::setPseudoZslMode(qcamera::mot_pseudo_zsl_mode_t): PSEUDO_ZSL_PREVIEW: 3
D/QCameraParameters(  289): setSnapshotFrameSkip: CAM_INTF_PARM_SNAPSHOT_FRAMESKIP, pattern=3
D/QCameraParameters(  289): int32_t qcamera::QCameraParameters::initDefaultParameters(): supported preview sizes: 1280x960,1280x720,960x720,960x540,864x480,768x432,720x480,640x480,320x240,176x144
D/QCameraParameters(  289): int32_t qcamera::QCameraParameters::initDefaultParameters(): supported video sizes: 1920x1080,1280x720,960x540,864x480,720x480,640x480,352x288,320x240,176x144
D/QCameraParameters(  289): int32_t qcamera::QCameraParameters::initDefaultParameters(): supported video sizes: 1920x1080,1280x720,960x540,864x480,720x480,640x480,352x288,320x240,176x144
D/QCameraParameters(  289): int32_t qcamera::QCameraParameters::initDefaultParameters(): supported pic sizes: 4160x3120,4160x2340,3840x2160,3264x2448,3264x1836,2560x1920,2560x1440,1920x1080,1440x1080,1280x960,1280x720,640x480,352x288
D/QCameraParameters(  289): int32_t qcamera::QCameraParameters::initDefaultParameters(): supported fps ranges: (15000,15000),(15000,30000),(24000,30000)
D/QCameraParameters(  289): int32_t qcamera::QCameraParameters::setPreviewFpsRange(int, int, int, int): Updated: minFps = 15000, maxFps = 30000 , vid minFps = 15000, vid maxFps = 30000
D/QCamera2HWI(  289): int qcamera::QCamera2HardwareInterface::calcThermalLevel(qcamera::qcamera_thermal_level_enum_t, int, int, cam_fps_range_t&, msm_vfe_frame_skip_pattern&): level: 0, preview minfps 15000.000000, preview maxfpS 30000.000000, video minfps 15000.000000, video maxfpS 30000.000000
D/QCamera2HWI(  289): int qcamera::QCamera2HardwareInterface::calcThermalLevel(qcamera::qcamera_thermal_level_enum_t, int, int, cam_fps_range_t&, msm_vfe_frame_skip_pattern&): Thermal level 0, FPS [15.00,30.00, 15.00,30.00], frameskip 0
D/QCameraParameters(  289): int32_t qcamera::QCameraParameters::setPreviewFpsRange(int, int, int, int): Thermal adjusted Preview fps range 15.00,30.00, 15.00, 30.00
D/QCameraParameters(  289): int32_t qcamera::QCameraParameters::initDefaultParameters(): supported fps rates: 15,16,17,18,19,20,21,22,23,24,25,26,27,28,29,30
D/QCameraParameters(  289): int32_t qcamera::QCameraParameters::setFocusMode(const char*): Setting focus mode auto
D/QCameraParameters(  289): int32_t qcamera::QCameraParameters::setWhiteBalance(const char*): Setting WhiteBalance value auto
D/QCameraParameters(  289): int32_t qcamera::QCameraParameters::setFlash(const char*): Setting Flash value off
D/QCameraParameters(  289): ConfigHdrFramesTag:int32_t qcamera::QCameraParameters::setHdrFrameCount(int): hdr frames = 3
D/QCameraParameters(  289): int32_t qcamera::QCameraParameters::setSceneMode(const char*): Setting SceneMode auto
D/QCameraParameters(  289): int32_t qcamera::QCameraParameters::setISOValue(const char*): Setting ISO value auto
D/QCameraParameters(  289): int32_t qcamera::QCameraParameters::initDefaultParameters(), Exposure time min 0.010322 ms, max 86000.000000 ms
D/QCameraParameters(  289): int32_t qcamera::QCameraParameters::initDefaultParameters(), ISO min 100, max 800
D/QCameraParameters(  289): int32_t qcamera::QCameraParameters::setAEBracket(const char*), EXP_BRACKETING_OFF
D/QCameraParameters(  289): int32_t qcamera::QCameraParameters::initDefaultParameters(): Supported WNR:ON/OFF default:ON
D/QCameraParameters(  289): int32_t qcamera::QCameraParameters::initDefaultParameters(): Supported TINTLESS:ON/OFF default:ON
D/QCameraParameters(  289): int32_t qcamera::QCameraParameters::setLA(const char*): Setting LA value on 1
E/QCameraParameters(  289): int32_t qcamera::QCameraParameters::setResetRoi(const char*): Setting reset-roi value to off (0)
D/QCameraParameters(  289): int32_t qcamera::QCameraParameters::setDISValue(const char*): Setting DIS value disable
D/QCameraParameters(  289): int32_t qcamera::QCameraParameters::setSeeMore(const char*): seeMoreStr =off
D/QCameraParameters(  289): int32_t qcamera::QCameraParameters::initDefaultParameters(): totalram = 2007764992, freeram = 125378560 
D/QCameraParameters(  289): int32_t qcamera::QCameraParameters::setNumOfSnapshot(): nBurstNum = 1, nExpnum = 1
E/Thermal-Lib(  289): Thermal-Lib-Client: thermal_client_register_callback: Client Registration failed
E/Thermal-Lib(  289): Thermal-Lib-Client: thermal_client_register_callback: Client Registration failed
E/MotISP_GPU(  289): int MotISP_GPU::Init(int, int): GPU resolution: 1920x1080
I/QCameraHalWatchdog(  289): Stopped Watchdog Thread...
E/Thermal-Lib(  289): Thermal-Lib-Client: thermal_client_register_callback: Client Registration failed
E/Thermal-Lib(  289): Thermal-Lib-Client: thermal_client_register_callback: Client Registration failed
I/[MOT_RESM](  289): MotCamResMgmtEnabled: Active resource mgmt enabled
I/Adreno-EGL(  289): <qeglDrvAPI_eglInitialize:379>: EGL 1.4 QUALCOMM build:  ()
I/Adreno-EGL(  289): OpenGL ES Shader Compiler Version: E031.25.03.04
I/Adreno-EGL(  289): Build Date: 04/06/15 Mon
I/Adreno-EGL(  289): Local Branch: 
I/Adreno-EGL(  289): Remote Branch: 
I/Adreno-EGL(  289): Local Patches: 
I/Adreno-EGL(  289): Reconstruct Branch: 
I/QCamera2HWI(  289): getParameters standard
I/QCameraHalWatchdog(  289): Starting Watchdog Thread...
I/QCamera2HWI(  289): updateParameters non-standard params: 1
D/QCameraParameters(  289): int32_t qcamera::QCameraParameters::setNumOfSnapshot(): nBurstNum = 1, nExpnum = 1
I/QCameraHalWatchdog(  289): Stopped Watchdog Thread...
I/QCamera2HWI(  289): getParameters all
I/QCameraHalWatchdog(  289): Starting Watchdog Thread...
D/QCamera2HWI(  289): int qcamera::QCamera2HardwareInterface::updateParameters(const char*, bool&): ZEROMOTION: touchDuration = 107 ms, touchUpTime = 1535672046678 ms, onTouchDownSwLag = 80 ms
D/QCamera2HWI(  289): int qcamera::QCamera2HardwareInterface::updateParameters(const char*, bool&): ZEROMOTION: mTouchUpFrameTime = 1535672046678, mTouchDownFrameTime = 1535672046491
D/QCameraParameters(  289): int32_t qcamera::QCameraParameters::setPreviewSize(const qcamera::QCameraParameters&): Requested preview size 1280 x 720
D/QCameraParameters(  289): int32_t qcamera::QCameraParameters::setPictureSize(const qcamera::QCameraParameters&): Requested picture size 4160 x 2340
D/QCameraParameters(  289): updateFovParams: (4160x3120) is (64.349998/50.549999), (4160x2340) is (64.349998/39.000000)
D/QCameraParameters(  289): Param m_bNoDisplayMode = 0
D/QCameraParameters(  289): int32_t qcamera::QCameraParameters::setPreviewFpsRange(const qcamera::QCameraParameters&): FpsRange Values:(15000, 30000)
D/QCameraParameters(  289): int32_t qcamera::QCameraParameters::setPreviewFpsRange(const qcamera::QCameraParameters&): Requested FpsRange Values:(15000, 30000)
D/QCameraParameters(  289): HFR mode is OFF
D/QCameraParameters(  289): int32_t qcamera::QCameraParameters::setFocusMode(const char*): Setting focus mode continuous-picture
D/QCameraParameters(  289): int32_t qcamera::QCameraParameters::setSceneMode(const char*): Setting SceneMode auto_hdr
D/QCameraParameters(  289): int32_t qcamera::QCameraParameters::setLA(const char*): Setting LA value on 1
D/QCameraParameters(  289): int32_t qcamera::QCameraParameters::setFlash(const char*): Setting Flash value off
D/QCameraParameters(  289): int32_t qcamera::QCameraParameters::setFssr(const qcamera::QCameraParameters&): FSSR is not supported
D/QCameraParameters(  289): int32_t qcamera::QCameraParameters::setSeeMore(const qcamera::QCameraParameters&): str =off & prev_str =off
D/QCameraParameters(  289): int32_t qcamera::QCameraParameters::setMultiTouchFocus(const qcamera::QCameraParameters&): multi-touch focus is not supported
D/QCameraParameters(  289): int32_t qcamera::QCameraParameters::setNumOfSnapshot(): nBurstNum = 1, nExpnum = 1
I/QCameraHalWatchdog(  289): Stopped Watchdog Thread...
I/QCamera2HWI(  289): getParameters all
I/QCameraHalWatchdog(  289): Starting Watchdog Thread...
I/QCameraHalWatchdog(  289): Stopped Watchdog Thread...
I/QCameraHalWatchdog(  289): Starting Watchdog Thread...
D/QCamera2HWI(  289): [KPI Perf] static int qcamera::QCamera2HardwareInterface::start_preview(camera_device*): E PROFILE_START_PREVIEW
D/QCameraHWI_Mem(  289): void qcamera::QCameraMemory::traceLogAllocStart(size_t, int, const char*) : alloc E count=1 size=1100
D/QCameraHWI_Mem(  289): void qcamera::QCameraMemory::traceLogAllocStart(size_t, int, const char*) : alloc E count=1 size=1100
D/QCameraHWI_Mem(  289): int qcamera::QCameraMemory::alloc(int, size_t, unsigned int) : No memory pool available and So allocate new buffer
D/QCameraHWI_Mem(  289): static int qcamera::QCameraMemory::allocOneBuffer(qcamera::QCameraMemory::QCameraMemInfo&, unsigned int, size_t, bool) : ION buffer 1 with size 4096 allocated
D/QCameraHWI_Mem(  289):  void qcamera::QCameraMemory::traceLogAllocEnd(size_t) : X
D/QCameraHWI_Mem(  289):  void qcamera::QCameraMemory::traceLogAllocEnd(size_t) : X
D/QCamera2HWI(  289): uint8_t qcamera::QCamera2HardwareInterface::getBufNumRequired(cam_stream_type_t): Allocating 12 buffers for streamtype 7
D/QCamera2HWI(  289): virtual qcamera::QCameraHeapMemory* qcamera::QCamera2HardwareInterface::allocateStreamInfoBuf(cam_stream_type_t): stream_type 7, stream format 99,stream dimension 455508x1, num_bufs 12
D/QCamera2HWI(  289): uint8_t qcamera::QCamera2HardwareInterface::getBufNumRequired(cam_stream_type_t): Allocating 12 buffers for streamtype 7
E/mm-camera-intf(  289): mm_stream_get_v4l2_fmt: Unknown fmt=99
D/QCameraHWI_Mem(  289): void qcamera::QCameraMemory::traceLogAllocStart(size_t, int, const char*) : alloc E count=1 size=1100
D/QCameraHWI_Mem(  289): void qcamera::QCameraMemory::traceLogAllocStart(size_t, int, const char*) : alloc E count=1 size=1100
D/QCameraHWI_Mem(  289): int qcamera::QCameraMemory::alloc(int, size_t, unsigned int) : No memory pool available and So allocate new buffer
D/QCameraHWI_Mem(  289): static int qcamera::QCameraMemory::allocOneBuffer(qcamera::QCameraMemory::QCameraMemInfo&, unsigned int, size_t, bool) : ION buffer 1 with size 4096 allocated
D/QCameraHWI_Mem(  289):  void qcamera::QCameraMemory::traceLogAllocEnd(size_t) : X
D/QCameraHWI_Mem(  289):  void qcamera::QCameraMemory::traceLogAllocEnd(size_t) : X
D/QCamera2HWI(  289): uint8_t qcamera::QCamera2HardwareInterface::getBufNumRequired(cam_stream_type_t): Allocating 12 buffers for streamtype 1
D/QCamera2HWI(  289): virtual qcamera::QCameraHeapMemory* qcamera::QCamera2HardwareInterface::allocateStreamInfoBuf(cam_stream_type_t): stream_type 1, stream format 2,stream dimension 1280x720, num_bufs 12
D/QCamera2HWI(  289): uint8_t qcamera::QCamera2HardwareInterface::getBufNumRequired(cam_stream_type_t): Allocating 12 buffers for streamtype 1
E/mm-camera(  316): isp_util_find_matched_existing_src_port#166: X
D/mm-camera(  316): c2d_port_check_caps_reserve:143, identity=0x10002, reserved
D/mm-camera(  316): c2d_module_notify_add_stream:1360, info: success, identity=0x10002
D/mm-camera(  316): c2d_port_check_caps_reserve:143, identity=0x10002, reserved
D/SensorListener(  316): void android::SensorListener::enableSensor(android::SensorListener::sensor_type_t): SensorEventQueue enableSensor(TYPE_DISPLAY_ROTATE)
E/mm-camera(  316): module_faceproc_client_create:1070] Face proc feature mask e 0
E/mm-camera(  316): is_thread_handler thread_id is 11437
E/mm-camera(  316): mct_pipeline_send_ctrl_events: Send Set Parm events
E/mm-camera(  316): Fail,cpphw=0xb8e8cb38, hw_params=0xb8ecf8e8, chromatix_ptr=0x0, trigger=0xb8ef7df0
E/mm-camera(  316): Fail,cpphw=0xb8e8cb38, hw_params=0xb8ecf8e8, chromatix_ptr=0x0, trigger=0xb8ef7df0
E/mm-camera(  316): af_port_handle_module_event: HFR Mode: 0!
E/mm-camera-CORE(  316): af_set_parameters: Unsupported parameter:33
E/mm-camera-CORE(  316): af_get_params: Focus is not initialized yet
E/mm-camera(  316): isp_util_set_la: vfe not started yet
E/mm-camera(  316): is_thread_handler: Starting IS thread handler
E/mm-camera(  316): stats_port_proc_downstream_set_parm Enable AEC & AWB subsampling optimizations
D/QCameraHWI_Mem(  289): void qcamera::QCameraMemory::traceLogAllocStart(size_t, int, const char*) : alloc E count=1 size=1100
D/QCameraHWI_Mem(  289): void qcamera::QCameraMemory::traceLogAllocStart(size_t, int, const char*) : alloc E count=1 size=1100
D/QCameraHWI_Mem(  289): int qcamera::QCameraMemory::alloc(int, size_t, unsigned int) : No memory pool available and So allocate new buffer
D/QCameraHWI_Mem(  289): static int qcamera::QCameraMemory::allocOneBuffer(qcamera::QCameraMemory::QCameraMemInfo&, unsigned int, size_t, bool) : ION buffer 1 with size 4096 allocated
D/QCameraHWI_Mem(  289):  void qcamera::QCameraMemory::traceLogAllocEnd(size_t) : X
D/QCameraHWI_Mem(  289):  void qcamera::QCameraMemory::traceLogAllocEnd(size_t) : X
D/QCamera2HWI(  289): uint8_t qcamera::QCamera2HardwareInterface::getBufNumRequired(cam_stream_type_t): Allocating 5 buffers for streamtype 3
D/QCamera2HWI(  289): virtual qcamera::QCameraHeapMemory* qcamera::QCamera2HardwareInterface::allocateStreamInfoBuf(cam_stream_type_t): stream_type 3, stream format 2,stream dimension 4160x2340, num_bufs 5
D/QCamera2HWI(  289): uint8_t qcamera::QCamera2HardwareInterface::getBufNumRequired(cam_stream_type_t): Allocating 5 buffers for streamtype 3
D/QCamera2HWI(  289): int qcamera::QCamera2HardwareInterface::startPreview(): E
D/QCamera2HWI(  289): int qcamera::QCamera2HardwareInterface::calcThermalLevel(qcamera::qcamera_thermal_level_enum_t, int, int, cam_fps_range_t&, msm_vfe_frame_skip_pattern&): level: 0, preview minfps 15000.000000, preview maxfpS 30000.000000, video minfps 15000.000000, video maxfpS 30000.000000
