D/QCamera2HWI(  289): int qcamera::QCamera2HardwareInterface::calcThermalLevel(qcamera::qcamera_thermal_level_enum_t, int, int, cam_fps_range_t&, msm_vfe_frame_skip_pattern&): Thermal level 0, FPS [15.00,30.00, 15.00,30.00], frameskip 0
E/mm-camera(  316): mct_pipeline_send_ctrl_events: Send Set Parm events
E/mm-camera(  316): mct_pipeline_send_ctrl_events: Send Set Parm events
E/mm-camera(  316): module_drsd_port_event_func:619] Invalid type for reprocess  
E/mm-camera(  316): module_faceproc_port_event_func:541] Invalid type for reprocess 10002 10002
D/QCameraHWI_Mem(  289): void qcamera::QCameraMemory::traceLogAllocStart(size_t, int, const char*) : alloc E count=12 size=455552
E/QCameraHWI_Mem(  289): void qcamera::QCameraMemory::traceLogAllocStart(size_t, int, const char*):StreamMemsize 455552
D/QCameraHWI_Mem(  289): void qcamera::QCameraMemory::traceLogAllocStart(size_t, int, const char*) : alloc E count=12 size=455552
E/QCameraHWI_Mem(  289): void qcamera::QCameraMemory::traceLogAllocStart(size_t, int, const char*):Memsize 455552
E/QCameraHWI_Mem(  289): int qcamera::QCameraMemoryPool::allocateBuffer(qcamera::QCameraMemory::QCameraMemInfo&, unsigned int, size_t, bool, cam_stream_type_t) : Buffer not found!
D/QCameraHWI_Mem(  289): static int qcamera::QCameraMemory::allocOneBuffer(qcamera::QCameraMemory::QCameraMemInfo&, unsigned int, size_t, bool) : ION buffer 1 with size 458752 allocated
E/QCameraHWI_Mem(  289): int qcamera::QCameraMemoryPool::allocateBuffer(qcamera::QCameraMemory::QCameraMemInfo&, unsigned int, size_t, bool, cam_stream_type_t) : Buffer not found!
D/QCameraHWI_Mem(  289): static int qcamera::QCameraMemory::allocOneBuffer(qcamera::QCameraMemory::QCameraMemInfo&, unsigned int, size_t, bool) : ION buffer 1 with size 458752 allocated
E/QCameraHWI_Mem(  289): int qcamera::QCameraMemoryPool::allocateBuffer(qcamera::QCameraMemory::QCameraMemInfo&, unsigned int, size_t, bool, cam_stream_type_t) : Buffer not found!
D/QCameraHWI_Mem(  289): static int qcamera::QCameraMemory::allocOneBuffer(qcamera::QCameraMemory::QCameraMemInfo&, unsigned int, size_t, bool) : ION buffer 1 with size 458752 allocated
E/QCameraHWI_Mem(  289): int qcamera::QCameraMemoryPool::allocateBuffer(qcamera::QCameraMemory::QCameraMemInfo&, unsigned int, size_t, bool, cam_stream_type_t) : Buffer not found!
D/QCameraHWI_Mem(  289): static int qcamera::QCameraMemory::allocOneBuffer(qcamera::QCameraMemory::QCameraMemInfo&, unsigned int, size_t, bool) : ION buffer 1 with size 458752 allocated
E/QCameraHWI_Mem(  289): int qcamera::QCameraMemoryPool::allocateBuffer(qcamera::QCameraMemory::QCameraMemInfo&, unsigned int, size_t, bool, cam_stream_type_t) : Buffer not found!
D/QCameraHWI_Mem(  289): static int qcamera::QCameraMemory::allocOneBuffer(qcamera::QCameraMemory::QCameraMemInfo&, unsigned int, size_t, bool) : ION buffer 1 with size 458752 allocated
E/QCameraHWI_Mem(  289): int qcamera::QCameraMemoryPool::allocateBuffer(qcamera::QCameraMemory::QCameraMemInfo&, unsigned int, size_t, bool, cam_stream_type_t) : Buffer not found!
D/QCameraHWI_Mem(  289): static int qcamera::QCameraMemory::allocOneBuffer(qcamera::QCameraMemory::QCameraMemInfo&, unsigned int, size_t, bool) : ION buffer 1 with size 458752 allocated
E/QCameraHWI_Mem(  289): int qcamera::QCameraMemoryPool::allocateBuffer(qcamera::QCameraMemory::QCameraMemInfo&, unsigned int, size_t, bool, cam_stream_type_t) : Buffer not found!
D/QCameraHWI_Mem(  289): static int qcamera::QCameraMemory::allocOneBuffer(qcamera::QCameraMemory::QCameraMemInfo&, unsigned int, size_t, bool) : ION buffer 1 with size 458752 allocated
E/QCameraHWI_Mem(  289): int qcamera::QCameraMemoryPool::allocateBuffer(qcamera::QCameraMemory::QCameraMemInfo&, unsigned int, size_t, bool, cam_stream_type_t) : Buffer not found!
D/QCameraHWI_Mem(  289): static int qcamera::QCameraMemory::allocOneBuffer(qcamera::QCameraMemory::QCameraMemInfo&, unsigned int, size_t, bool) : ION buffer 1 with size 458752 allocated
E/QCameraHWI_Mem(  289): int qcamera::QCameraMemoryPool::allocateBuffer(qcamera::QCameraMemory::QCameraMemInfo&, unsigned int, size_t, bool, cam_stream_type_t) : Buffer not found!
D/QCameraHWI_Mem(  289): static int qcamera::QCameraMemory::allocOneBuffer(qcamera::QCameraMemory::QCameraMemInfo&, unsigned int, size_t, bool) : ION buffer 1 with size 458752 allocated
E/QCameraHWI_Mem(  289): int qcamera::QCameraMemoryPool::allocateBuffer(qcamera::QCameraMemory::QCameraMemInfo&, unsigned int, size_t, bool, cam_stream_type_t) : Buffer not found!
D/QCameraHWI_Mem(  289): static int qcamera::QCameraMemory::allocOneBuffer(qcamera::QCameraMemory::QCameraMemInfo&, unsigned int, size_t, bool) : ION buffer 1 with size 458752 allocated
E/QCameraHWI_Mem(  289): int qcamera::QCameraMemoryPool::allocateBuffer(qcamera::QCameraMemory::QCameraMemInfo&, unsigned int, size_t, bool, cam_stream_type_t) : Buffer not found!
D/QCameraHWI_Mem(  289): static int qcamera::QCameraMemory::allocOneBuffer(qcamera::QCameraMemory::QCameraMemInfo&, unsigned int, size_t, bool) : ION buffer 1 with size 458752 allocated
E/QCameraHWI_Mem(  289): int qcamera::QCameraMemoryPool::allocateBuffer(qcamera::QCameraMemory::QCameraMemInfo&, unsigned int, size_t, bool, cam_stream_type_t) : Buffer not found!
D/QCameraHWI_Mem(  289): static int qcamera::QCameraMemory::allocOneBuffer(qcamera::QCameraMemory::QCameraMemInfo&, unsigned int, size_t, bool) : ION buffer 1 with size 458752 allocated
D/QCameraHWI_Mem(  289):  void qcamera::QCameraMemory::traceLogAllocEnd(size_t) : X
E/QCameraHWI_Mem(  289): void qcamera::QCameraMemory::traceLogAllocEnd(size_t) 5466624
D/QCameraHWI_Mem(  289):  void qcamera::QCameraMemory::traceLogAllocEnd(size_t) : X
E/QCameraHWI_Mem(  289): void qcamera::QCameraMemory::traceLogAllocEnd(size_t) 5466624
D/SensorListener(  316): int android::sensor_events_listener(int, int, void*): SensorEventQueue TYPE_DISPLAY_ROTATE read(vector.x=0), orient=90
E/mm-camera-intf(  289): mm_stream_request_buf: buf_num = 12, stream type = 7
D/mm-camera-intf(  289): mm_stream_qbuf: Starting poll on stream 0xb86e6564 type: 7
D/mm-camera-intf(  289): mm_stream_qbuf: Started poll on stream 0xb86e6564 type: 7
D/QCameraParameters(  289): int qcamera::QCameraParameters::getPreviewHalPixelFormat() const: format 17
D/QCameraHWI_Mem(  289): void qcamera::QCameraGrallocMemory::setMaxFPS(int): Setting max fps 30 to display
D/QCameraHWI_Mem(  289): void qcamera::QCameraMemory::traceLogAllocStart(size_t, int, const char*) : alloc E count=12 size=0
D/QCameraHWI_Mem(  289):  virtual int qcamera::QCameraGrallocMemory::allocate(uint8_t, size_t) : E 
D/QCameraHWI_Mem(  289): virtual int qcamera::QCameraGrallocMemory::allocate(uint8_t, size_t): usage = 1073872896, geometry: 0xb8a38818, 1280, 720, 1280, 720, 17
D/QCameraHWI_Mem(  289):  virtual int qcamera::QCameraGrallocMemory::allocate(uint8_t, size_t) : X 
D/QCameraHWI_Mem(  289):  void qcamera::QCameraMemory::traceLogAllocEnd(size_t) : X
E/mm-camera-intf(  289): mm_stream_request_buf: buf_num = 12, stream type = 1
D/mm-camera-intf(  289): mm_stream_qbuf: Starting poll on stream 0xb86e679c type: 1
D/mm-camera-intf(  289): mm_stream_qbuf: Started poll on stream 0xb86e679c type: 1
E/mm-camera-sensor(  316): sensor_set_resolution:2564 set_fps=30.000000 > max_fps=29.370001, capping to max
E/mm-camera(  316): decide_isp_nums_camif: num_isp = 1
E/mm-camera(  316): decide_isp_nums_camif: num_isp = 1
E/mm-camera(  316): isp_sink_port_stream_config: E, session_id = 1, stream_id = 2, stream_type = 1
E/mm-camera(  316): isp_sink_port_stream_config: session_id = 1, stream_id = 2, is_split = 0
E/mm-camera(  316): isp_sink_port_stream_config: old vfe_id_mask = 0x0, new vfe_id_mask = 0x1
E/mm-camera(  316): isp_sink_port_stream_config: E, session_id = 1, stream_id = 3, stream_type = 3
E/mm-camera(  316): isp_sink_port_stream_config: session_id = 1, stream_id = 3, is_split = 0
E/mm-camera(  316): isp_sink_port_stream_config: old vfe_id_mask = 0x1, new vfe_id_mask = 0x1
E/mm-camera-CORE(  316): af_get_params: Focus is not initialized yet
E/mm-camera-CORE(  316): af_get_params: Focus is not initialized yet
E/mm-camera(  316): is_port_handle_stream_config_event: w = 4160, h = 3120, ma = 90, p = 0
E/mm-camera-sensor(  316): chromatix_load_library:36 libchromatix_imx214_new_ircf_snapshot.so
I/mm-camera-sensor(  316): perform_white_balance_cal: SNAPSHOT: Calibrating WB for libchromatix_imx214_new_ircf_snapshot.so
I/mm-camera(  316): moto_led_calibration_set_mix_led_table: Using EEPROM LED Calibration!
E/mm-camera-sensor(  316): chromatix_load_library:36 libchromatix_imx214_new_ircf_preview.so
I/mm-camera-sensor(  316): perform_white_balance_cal: NONSNAPSHOT: Calibrating WB for libchromatix_imx214_new_ircf_preview.so
I/mm-camera(  316): moto_led_calibration_set_mix_led_table: Using EEPROM LED Calibration!
E/mm-camera-sensor(  316): chromatix_load_library:36 libchromatix_imx214_new_ircf_common.so
E/mm-camera-sensor(  316): af_actuator_set_params:691 E
E/mm-camera(  316): is_port_handle_set_is_enable: IS enable = 0
E/mm-camera-CORE(  316): aec_set_bestshot_mode: Invalid bestshot mode, setting it to default
E/mm-camera-CORE(  316): awb_set_bestshot_mode: Invalid bestshot mode, setting it to default
E/mm-camera(  316): isp_tintless_config: tint_correction_strength updated to 4
E/mm-camera(  316): isp_tintless_update_chromatix_params: lib returned config err=0
E/mm-camera-CORE(  316): af_get_params: Focus is not initialized yet
E/mm-camera-CORE(  316): af_get_params: Focus is not initialized yet
E/mm-camera-CORE(  316): mot_af_deinit: E
E/mm-camera-CORE(  316): aec_set_bestshot_mode: Invalid bestshot mode, setting it to default
E/mm-camera-CORE(  316): awb_set_bestshot_mode: Invalid bestshot mode, setting it to default
E/mm-camera(  316): is_port_handle_set_is_enable: IS enable = 0
E/mm-camera(  316): port_isp_mct_ctrl_cmd: E, identity = 0x10002, STREAMON
E/mm-camera(  316): awb_port_update_awb_data r_gain; 1.665002, g_gain: 1.000000, b_gain: 2.101282, cct: 4100
I/SFPerfTracer(  240):      triggers: (rate: 185:8465) (compose: 0:170) (post: 0:432) (render: 0:472) (12:231044 frames) (13:278554)
D/SFPerfTracer(  240):        layers: (6:11) (FocusedStackFrame (0xb795c1e0): 0:4483)* (DimLayer (0xb7a09938): 0:699)* (DimLayer (0xb79fb730): 0:4046)* (DimLayer (0xb7a00e58): 0:936) (StatusBar (0xb79d0168): 8:33822) (com.android.systemui.ImageWallpaper (0xb79e3c48): 0:2036)* (NavigationBar (0xb7a28600): 0:3812) (com.example.app1/com.example.app1.MainActivity (0xb7a16458): 13:38) (com.motorola.camera/com.motorola.camera.Camera (0xb798ed60): 13:18) (SurfaceView (0xb7991fb0): 13:17) 
V/WindowManager(  969): ** HIDING status bar
V/WindowManager(  969): Status bar already hiding
D/SensorListener(  316): int android::sensor_events_listener(int, int, void*): SensorEventQueue TYPE_DISPLAY_ROTATE read(vector.x=-1), orient=0
E/mm-camera-img(  316): Face Album FILE EXISTS
D/mm-camera(  316): c2d_module_handle_streamon_event:1414, identity=0x10002, stream-on done
E/AEC_PORT(  316): ddd exp 0.008340 iso 77
E/AEC_PORT(  316): #### aec_port_get_aec_data runs
E/AEC_PORT(  316): aec_port_proc_get_aec_data exp 0.008340 iso 77, exp-idx: 240, lc: 774, gain: 1.544854
E/mm-camera(  316): isp_streamon: E, session_id = 1, stream_id = 2, active_count = 0 flash=FALSE
E/mm-camera(  316): isp_proc_streamon: E, session_id = 1, stream_id = 2, stream_type = 1
E/mm-camera(  316): isp_streamon: X, session_id = 1, rc = 0
E/mm-camera(  316): port_isp_send_streamon_done_event_downstream: ignore this streamon, hal_bundling_mask = 0x3, streamon_mask = 0x1
E/mm-camera(  316): port_isp_mct_ctrl_cmd: X, identity = 0x10002, STREAMON, ret = 0
D/QCameraHWI_Mem(  289): void qcamera::QCameraMemory::traceLogAllocStart(size_t, int, const char*) : alloc E count=5 size=14778368
E/QCameraHWI_Mem(  289): void qcamera::QCameraMemory::traceLogAllocStart(size_t, int, const char*):StreamMemsize 14778368
D/QCameraHWI_Mem(  289): void qcamera::QCameraMemory::traceLogAllocStart(size_t, int, const char*) : alloc E count=5 size=14778368
E/QCameraHWI_Mem(  289): void qcamera::QCameraMemory::traceLogAllocStart(size_t, int, const char*):Memsize 14778368
E/QCameraHWI_Mem(  289): int qcamera::QCameraMemoryPool::allocateBuffer(qcamera::QCameraMemory::QCameraMemInfo&, unsigned int, size_t, bool, cam_stream_type_t) : Buffer not found!
D/QCameraHWI_Mem(  289): static int qcamera::QCameraMemory::allocOneBuffer(qcamera::QCameraMemory::QCameraMemInfo&, unsigned int, size_t, bool) : ION buffer 1 with size 14778368 allocated
E/QCameraHWI_Mem(  289): int qcamera::QCameraMemoryPool::allocateBuffer(qcamera::QCameraMemory::QCameraMemInfo&, unsigned int, size_t, bool, cam_stream_type_t) : Buffer not found!
D/QCameraHWI_Mem(  289): static int qcamera::QCameraMemory::allocOneBuffer(qcamera::QCameraMemory::QCameraMemInfo&, unsigned int, size_t, bool) : ION buffer 1 with size 14778368 allocated
E/QCameraHWI_Mem(  289): int qcamera::QCameraMemoryPool::allocateBuffer(qcamera::QCameraMemory::QCameraMemInfo&, unsigned int, size_t, bool, cam_stream_type_t) : Buffer not found!
D/QCameraHWI_Mem(  289): static int qcamera::QCameraMemory::allocOneBuffer(qcamera::QCameraMemory::QCameraMemInfo&, unsigned int, size_t, bool) : ION buffer 1 with size 14778368 allocated
E/QCameraHWI_Mem(  289): int qcamera::QCameraMemoryPool::allocateBuffer(qcamera::QCameraMemory::QCameraMemInfo&, unsigned int, size_t, bool, cam_stream_type_t) : Buffer not found!
D/QCameraHWI_Mem(  289): static int qcamera::QCameraMemory::allocOneBuffer(qcamera::QCameraMemory::QCameraMemInfo&, unsigned int, size_t, bool) : ION buffer 1 with size 14778368 allocated
E/QCameraHWI_Mem(  289): int qcamera::QCameraMemoryPool::allocateBuffer(qcamera::QCameraMemory::QCameraMemInfo&, unsigned int, size_t, bool, cam_stream_type_t) : Buffer not found!
D/QCameraHWI_Mem(  289): static int qcamera::QCameraMemory::allocOneBuffer(qcamera::QCameraMemory::QCameraMemInfo&, unsigned int, size_t, bool) : ION buffer 1 with size 14778368 allocated
D/QCameraHWI_Mem(  289):  void qcamera::QCameraMemory::traceLogAllocEnd(size_t) : X
E/QCameraHWI_Mem(  289): void qcamera::QCameraMemory::traceLogAllocEnd(size_t) 73891840
D/QCameraHWI_Mem(  289):  void qcamera::QCameraMemory::traceLogAllocEnd(size_t) : X
E/QCameraHWI_Mem(  289): void qcamera::QCameraMemory::traceLogAllocEnd(size_t) 73891840
E/mm-camera-intf(  289): mm_stream_request_buf: buf_num = 5, stream type = 3
D/mm-camera-intf(  289): mm_stream_qbuf: Starting poll on stream 0xb86e69d4 type: 3
D/mm-camera-intf(  289): mm_stream_qbuf: Started poll on stream 0xb86e69d4 type: 3
E/mm-camera-sensor(  316): sensor_set_resolution:2537 set_fps=30.000000 > max_fps=29.370001, capping to max
E/mm-camera(  316): isp_sink_port_stream_config: E, session_id = 1, stream_id = 2, stream_type = 1
E/mm-camera(  316): isp_sink_port_stream_config: session_id = 1, stream_id = 2, is_split = 0
E/mm-camera(  316): isp_sink_port_stream_config: old vfe_id_mask = 0x1, new vfe_id_mask = 0x1
E/mm-camera(  316): isp_sink_port_stream_config: E, session_id = 1, stream_id = 3, stream_type = 3
E/mm-camera(  316): isp_sink_port_stream_config: session_id = 1, stream_id = 3, is_split = 0
E/mm-camera(  316): isp_sink_port_stream_config: old vfe_id_mask = 0x1, new vfe_id_mask = 0x1
E/mm-camera(  316): is_port_handle_stream_config_event: w = 4160, h = 3120, ma = 90, p = 0
E/mm-camera(  316): is_port_handle_set_is_enable: IS enable = 0
E/mm-camera-CORE(  316): aec_set_bestshot_mode: Invalid bestshot mode, setting it to default
E/mm-camera-CORE(  316): awb_set_bestshot_mode: Invalid bestshot mode, setting it to default
E/mm-camera(  316): isp_tintless_config: same cfg as current
E/mm-camera(  316): isp_tintless_update_chromatix_params: lib returned config err=0
E/mm-camera-CORE(  316): aec_set_bestshot_mode: Invalid bestshot mode, setting it to default
E/mm-camera-CORE(  316): awb_set_bestshot_mode: Invalid bestshot mode, setting it to default
E/mm-camera(  316): is_port_handle_set_is_enable: IS enable = 0
E/mm-camera(  316): port_isp_mct_ctrl_cmd: E, identity = 0x10003, STREAMON
E/mm-camera(  316): awb_port_update_awb_data r_gain; 1.665002, g_gain: 1.000000, b_gain: 2.101282, cct: 4100
E/mm-camera(  316): isp_streamon: E, session_id = 1, stream_id = 3, active_count = 0 flash=FALSE
E/mm-camera(  316): isp_proc_streamon: E, session_id = 1, stream_id = 3, stream_type = 3
E/mm-camera(  316): isp_ch_util_sync_stream_cfg_to_channel: cannot find channel, Adding new channel for stream id 2
E/mm-camera(  316): isp_add_meta_channel: no meta data, session_id = 1, stream_id = 2
E/mm-camera(  316): isp_ch_util_sync_stream_cfg_to_channel: cannot find channel, Adding new channel for stream id 3
E/mm-camera(  316): isp_add_meta_channel: no meta data, session_id = 1, stream_id = 3
E/mm-camera(  316): is_port_event:610 id = 10002, steam_type = 1, w = 1280, h = 720, IS mode = 0
E/mm-camera(  316): isp_thread_proc_cmd: start/stop, thread_data = 0xb5fb4218, action_code = 0
E/mm-camera(  316): isp_tintless_config: cfg: 10x13 mesh, 8x8 subgrid, subgrid sz 44x44
E/mm-camera(  316): isp_tintless_mesh_config: lib returned mesh config err=0
E/mm-camera(  316): color_xform_update_s_value path 0 scaling_factor 0.000000 
E/mm-camera(  316): color_xform_update_s_value path 1 scaling_factor 0.000000 
E/mm-camera(  316): linearization_set_params: param_id is not supported in this module
E/mm-camera(  316): mesh_rolloff_set_params: param_id is not supported in this module
E/mm-camera(  316): wb_set_params: param_id is not supported in this module
E/mm-camera(  316): demosaic_set_params: param_id 7, is not supported in this module
E/mm-camera(  316): demux_set_params: param_id 7, is not supported in this module
E/mm-camera(  316): color_conversion_trigger_update: Ignore AEC settled
E/mm-camera(  316): mce_set_params: param_id is not supported in this module
E/mm-camera(  316): sce_set_params: param_id is not supported in this module
E/mm-camera(  316): color_correct_trigger_update: Ignore AEC settled
E/mm-camera(  316): color_conversion_trigger_update: Ignore AEC settled
E/mm-camera(  316): la_hist_trigger_update: luma target from AEC = 0! use default LA curve
E/mm-camera(  316): isp_tintless_stat_config: pointer okay 
E/mm-camera(  316): isp_ch_util_streamon: session_id = 1, vfe_mask = 0x1, async streamon, rc = 0
E/mm-camera(  316): isp_tintless_config: cfg: camif 4160x3120, elem sz 130x130, elems 24x32
E/mm-camera(  316): isp_tintless_stat_config: lib returned config err=0
E/mm-camera(  316): stats_action_buf_config: cfg = 1, stats_mask = 0x7b8
E/mm-camera(  316): stats_action: stats mask = 0x7b8
E/mm-camera(  316): isp_axi_util_subscribe_v4l2_event: event_type = 0x8000100, is_subscribe = 1
E/mm-camera(  316): isp_ch_util_streamon: session_id = 1, sync ack done
E/mm-camera(  316): isp_thread_proc_cmd: start/stop ack done, thread_data = 0xb5fb4218, action_code = 1, rc = 0
E/mm-camera(  316): color_xform_update_s_value path 0 scaling_factor 1.000000 
E/mm-camera(  316): color_xform_update_s_value path 1 scaling_factor 3.250000 
E/mm-camera(  316): isp_streamon: X, session_id = 1, rc = 0
E/mm-camera(  316): port_isp_send_streamon_done_event_downstream: notify stream done downstream
E/mm-camera(  316): port_isp_mct_ctrl_cmd: X, identity = 0x10003, STREAMON, ret = 0
E/mm-camera-sensor(  316): module_sensor_stream_on: Sending start bus message
E/mm-camera(  316): mct_bus_sof_thread_run thread_id is 11465
D/QCameraParameters(  289): int32_t qcamera::QCameraParameters::setPseudoZslMode(qcamera::mot_pseudo_zsl_mode_t): PSEUDO_ZSL_PREVIEW: 3
E/QCameraPostProc(  289): int32_t qcamera::QCameraPostProcessor::start(qcamera::QCameraChannel*): use count reset to 0
D/QCameraParameters(  289): MNR disabled
D/QCamera2HWI(  289): bool qcamera::QCamera2HardwareInterface::needReprocess(): need do reprocess for ZSL WNR or min PP reprocess
D/QCameraParameters(  289): setSnapshotFrameSkip: CAM_INTF_PARM_SNAPSHOT_FRAMESKIP, pattern=3
D/QCamera2HWI(  289): qcamera::QCameraReprocessChannel* qcamera::QCamera2HardwareInterface::addReprocChannel(qcamera::QCameraChannel*): Before pproc config check, ret = 888
E/mm-camera(  316): mct_pipeline_send_ctrl_events: Send Set Parm events
D/QCamera2HWI(  289): uint8_t qcamera::QCamera2HardwareInterface::getBufNumRequired(cam_stream_type_t): Allocating 1 buffers for streamtype 9
D/QCameraParameters(  289): MNR disabled
D/QCamera2HWI(  289): qcamera::QCameraReprocessChannel* qcamera::QCamera2HardwareInterface::addReprocChannel(qcamera::QCameraChannel*): After pproc config check, ret = 88a
D/QCamera2HWI(  289): qcamera::QCameraReprocessChannel* qcamera::QCamera2HardwareInterface::addReprocChannel(qcamera::QCameraChannel*): Allocating 1 reproc buffers
D/QCameraHWI_Mem(  289): void qcamera::QCameraMemory::traceLogAllocStart(size_t, int, const char*) : alloc E count=1 size=1100
D/QCameraHWI_Mem(  289): void qcamera::QCameraMemory::traceLogAllocStart(size_t, int, const char*) : alloc E count=1 size=1100
D/QCameraHWI_Mem(  289): int qcamera::QCameraMemory::alloc(int, size_t, unsigned int) : No memory pool available and So allocate new buffer
D/QCameraParameters(  289): int32_t qcamera::QCameraParameters::setLA(const char*): Setting LA value on 1
D/QCameraHWI_Mem(  289): static int qcamera::QCameraMemory::allocOneBuffer(qcamera::QCameraMemory::QCameraMemInfo&, unsigned int, size_t, bool) : ION buffer 1 with size 4096 allocated
D/QCameraHWI_Mem(  289):  void qcamera::QCameraMemory::traceLogAllocEnd(size_t) : X
D/QCameraHWI_Mem(  289):  void qcamera::QCameraMemory::traceLogAllocEnd(size_t) : X
E/mm-camera(  316): mct_pipeline_send_ctrl_events: Send Set Parm events
D/QCamera2HWI(  289): uint8_t qcamera::QCamera2HardwareInterface::getBufNumRequired(cam_stream_type_t): Allocating 1 buffers for streamtype 9
D/QCamera2HWI(  289): virtual qcamera::QCameraHeapMemory* qcamera::QCamera2HardwareInterface::allocateStreamInfoBuf(cam_stream_type_t): stream_type 9, stream format 99,stream dimension 0x0, num_bufs 1
E/mm-camera(  316): mct_pipeline_send_ctrl_events: Send Set Parm events
I/mm-camera-sensor(  316): imx214_check_moto_crc: EEPROM_CRC 705d CALC CRC 705d CALC Reverse CRC 17d8 matches? 1
D/QCamera2HWI(  289): int qcamera::QCamera2HardwareInterface::startPreview(): X
D/QCamera2HWI(  289): [KPI Perf] static int qcamera::QCamera2HardwareInterface::start_preview(camera_device*): X
I/QCameraHalWatchdog(  289): Stopped Watchdog Thread...
E/mm-camera(  316): mct_pproc_sink_port_caps_reserve:194] The port 0xb8e8f7e0 is not free
D/QCameraHWI_Mem(  289): void qcamera::QCameraMemory::traceLogAllocStart(size_t, int, const char*) : alloc E count=1 size=14778368
E/QCameraHWI_Mem(  289): void qcamera::QCameraMemory::traceLogAllocStart(size_t, int, const char*):StreamMemsize 14778368
D/QCameraHWI_Mem(  289): void qcamera::QCameraMemory::traceLogAllocStart(size_t, int, const char*) : alloc E count=1 size=14778368
E/QCameraHWI_Mem(  289): void qcamera::QCameraMemory::traceLogAllocStart(size_t, int, const char*):Memsize 14778368
E/QCameraHWI_Mem(  289): int qcamera::QCameraMemoryPool::allocateBuffer(qcamera::QCameraMemory::QCameraMemInfo&, unsigned int, size_t, bool, cam_stream_type_t) : Buffer not found!
D/QCameraHWI_Mem(  289): static int qcamera::QCameraMemory::allocOneBuffer(qcamera::QCameraMemory::QCameraMemInfo&, unsigned int, size_t, bool) : ION buffer 1 with size 14778368 allocated
D/QCameraHWI_Mem(  289):  void qcamera::QCameraMemory::traceLogAllocEnd(size_t) : X
E/QCameraHWI_Mem(  289): void qcamera::QCameraMemory::traceLogAllocEnd(size_t) 14778368
E/mm-camera(  316): color_correct_trigger_update: Ignore AEC settled
E/mm-camera(  316): color_conversion_trigger_update: Ignore AEC settled
E/mm-camera(  316): color_correct_trigger_update: Ignore AEC settled
E/mm-camera(  316): color_conversion_trigger_update: Ignore AEC settled
D/QCameraHWI_Mem(  289):  void qcamera::QCameraMemory::traceLogAllocEnd(size_t) : X
E/QCameraHWI_Mem(  289): void qcamera::QCameraMemory::traceLogAllocEnd(size_t) 14778368
E/mm-camera-CORE(  316): af_set_parameters: Unsupported parameter:35
E/mm-camera-intf(  289): mm_stream_request_buf: buf_num = 1, stream type = 9
V/WindowManager(  969): ** HIDING status bar
V/WindowManager(  969): Status bar already hiding
D/mm-camera-intf(  289): mm_stream_qbuf: Starting poll on stream 0xb86e70ac type: 9
D/mm-camera-intf(  289): mm_stream_qbuf: Started poll on stream 0xb86e70ac type: 9
V/WindowManager(  969): ** HIDING status bar
V/WindowManager(  969): Status bar already hiding
V/PhoneStatusBar( 1242): PERF: BEGIN updateCarrierLabelVisibility false
V/PhoneStatusBar( 1242): PERF: END updateCarrierLabelVisibility false
V/PhoneStatusBar( 1242): PERF: BEGIN updateCarrierLabelVisibility false
V/PhoneStatusBar( 1242): PERF: END updateCarrierLabelVisibility false
I/SFPerfTracer(  240):      triggers: (rate: 16:622) (903751 sw vsyncs) (0 skipped) (150:769940 vsyncs) (152:1698450)
V/WindowManager(  969): ** HIDING status bar
V/WindowManager(  969): Status bar already hiding
E/mm-camera(  316): color_correct_trigger_update: Ignore AEC settled
E/mm-camera(  316): color_conversion_trigger_update: Ignore AEC settled
D/QCamera2HWI(  289): int32_t qcamera::QCamera2HardwareInterface::processAutoFocusEvent(cam_auto_focus_data_t&): E CAM_AF_SCANNING
D/QCamera2HWI(  289): [AF_DBG] int32_t qcamera::QCamera2HardwareInterface::processAutoFocusEvent(cam_auto_focus_data_t&): focusMode=6, m_currentFocusState=0, m_bAFRunning=0
D/QCamera2HWI(  289): int32_t qcamera::QCamera2HardwareInterface::processAutoFocusEvent(cam_auto_focus_data_t&): CameraKpiTag: FOCUS_ACHIEVED_TIME : -1953598
D/QCamera2HWI(  289): int32_t qcamera::QCamera2HardwareInterface::processAutoFocusEvent(cam_auto_focus_data_t&): X
D/mm-camera-intf(  289): bgproc_tev: focus_state=0, focus_idx=0, approximate focus_ts=0
V/WindowManager(  969): ** HIDING status bar
V/WindowManager(  969): Status bar already hiding
E/mm-camera-CORE(  316): af_process_parse_stats: Invalid FV data!
D/QCamera2HWI(  289): void qcamera::QCamera2HardwareInterface::kpi_preview_stream_cb_routine(): CameraKpiTag: PREVIEW_START_TIME : 305
E/mm-camera(  316): color_correct_trigger_update: Ignore AEC settled
E/mm-camera(  316): color_conversion_trigger_update: Ignore AEC settled
E/mm-camera(  316): la_hist_trigger_update: luma target from AEC = 0! use default LA curve
E/mm-camera(  316): awb_port_update_awb_info AWB Decision is not valid. Dont send metadata
E/mm-camera(  316): color_correct_trigger_update: Ignore AEC settled
E/mm-camera(  316): color_conversion_trigger_update: Ignore AEC settled
D/mm-camera-intf(  289): bgproc_tev: focus_state=0, focus_idx=0, approximate focus_ts=0
D/QCamera2HWI(  289): int32_t qcamera::QCamera2HardwareInterface::processAutoFocusEvent(cam_auto_focus_data_t&): E CAM_AF_SCANNING
D/QCamera2HWI(  289): [AF_DBG] int32_t qcamera::QCamera2HardwareInterface::processAutoFocusEvent(cam_auto_focus_data_t&): focusMode=6, m_currentFocusState=0, m_bAFRunning=0
D/QCamera2HWI(  289): int32_t qcamera::QCamera2HardwareInterface::processAutoFocusEvent(cam_auto_focus_data_t&): CameraKpiTag: FOCUS_ACHIEVED_TIME : -1953560
D/QCamera2HWI(  289): int32_t qcamera::QCamera2HardwareInterface::processAutoFocusEvent(cam_auto_focus_data_t&): X
E/MotISP_GPU(  289): int MotISP_GPU::Init(int, int): GPU resolution: 1280x720
D/QCamera2HWI(  289): [KPI Perf] static void qcamera::QCamera2HardwareInterface::preview_stream_cb_routine(mm_camera_super_buf_t*, qcamera::QCameraStream*, void*) : PROFILE_FIRST_PREVIEW_FRAME
I/Adreno-EGL(  289): <qeglDrvAPI_eglInitialize:379>: EGL 1.4 QUALCOMM build:  ()
I/Adreno-EGL(  289): OpenGL ES Shader Compiler Version: E031.25.03.04
I/Adreno-EGL(  289): Build Date: 04/06/15 Mon
I/Adreno-EGL(  289): Local Branch: 
I/Adreno-EGL(  289): Remote Branch: 
I/Adreno-EGL(  289): Local Patches: 
I/Adreno-EGL(  289): Reconstruct Branch: 
E/mm-camera-CORE(  316): af_process_parse_stats: Invalid FV data!
D/mm-camera-intf(  289): bgproc_tev: focus_state=1, focus_idx=3, approximate focus_ts=1535672193091
D/QCamera2HWI(  289): int32_t qcamera::QCamera2HardwareInterface::processAutoFocusEvent(cam_auto_focus_data_t&): E CAM_AF_FOCUSED
D/QCamera2HWI(  289): int32_t qcamera::QCamera2HardwareInterface::processAutoFocusEvent(cam_auto_focus_data_t&): ZEROMOTION: mLastFocusedFrameTime = 1535672193091
D/QCamera2HWI(  289): [AF_DBG] int32_t qcamera::QCamera2HardwareInterface::processAutoFocusEvent(cam_auto_focus_data_t&): focusMode=6, m_currentFocusState=1, m_bAFRunning=0
D/QCamera2HWI(  289): int32_t qcamera::QCamera2HardwareInterface::processAutoFocusEvent(cam_auto_focus_data_t&): CameraKpiTag: FOCUS_ACHIEVED_TIME : -1953527
D/QCameraParameters(  289): updateFocusDistances: setting KEY_FOCUS_DISTANCES as 0.496406,0.595798,0.744955
D/QCamera2HWI(  289): int32_t qcamera::QCamera2HardwareInterface::processAutoFocusEvent(cam_auto_focus_data_t&): X
D/QCamera2HWI(  289): [KPI Perf] static void* qcamera::QCameraCbNotifier::cbNotifyRoutine(void*) : PROFILE_SENDING_FOCUS_EVT_TO APP
D/QCameraParameters(  289): [KPI Perf] int32_t qcamera::QCameraParameters::setFaceDetection(bool): PROFILE_FACE_DETECTION_VALUE = 1 num_fd = 5
E/mm-camera(  316): mct_pipeline_send_ctrl_events: Send Set Parm events
I/MotoNetwCtrlr.MotoWifiHndlr( 1242): handleMessage: Entered msg.what=1
D/QCamera2HWI(  289): int qcamera::QCamera2HardwareInterface::sendCommand(int32_t, int32_t&, int32_t&): FaceDetection -> Enabled
I/MotoNetwCtrlr.MotorolaWifiSignalController( 1242): isDirty: returns true
I/MotoNetwCtrlr.MotorolaWifiSignalController( 1242): notifyListeners: calling SB [0] setWifiIndicators (Motorola api): UseMotoUI=true Vis=true SBSig=0x7f02014a=stat_sys_wifi_signal_3_fully SBAct=( none ) DescSig="Wi-Fi three bars." DescAct="wifi in" NetName=""3 bachelors""
I/MotoNetwCtrlr.MotorolaWifiSignalController( 1242): notifyListeners: calling SB [1] setWifiIndicators (Motorola api): UseMotoUI=true Vis=true SBSig=0x7f02014a=stat_sys_wifi_signal_3_fully SBAct=( none ) DescSig="Wi-Fi three bars." DescAct="wifi in" NetName=""3 bachelors""
I/MotoNetwCtrlr.MotorolaWifiSignalController( 1242): notifyListeners: calling SB [2] setWifiIndicators (Motorola api): UseMotoUI=true Vis=true SBSig=0x7f02014a=stat_sys_wifi_signal_3_fully SBAct=( none ) DescSig="Wi-Fi three bars." DescAct="wifi in" NetName=""3 bachelors""
I/MotoNetwCtrlr.MotoWifiHndlr( 1242): handleMessage: Completed
D/Checkin (21974): publish the event [tag = MOT_CAMERA_STATS event name = CAMERA_READY]
E/mm-camera-CORE(  316): af_process_parse_stats: Invalid FV data!
E/mm-camera-CORE(  316): af_process_parse_stats: Invalid FV data!
D/QCamera2HWI(  289): int32_t qcamera::QCamera2HardwareInterface::processFaceDetectionResult(cam_face_detection_data_t*): metadata msgtype not enabled, no ops here
E/mm-camera-CORE(  316): awb_bayer_set_led_gains AWB decision invalid. return
E/mm-camera-CORE(  316): af_process_parse_stats: Invalid FV data!
D/mm-camera-intf(  289): bgproc_tev: focus_state=0, focus_idx=0, approximate focus_ts=0
D/QCamera2HWI(  289): int32_t qcamera::QCamera2HardwareInterface::processFaceDetectionResult(cam_face_detection_data_t*): metadata msgtype not enabled, no ops here
E/mm-camera-CORE(  316): awb_bayer_set_led_gains AWB decision invalid. return
D/QCamera2HWI(  289): int32_t qcamera::QCamera2HardwareInterface::processAutoFocusEvent(cam_auto_focus_data_t&): E CAM_AF_SCANNING
D/QCamera2HWI(  289): [AF_DBG] int32_t qcamera::QCamera2HardwareInterface::processAutoFocusEvent(cam_auto_focus_data_t&): focusMode=6, m_currentFocusState=0, m_bAFRunning=0
D/QCamera2HWI(  289): int32_t qcamera::QCamera2HardwareInterface::processAutoFocusEvent(cam_auto_focus_data_t&): CameraKpiTag: FOCUS_ACHIEVED_TIME : -1953419
D/QCamera2HWI(  289): int32_t qcamera::QCamera2HardwareInterface::processAutoFocusEvent(cam_auto_focus_data_t&): X
E/mm-camera-CORE(  316): af_process_parse_stats: Invalid FV data!
D/QCamera2HWI(  289): int32_t qcamera::QCamera2HardwareInterface::processFaceDetectionResult(cam_face_detection_data_t*): metadata msgtype not enabled, no ops here
D/mm-camera-intf(  289): bgproc_tev: focus_state=1, focus_idx=7, approximate focus_ts=1535672193222
D/QCamera2HWI(  289): int32_t qcamera::QCamera2HardwareInterface::processAutoFocusEvent(cam_auto_focus_data_t&): E CAM_AF_FOCUSED
D/QCamera2HWI(  289): int32_t qcamera::QCamera2HardwareInterface::processAutoFocusEvent(cam_auto_focus_data_t&): ZEROMOTION: mLastFocusedFrameTime = 1535672193222
D/QCamera2HWI(  289): [AF_DBG] int32_t qcamera::QCamera2HardwareInterface::processAutoFocusEvent(cam_auto_focus_data_t&): focusMode=6, m_currentFocusState=1, m_bAFRunning=0
D/QCamera2HWI(  289): int32_t qcamera::QCamera2HardwareInterface::processAutoFocusEvent(cam_auto_focus_data_t&): CameraKpiTag: FOCUS_ACHIEVED_TIME : -1953396
D/QCameraParameters(  289): updateFocusDistances: setting KEY_FOCUS_DISTANCES as 0.496406,0.595798,0.744955
D/QCamera2HWI(  289): int32_t qcamera::QCamera2HardwareInterface::processAutoFocusEvent(cam_auto_focus_data_t&): X
D/QCamera2HWI(  289): [KPI Perf] static void* qcamera::QCameraCbNotifier::cbNotifyRoutine(void*) : PROFILE_SENDING_FOCUS_EVT_TO APP
E/mm-camera-CORE(  316): awb_bayer_set_led_gains AWB decision invalid. return
E/mm-camera(  316): isp_proc_async_command: after ISP_UV_SWITCH_STATE_FINISHING session = 1
D/QCamera2HWI(  289): int32_t qcamera::QCamera2HardwareInterface::processFaceDetectionResult(cam_face_detection_data_t*): metadata msgtype not enabled, no ops here
E/mm-camera-CORE(  316): awb_bayer_set_led_gains AWB decision invalid. return
E/mm-camera-CORE(  316): awb_bayer_set_led_gains AWB decision invalid. return
I/SFPerfTracer(  240):       trigger: frame rate (-28.024%)	(43.186 fps)	(23.156 ms) 	(2 drops)	(10 frames)
I/SFPerfTracer(  240):      triggers: (rate: 186:8467) (compose: 0:170) (post: 0:432) (render: 0:472) (10:231062 frames) (11:278577)
D/SFPerfTracer(  240):        layers: (3:11) (FocusedStackFrame (0xb795c1e0): 1:4485)* (DimLayer (0xb7a09938): 0:699)* (DimLayer (0xb79fb730): 0:4046)* (DimLayer (0xb7a00e58): 0:937)* (StatusBar (0xb79d0168): 1:33834)* (com.android.systemui.ImageWallpaper (0xb79e3c48): 0:2036)* (NavigationBar (0xb7a28600): 0:3812) (com.example.app1/com.example.app1.MainActivity (0xb7a16458): 0:40)- (com.motorola.camera/com.motorola.camera.Camera (0xb798ed60): 2:29) (SurfaceView (0xb7991fb0): 11:40) 
E/mm-camera-CORE(  316): awb_bayer_set_led_gains AWB decision invalid. return
D/mm-camera-intf(  289): bgproc_tev: focus_state=0, focus_idx=0, approximate focus_ts=0
D/QCamera2HWI(  289): int32_t qcamera::QCamera2HardwareInterface::processFaceDetectionResult(cam_face_detection_data_t*): metadata msgtype not enabled, no ops here
D/QCamera2HWI(  289): int32_t qcamera::QCamera2HardwareInterface::processAutoFocusEvent(cam_auto_focus_data_t&): E CAM_AF_SCANNING
D/QCamera2HWI(  289): [AF_DBG] int32_t qcamera::QCamera2HardwareInterface::processAutoFocusEvent(cam_auto_focus_data_t&): focusMode=6, m_currentFocusState=0, m_bAFRunning=0
D/QCamera2HWI(  289): int32_t qcamera::QCamera2HardwareInterface::processAutoFocusEvent(cam_auto_focus_data_t&): CameraKpiTag: FOCUS_ACHIEVED_TIME : -1953246
D/QCamera2HWI(  289): int32_t qcamera::QCamera2HardwareInterface::processAutoFocusEvent(cam_auto_focus_data_t&): X
E/mm-camera-CORE(  316): awb_bayer_set_led_gains AWB decision invalid. return
V/AlternateRecentsComponent( 1242): PERF: BEGIN TaskStackListenerImpl.run()
V/AlternateRecentsComponent( 1242): getTopMostTask
V/AlternateRecentsComponent( 1242): createLoadPlan
V/AlternateRecentsComponent( 1242): PERF: END TaskStackListenerImpl.run()
D/QCamera2HWI(  289): int32_t qcamera::QCamera2HardwareInterface::processFaceDetectionResult(cam_face_detection_data_t*): metadata msgtype not enabled, no ops here
E/mm-camera-CORE(  316): awb_bayer_set_led_gains AWB decision invalid. return
D/QCamera2HWI(  289): int32_t qcamera::QCamera2HardwareInterface::processFaceDetectionResult(cam_face_detection_data_t*): metadata msgtype not enabled, no ops here
E/mm-camera-CORE(  316): awb_bayer_set_led_gains AWB decision invalid. return
D/QCamera2HWI(  289): int32_t qcamera::QCamera2HardwareInterface::processFaceDetectionResult(cam_face_detection_data_t*): metadata msgtype not enabled, no ops here
E/mm-camera-CORE(  316): awb_bayer_set_led_gains AWB decision invalid. return
D/QCamera2HWI(  289): int32_t qcamera::QCamera2HardwareInterface::processFaceDetectionResult(cam_face_detection_data_t*): metadata msgtype not enabled, no ops here
E/mm-camera-CORE(  316): awb_bayer_set_led_gains AWB decision invalid. return
D/QCamera2HWI(  289): int32_t qcamera::QCamera2HardwareInterface::processFaceDetectionResult(cam_face_detection_data_t*): metadata msgtype not enabled, no ops here
E/mm-camera-CORE(  316): awb_bayer_set_led_gains AWB decision invalid. return
D/QCamera2HWI(  289): int32_t qcamera::QCamera2HardwareInterface::processFaceDetectionResult(cam_face_detection_data_t*): metadata msgtype not enabled, no ops here
E/mm-camera-CORE(  316): awb_bayer_set_led_gains AWB decision invalid. return
D/QCamera2HWI(  289): int32_t qcamera::QCamera2HardwareInterface::processFaceDetectionResult(cam_face_detection_data_t*): metadata msgtype not enabled, no ops here
E/mm-camera-CORE(  316): awb_bayer_set_led_gains AWB decision invalid. return
D/QCamera2HWI(  289): int32_t qcamera::QCamera2HardwareInterface::processFaceDetectionResult(cam_face_detection_data_t*): metadata msgtype not enabled, no ops here
E/mm-camera-CORE(  316): awb_bayer_set_led_gains AWB decision invalid. return
D/QCamera2HWI(  289): int32_t qcamera::QCamera2HardwareInterface::processFaceDetectionResult(cam_face_detection_data_t*): metadata msgtype not enabled, no ops here
E/mm-camera-CORE(  316): awb_bayer_set_led_gains AWB decision invalid. return
D/QCamera2HWI(  289): int32_t qcamera::QCamera2HardwareInterface::processFaceDetectionResult(cam_face_detection_data_t*): metadata msgtype not enabled, no ops here
E/mm-camera-CORE(  316): awb_bayer_set_led_gains AWB decision invalid. return
D/QCamera2HWI(  289): int32_t qcamera::QCamera2HardwareInterface::processFaceDetectionResult(cam_face_detection_data_t*): metadata msgtype not enabled, no ops here
E/mm-camera-CORE(  316): awb_bayer_set_led_gains AWB decision invalid. return
D/QCamera2HWI(  289): int32_t qcamera::QCamera2HardwareInterface::processFaceDetectionResult(cam_face_detection_data_t*): metadata msgtype not enabled, no ops here
E/mm-camera-CORE(  316): awb_bayer_set_led_gains AWB decision invalid. return
D/QCamera2HWI(  289): int32_t qcamera::QCamera2HardwareInterface::processFaceDetectionResult(cam_face_detection_data_t*): metadata msgtype not enabled, no ops here
E/mm-camera-CORE(  316): awb_bayer_set_led_gains AWB decision invalid. return
D/QCamera2HWI(  289): int32_t qcamera::QCamera2HardwareInterface::processFaceDetectionResult(cam_face_detection_data_t*): metadata msgtype not enabled, no ops here
E/mm-camera-CORE(  316): awb_bayer_set_led_gains AWB decision invalid. return
D/QCamera2HWI(  289): int32_t qcamera::QCamera2HardwareInterface::processFaceDetectionResult(cam_face_detection_data_t*): metadata msgtype not enabled, no ops here
E/mm-camera-CORE(  316): awb_bayer_set_led_gains AWB decision invalid. return
I/art     ( 2192): Note: end time exceeds epoch: 
I/art     ( 2192): Note: end time exceeds epoch: 
D/QCamera2HWI(  289): int32_t qcamera::QCamera2HardwareInterface::processFaceDetectionResult(cam_face_detection_data_t*): metadata msgtype not enabled, no ops here
D/TaskPersister(  969): removeObsoleteFile: deleting file=632_task.xml
D/TaskPersister(  969): removeObsoleteFile: deleting file=632_task_thumbnail.png
E/mm-camera-CORE(  316): awb_bayer_set_led_gains AWB decision invalid. return
D/QCamera2HWI(  289): int32_t qcamera::QCamera2HardwareInterface::processFaceDetectionResult(cam_face_detection_data_t*): metadata msgtype not enabled, no ops here
E/mm-camera-CORE(  316): awb_bayer_set_led_gains AWB decision invalid. return
E/WifiStateMachine(  969): WifiStateMachine CMD_START_SCAN source -2 txSuccessRate=3.02 rxSuccessRate=6.21 targetRoamBSSID=any RSSI=-58
E/WifiStateMachine(  969): startDelayedScan send -> 3269 milli 20000
E/WifiStateMachine(  969): WifiStateMachine CMD_START_SCAN with age=20003 interval=151875 maxinterval=300000
E/WifiStateMachine(  969): WifiStateMachine CMD_START_SCAN full=false
E/WifiStateMachine(  969): WifiStateMachine starting scan for "3 bachelors"WPA_PSK with 2412
I/WifiHAL (  969): Poll result = 1
I/WifiHAL (  969): Found some events!!!
D/WifiHAL (  969): no_seq_check received
I/WifiHAL (  969): event received NL80211_CMD_TRIGGER_SCAN
I/WifiHAL (  969): event received NL80211_CMD_TRIGGER_SCAN, vendor_id = 0x0
I/WifiHAL (  969): event ignored!!
E/WifiStateMachine(  969): [1,535,672,194,563 ms] noteScanstart no scan source uid -2
D/QCamera2HWI(  289): int32_t qcamera::QCamera2HardwareInterface::processFaceDetectionResult(cam_face_detection_data_t*): metadata msgtype not enabled, no ops here
E/mm-camera-CORE(  316): awb_bayer_set_led_gains AWB decision invalid. return
I/WifiHAL (  969): Poll result = 1
I/WifiHAL (  969): Found some events!!!
D/WifiHAL (  969): no_seq_check received
I/WifiHAL (  969): event received NL80211_CMD_NEW_SCAN_RESULTS
I/WifiHAL (  969): event received NL80211_CMD_NEW_SCAN_RESULTS, vendor_id = 0x0
I/WifiHAL (  969): event ignored!!
E/WifiStateMachine(  969): [1,535,672,194,617 ms] noteScanEnd no scan source onTime=0
E/WifiStateMachine(  969): wifi setScanResults statecom.android.server.wifi.WifiStateMachine$ConnectedState@3cbb0ec sup_state=COMPLETED debouncing=false mConnectionRequests=0 selection="3 bachelors"WPA_PSK
D/QCamera2HWI(  289): int32_t qcamera::QCamera2HardwareInterface::processFaceDetectionResult(cam_face_detection_data_t*): metadata msgtype not enabled, no ops here
I/GCoreUlr( 1835): Starting service, intent=Intent { act=com.google.android.location.reporting.ACTION_UPDATE_ACTIVE_STATE cmp=com.google.android.gms/com.google.android.location.reporting.service.DispatchingService (has extras) }, extras=Bundle[{source=PowerModeReceiver}]
E/mm-camera-CORE(  316): awb_bayer_set_led_gains AWB decision invalid. return
D/mm-camera-intf(  289): bgproc_tev: focus_state=1, focus_idx=30, approximate focus_ts=1535672194708
D/QCamera2HWI(  289): int32_t qcamera::QCamera2HardwareInterface::processFaceDetectionResult(cam_face_detection_data_t*): metadata msgtype not enabled, no ops here
D/QCamera2HWI(  289): int32_t qcamera::QCamera2HardwareInterface::processAutoFocusEvent(cam_auto_focus_data_t&): E CAM_AF_FOCUSED
D/QCamera2HWI(  289): int32_t qcamera::QCamera2HardwareInterface::processAutoFocusEvent(cam_auto_focus_data_t&): ZEROMOTION: mLastFocusedFrameTime = 1535672194711
D/QCamera2HWI(  289): [AF_DBG] int32_t qcamera::QCamera2HardwareInterface::processAutoFocusEvent(cam_auto_focus_data_t&): focusMode=6, m_currentFocusState=1, m_bAFRunning=0
D/QCamera2HWI(  289): int32_t qcamera::QCamera2HardwareInterface::processAutoFocusEvent(cam_auto_focus_data_t&): CameraKpiTag: FOCUS_ACHIEVED_TIME : -1951907
D/QCameraParameters(  289): updateFocusDistances: setting KEY_FOCUS_DISTANCES as 0.496406,0.595798,0.744955
D/QCamera2HWI(  289): int32_t qcamera::QCamera2HardwareInterface::processAutoFocusEvent(cam_auto_focus_data_t&): X
D/QCamera2HWI(  289): [KPI Perf] static void* qcamera::QCameraCbNotifier::cbNotifyRoutine(void*) : PROFILE_SENDING_FOCUS_EVT_TO APP
D/QCamera2HWI(  289): int32_t qcamera::QCamera2HardwareInterface::processFaceDetectionResult(cam_face_detection_data_t*): metadata msgtype not enabled, no ops here
E/mm-camera-CORE(  316): awb_bayer_set_led_gains AWB decision invalid. return
D/QCamera2HWI(  289): int32_t qcamera::QCamera2HardwareInterface::processFaceDetectionResult(cam_face_detection_data_t*): metadata msgtype not enabled, no ops here
D/QCamera2HWI(  289): int32_t qcamera::QCamera2HardwareInterface::processFaceDetectionResult(cam_face_detection_data_t*): metadata msgtype not enabled, no ops here
E/mm-camera-CORE(  316): awb_bayer_set_led_gains AWB decision invalid. return
D/QCamera2HWI(  289): int32_t qcamera::QCamera2HardwareInterface::processFaceDetectionResult(cam_face_detection_data_t*): metadata msgtype not enabled, no ops here
D/QCamera2HWI(  289): int32_t qcamera::QCamera2HardwareInterface::processFaceDetectionResult(cam_face_detection_data_t*): metadata msgtype not enabled, no ops here
I/GCoreUlr( 1835): DispatchingService.updateActiveState+PowerModeReceiver: Ensuring that reporting is active for [account#-7#]
E/mm-camera-CORE(  316): awb_bayer_set_led_gains AWB decision invalid. return
I/GCoreUlr( 1835): GMS FLP location updates requested: {"description":"stationary","newRequest":true,"samplePeriodMs":2160000,"sampleReason":"stationary","sampleSource":"internal","timestampMs":1535672194669}
I/MotoNetwCtrlr.MotoWifiHndlr( 1242): handleMessage: Entered msg.what=1
I/MotoNetwCtrlr.MotorolaWifiSignalController( 1242): isDirty: returns true
I/MotoNetwCtrlr.MotorolaWifiSignalController( 1242): notifyListeners: calling SB [0] setWifiIndicators (Motorola api): UseMotoUI=true Vis=true SBSig=0x7f02014a=stat_sys_wifi_signal_3_fully SBAct=( none ) DescSig="Wi-Fi three bars." DescAct="wifi idle" NetName=""3 bachelors""
I/MotoNetwCtrlr.MotorolaWifiSignalController( 1242): notifyListeners: calling SB [1] setWifiIndicators (Motorola api): UseMotoUI=true Vis=true SBSig=0x7f02014a=stat_sys_wifi_signal_3_fully SBAct=( none ) DescSig="Wi-Fi three bars." DescAct="wifi idle" NetName=""3 bachelors""
I/MotoNetwCtrlr.MotorolaWifiSignalController( 1242): notifyListeners: calling SB [2] setWifiIndicators (Motorola api): UseMotoUI=true Vis=true SBSig=0x7f02014a=stat_sys_wifi_signal_3_fully SBAct=( none ) DescSig="Wi-Fi three bars." DescAct="wifi idle" NetName=""3 bachelors""
I/MotoNetwCtrlr.MotoWifiHndlr( 1242): handleMessage: Completed
D/QCamera2HWI(  289): int32_t qcamera::QCamera2HardwareInterface::processFaceDetectionResult(cam_face_detection_data_t*): metadata msgtype not enabled, no ops here
I/MotoNetwCtrlr( 1242): onReceive: Received intent=Intent { act=android.net.wifi.RSSI_CHANGED flg=0x4000010 (has extras) } Action=android.net.wifi.RSSI_CHANGED
I/MotoNetwCtrlr.MotoWifiSignalCtrlr( 1242): handleBroadcast: Entered: Intent=Intent { act=android.net.wifi.RSSI_CHANGED flg=0x4000010 (has extras) } Action=android.net.wifi.RSSI_CHANGED
I/MotoNetwCtrlr.MotorolaWifiSignalController( 1242): isDirty: returns false
I/MotoNetwCtrlr.MotoWifiSignalCtrlr( 1242): handleBroadcast: Completed
I/MotoNetwCtrlr( 1242): onReceive: Completed intent=Intent { act=android.net.wifi.RSSI_CHANGED flg=0x4000010 (has extras) } Action=android.net.wifi.RSSI_CHANGED
I/GCoreUlr( 1835): Successfully inserted 1 locations
D/QCamera2HWI(  289): int32_t qcamera::QCamera2HardwareInterface::processFaceDetectionResult(cam_face_detection_data_t*): metadata msgtype not enabled, no ops here
E/mm-camera-CORE(  316): awb_bayer_set_led_gains AWB decision invalid. return
D/QCamera2HWI(  289): int32_t qcamera::QCamera2HardwareInterface::processFaceDetectionResult(cam_face_detection_data_t*): metadata msgtype not enabled, no ops here
D/QCamera2HWI(  289): int32_t qcamera::QCamera2HardwareInterface::processFaceDetectionResult(cam_face_detection_data_t*): metadata msgtype not enabled, no ops here
E/mm-camera-CORE(  316): awb_bayer_set_led_gains AWB decision invalid. return
D/QCamera2HWI(  289): int32_t qcamera::QCamera2HardwareInterface::processFaceDetectionResult(cam_face_detection_data_t*): metadata msgtype not enabled, no ops here
D/QCamera2HWI(  289): int32_t qcamera::QCamera2HardwareInterface::processFaceDetectionResult(cam_face_detection_data_t*): metadata msgtype not enabled, no ops here
E/mm-camera-CORE(  316): awb_bayer_set_led_gains AWB decision invalid. return
D/QCamera2HWI(  289): int32_t qcamera::QCamera2HardwareInterface::processFaceDetectionResult(cam_face_detection_data_t*): metadata msgtype not enabled, no ops here
D/QCamera2HWI(  289): int32_t qcamera::QCamera2HardwareInterface::processFaceDetectionResult(cam_face_detection_data_t*): metadata msgtype not enabled, no ops here
E/mm-camera-CORE(  316): awb_bayer_set_led_gains AWB decision invalid. return
D/RYLOCATION( 1981): NO network available
D/QCamera2HWI(  289): int32_t qcamera::QCamera2HardwareInterface::processFaceDetectionResult(cam_face_detection_data_t*): metadata msgtype not enabled, no ops here
D/QCamera2HWI(  289): int32_t qcamera::QCamera2HardwareInterface::processFaceDetectionResult(cam_face_detection_data_t*): metadata msgtype not enabled, no ops here
E/mm-camera-CORE(  316): awb_bayer_set_led_gains AWB decision invalid. return
D/QCamera2HWI(  289): int32_t qcamera::QCamera2HardwareInterface::processFaceDetectionResult(cam_face_detection_data_t*): metadata msgtype not enabled, no ops here
D/QCamera2HWI(  289): int32_t qcamera::QCamera2HardwareInterface::processFaceDetectionResult(cam_face_detection_data_t*): metadata msgtype not enabled, no ops here
E/mm-camera-CORE(  316): awb_bayer_set_led_gains AWB decision invalid. return
D/QCamera2HWI(  289): int32_t qcamera::QCamera2HardwareInterface::processFaceDetectionResult(cam_face_detection_data_t*): metadata msgtype not enabled, no ops here
D/QCamera2HWI(  289): int32_t qcamera::QCamera2HardwareInterface::processFaceDetectionResult(cam_face_detection_data_t*): metadata msgtype not enabled, no ops here
E/mm-camera-CORE(  316): awb_bayer_set_led_gains AWB decision invalid. return
